Archive member included to satisfy reference by file (symbol)

/opt/st/stm32cubeide_1.16.1/plugins/com.st.stm32cube.ide.mcu.externaltools.gnu-tools-for-stm32.12.3.rel1.linux64_1.0.200.202406132123/tools/bin/../lib/gcc/arm-none-eabi/12.3.1/../../../../arm-none-eabi/lib/thumb/v7e-m+fp/hard/libc_nano.a(libc_a-exit.o)
                              /opt/st/stm32cubeide_1.16.1/plugins/com.st.stm32cube.ide.mcu.externaltools.gnu-tools-for-stm32.12.3.rel1.linux64_1.0.200.202406132123/tools/bin/../lib/gcc/arm-none-eabi/12.3.1/../../../../arm-none-eabi/lib/thumb/v7e-m+fp/hard/crt0.o (exit)
/opt/st/stm32cubeide_1.16.1/plugins/com.st.stm32cube.ide.mcu.externaltools.gnu-tools-for-stm32.12.3.rel1.linux64_1.0.200.202406132123/tools/bin/../lib/gcc/arm-none-eabi/12.3.1/../../../../arm-none-eabi/lib/thumb/v7e-m+fp/hard/libc_nano.a(libc_a-nano-vfprintf_float.o)
                              (_printf_float)
/opt/st/stm32cubeide_1.16.1/plugins/com.st.stm32cube.ide.mcu.externaltools.gnu-tools-for-stm32.12.3.rel1.linux64_1.0.200.202406132123/tools/bin/../lib/gcc/arm-none-eabi/12.3.1/../../../../arm-none-eabi/lib/thumb/v7e-m+fp/hard/libc_nano.a(libc_a-nano-vfprintf_i.o)
                              /opt/st/stm32cubeide_1.16.1/plugins/com.st.stm32cube.ide.mcu.externaltools.gnu-tools-for-stm32.12.3.rel1.linux64_1.0.200.202406132123/tools/bin/../lib/gcc/arm-none-eabi/12.3.1/../../../../arm-none-eabi/lib/thumb/v7e-m+fp/hard/libc_nano.a(libc_a-nano-vfprintf_float.o) (_printf_common)
/opt/st/stm32cubeide_1.16.1/plugins/com.st.stm32cube.ide.mcu.externaltools.gnu-tools-for-stm32.12.3.rel1.linux64_1.0.200.202406132123/tools/bin/../lib/gcc/arm-none-eabi/12.3.1/../../../../arm-none-eabi/lib/thumb/v7e-m+fp/hard/libc_nano.a(libc_a-findfp.o)
                              ./Middlewares/Third_Party/FreeRTOS/Source/tasks.o (__sf)
/opt/st/stm32cubeide_1.16.1/plugins/com.st.stm32cube.ide.mcu.externaltools.gnu-tools-for-stm32.12.3.rel1.linux64_1.0.200.202406132123/tools/bin/../lib/gcc/arm-none-eabi/12.3.1/../../../../arm-none-eabi/lib/thumb/v7e-m+fp/hard/libc_nano.a(libc_a-fwalk.o)
                              /opt/st/stm32cubeide_1.16.1/plugins/com.st.stm32cube.ide.mcu.externaltools.gnu-tools-for-stm32.12.3.rel1.linux64_1.0.200.202406132123/tools/bin/../lib/gcc/arm-none-eabi/12.3.1/../../../../arm-none-eabi/lib/thumb/v7e-m+fp/hard/libc_nano.a(libc_a-findfp.o) (_fwalk_sglue)
/opt/st/stm32cubeide_1.16.1/plugins/com.st.stm32cube.ide.mcu.externaltools.gnu-tools-for-stm32.12.3.rel1.linux64_1.0.200.202406132123/tools/bin/../lib/gcc/arm-none-eabi/12.3.1/../../../../arm-none-eabi/lib/thumb/v7e-m+fp/hard/libc_nano.a(libc_a-printf.o)
                              ./Bsp/ICM20948/icm20948.o (printf)
/opt/st/stm32cubeide_1.16.1/plugins/com.st.stm32cube.ide.mcu.externaltools.gnu-tools-for-stm32.12.3.rel1.linux64_1.0.200.202406132123/tools/bin/../lib/gcc/arm-none-eabi/12.3.1/../../../../arm-none-eabi/lib/thumb/v7e-m+fp/hard/libc_nano.a(libc_a-puts.o)
                              ./Bsp/ICM20948/icm20948.o (puts)
/opt/st/stm32cubeide_1.16.1/plugins/com.st.stm32cube.ide.mcu.externaltools.gnu-tools-for-stm32.12.3.rel1.linux64_1.0.200.202406132123/tools/bin/../lib/gcc/arm-none-eabi/12.3.1/../../../../arm-none-eabi/lib/thumb/v7e-m+fp/hard/libc_nano.a(libc_a-snprintf.o)
                              ./Core/Src/main.o (snprintf)
/opt/st/stm32cubeide_1.16.1/plugins/com.st.stm32cube.ide.mcu.externaltools.gnu-tools-for-stm32.12.3.rel1.linux64_1.0.200.202406132123/tools/bin/../lib/gcc/arm-none-eabi/12.3.1/../../../../arm-none-eabi/lib/thumb/v7e-m+fp/hard/libc_nano.a(libc_a-stdio.o)
                              /opt/st/stm32cubeide_1.16.1/plugins/com.st.stm32cube.ide.mcu.externaltools.gnu-tools-for-stm32.12.3.rel1.linux64_1.0.200.202406132123/tools/bin/../lib/gcc/arm-none-eabi/12.3.1/../../../../arm-none-eabi/lib/thumb/v7e-m+fp/hard/libc_nano.a(libc_a-findfp.o) (__sread)
/opt/st/stm32cubeide_1.16.1/plugins/com.st.stm32cube.ide.mcu.externaltools.gnu-tools-for-stm32.12.3.rel1.linux64_1.0.200.202406132123/tools/bin/../lib/gcc/arm-none-eabi/12.3.1/../../../../arm-none-eabi/lib/thumb/v7e-m+fp/hard/libc_nano.a(libc_a-wbuf.o)
                              /opt/st/stm32cubeide_1.16.1/plugins/com.st.stm32cube.ide.mcu.externaltools.gnu-tools-for-stm32.12.3.rel1.linux64_1.0.200.202406132123/tools/bin/../lib/gcc/arm-none-eabi/12.3.1/../../../../arm-none-eabi/lib/thumb/v7e-m+fp/hard/libc_nano.a(libc_a-puts.o) (__swbuf_r)
/opt/st/stm32cubeide_1.16.1/plugins/com.st.stm32cube.ide.mcu.externaltools.gnu-tools-for-stm32.12.3.rel1.linux64_1.0.200.202406132123/tools/bin/../lib/gcc/arm-none-eabi/12.3.1/../../../../arm-none-eabi/lib/thumb/v7e-m+fp/hard/libc_nano.a(libc_a-wsetup.o)
                              /opt/st/stm32cubeide_1.16.1/plugins/com.st.stm32cube.ide.mcu.externaltools.gnu-tools-for-stm32.12.3.rel1.linux64_1.0.200.202406132123/tools/bin/../lib/gcc/arm-none-eabi/12.3.1/../../../../arm-none-eabi/lib/thumb/v7e-m+fp/hard/libc_nano.a(libc_a-puts.o) (__swsetup_r)
[...]
Memory Configuration

Name             Origin             Length             Attributes
CCMRAM           0x10000000         0x00010000         xrw
RAM              0x20000000         0x00020000         xrw
FLASH            0x08000000         0x00100000         xr
*default*        0x00000000         0xffffffff

Linker script and memory map

LOAD /opt/st/stm32cubeide_1.16.1/plugins/com.st.stm32cube.ide.mcu.externaltools.gnu-tools-for-stm32.12.3.rel1.linux64_1.0.200.202406132123/tools/bin/../lib/gcc/arm-none-eabi/12.3.1/thumb/v7e-m+fp/hard/crti.o
LOAD /opt/st/stm32cubeide_1.16.1/plugins/com.st.stm32cube.ide.mcu.externaltools.gnu-tools-for-stm32.12.3.rel1.linux64_1.0.200.202406132123/tools/bin/../lib/gcc/arm-none-eabi/12.3.1/thumb/v7e-m+fp/hard/crtbegin.o
LOAD /opt/st/stm32cubeide_1.16.1/plugins/com.st.stm32cube.ide.mcu.externaltools.gnu-tools-for-stm32.12.3.rel1.linux64_1.0.200.202406132123/tools/bin/../lib/gcc/arm-none-eabi/12.3.1/../../../../arm-none-eabi/lib/thumb/v7e-m+fp/hard/crt0.o
LOAD ./Bsp/BMP280/bmp280.o
LOAD ./Bsp/ICM20948/icm20948.o
LOAD ./Bsp/IMU10DOF/Waveshare_10Dof-D.o
LOAD ./Bsp/MPU6050/mpu6050.o
LOAD ./Bsp/OLED/fonts.o
LOAD ./Bsp/OLED/ssd1306.o
LOAD ./Bsp/board.o
LOAD ./Core/Src/dma.o
LOAD ./Core/Src/freertos.o
LOAD ./Core/Src/gpio.o
LOAD ./Core/Src/i2c.o
LOAD ./Core/Src/main.o
LOAD ./Core/Src/rtc.o
LOAD ./Core/Src/stm32f4xx_hal_msp.o
LOAD ./Core/Src/stm32f4xx_hal_timebase_tim.o
LOAD ./Core/Src/stm32f4xx_it.o
LOAD ./Core/Src/syscalls.o
LOAD ./Core/Src/sysmem.o
LOAD ./Core/Src/system_stm32f4xx.o
LOAD ./Core/Src/usart.o
LOAD ./Core/Startup/startup_stm32f405rgtx.o
LOAD ./Drivers/STM32F4xx_HAL_Driver/Src/stm32f4xx_hal.o
LOAD ./Drivers/STM32F4xx_HAL_Driver/Src/stm32f4xx_hal_cortex.o
LOAD ./Drivers/STM32F4xx_HAL_Driver/Src/stm32f4xx_hal_dma.o
LOAD ./Drivers/STM32F4xx_HAL_Driver/Src/stm32f4xx_hal_dma_ex.o
LOAD ./Drivers/STM32F4xx_HAL_Driver/Src/stm32f4xx_hal_exti.o
LOAD ./Drivers/STM32F4xx_HAL_Driver/Src/stm32f4xx_hal_flash.o
LOAD ./Drivers/STM32F4xx_HAL_Driver/Src/stm32f4xx_hal_flash_ex.o
LOAD ./Drivers/STM32F4xx_HAL_Driver/Src/stm32f4xx_hal_flash_ramfunc.o
LOAD ./Drivers/STM32F4xx_HAL_Driver/Src/stm32f4xx_hal_gpio.o
LOAD ./Drivers/STM32F4xx_HAL_Driver/Src/stm32f4xx_hal_i2c.o
LOAD ./Drivers/STM32F4xx_HAL_Driver/Src/stm32f4xx_hal_i2c_ex.o
LOAD ./Drivers/STM32F4xx_HAL_Driver/Src/stm32f4xx_hal_pwr.o
LOAD ./Drivers/STM32F4xx_HAL_Driver/Src/stm32f4xx_hal_pwr_ex.o
LOAD ./Drivers/STM32F4xx_HAL_Driver/Src/stm32f4xx_hal_rcc.o
LOAD ./Drivers/STM32F4xx_HAL_Driver/Src/stm32f4xx_hal_rcc_ex.o
LOAD ./Drivers/STM32F4xx_HAL_Driver/Src/stm32f4xx_hal_rtc.o
LOAD ./Drivers/STM32F4xx_HAL_Driver/Src/stm32f4xx_hal_rtc_ex.o
LOAD ./Drivers/STM32F4xx_HAL_Driver/Src/stm32f4xx_hal_tim.o
LOAD ./Drivers/STM32F4xx_HAL_Driver/Src/stm32f4xx_hal_tim_ex.o
LOAD ./Drivers/STM32F4xx_HAL_Driver/Src/stm32f4xx_hal_uart.o
LOAD ./Middlewares/Third_Party/FreeRTOS/Source/CMSIS_RTOS_V2/cmsis_os2.o
LOAD ./Middlewares/Third_Party/FreeRTOS/Source/croutine.o
LOAD ./Middlewares/Third_Party/FreeRTOS/Source/event_groups.o
LOAD ./Middlewares/Third_Party/FreeRTOS/Source/list.o
LOAD ./Middlewares/Third_Party/FreeRTOS/Source/queue.o
LOAD ./Middlewares/Third_Party/FreeRTOS/Source/stream_buffer.o
LOAD ./Middlewares/Third_Party/FreeRTOS/Source/tasks.o
LOAD ./Middlewares/Third_Party/FreeRTOS/Source/timers.o
LOAD ./Middlewares/Third_Party/FreeRTOS/Source/portable/GCC/ARM_CM4F/port.o
LOAD ./Middlewares/Third_Party/FreeRTOS/Source/portable/MemMang/heap_4.o
START GROUP
LOAD /opt/st/stm32cubeide_1.16.1/plugins/com.st.stm32cube.ide.mcu.externaltools.gnu-tools-for-stm32.12.3.rel1.linux64_1.0.200.202406132123/tools/bin/../lib/gcc/arm-none-eabi/12.3.1/../../../../arm-none-eabi/lib/thumb/v7e-m+fp/hard/libc_nano.a
LOAD /opt/st/stm32cubeide_1.16.1/plugins/com.st.stm32cube.ide.mcu.externaltools.gnu-tools-for-stm32.12.3.rel1.linux64_1.0.200.202406132123/tools/bin/../lib/gcc/arm-none-eabi/12.3.1/../../../../arm-none-eabi/lib/thumb/v7e-m+fp/hard/libm.a
END GROUP
START GROUP
LOAD /opt/st/stm32cubeide_1.16.1/plugins/com.st.stm32cube.ide.mcu.externaltools.gnu-tools-for-stm32.12.3.rel1.linux64_1.0.200.202406132123/tools/bin/../lib/gcc/arm-none-eabi/12.3.1/thumb/v7e-m+fp/hard/libgcc.a
LOAD /opt/st/stm32cubeide_1.16.1/plugins/com.st.stm32cube.ide.mcu.externaltools.gnu-tools-for-stm32.12.3.rel1.linux64_1.0.200.202406132123/tools/bin/../lib/gcc/arm-none-eabi/12.3.1/../../../../arm-none-eabi/lib/thumb/v7e-m+fp/hard/libc_nano.a
END GROUP
START GROUP
LOAD /opt/st/stm32cubeide_1.16.1/plugins/com.st.stm32cube.ide.mcu.externaltools.gnu-tools-for-stm32.12.3.rel1.linux64_1.0.200.202406132123/tools/bin/../lib/gcc/arm-none-eabi/12.3.1/thumb/v7e-m+fp/hard/libgcc.a
LOAD /opt/st/stm32cubeide_1.16.1/plugins/com.st.stm32cube.ide.mcu.externaltools.gnu-tools-for-stm32.12.3.rel1.linux64_1.0.200.202406132123/tools/bin/../lib/gcc/arm-none-eabi/12.3.1/../../../../arm-none-eabi/lib/thumb/v7e-m+fp/hard/libc_nano.a
LOAD /opt/st/stm32cubeide_1.16.1/plugins/com.st.stm32cube.ide.mcu.externaltools.gnu-tools-for-stm32.12.3.rel1.linux64_1.0.200.202406132123/tools/bin/../lib/gcc/arm-none-eabi/12.3.1/../../../../arm-none-eabi/lib/thumb/v7e-m+fp/hard/libnosys.a
END GROUP
START GROUP
LOAD /opt/st/stm32cubeide_1.16.1/plugins/com.st.stm32cube.ide.mcu.externaltools.gnu-tools-for-stm32.12.3.rel1.linux64_1.0.200.202406132123/tools/bin/../lib/gcc/arm-none-eabi/12.3.1/thumb/v7e-m+fp/hard/libgcc.a
LOAD /opt/st/stm32cubeide_1.16.1/plugins/com.st.stm32cube.ide.mcu.externaltools.gnu-tools-for-stm32.12.3.rel1.linux64_1.0.200.202406132123/tools/bin/../lib/gcc/arm-none-eabi/12.3.1/../../../../arm-none-eabi/lib/thumb/v7e-m+fp/hard/libc_nano.a
LOAD /opt/st/stm32cubeide_1.16.1/plugins/com.st.stm32cube.ide.mcu.externaltools.gnu-tools-for-stm32.12.3.rel1.linux64_1.0.200.202406132123/tools/bin/../lib/gcc/arm-none-eabi/12.3.1/../../../../arm-none-eabi/lib/thumb/v7e-m+fp/hard/libnosys.a
END GROUP
LOAD /opt/st/stm32cubeide_1.16.1/plugins/com.st.stm32cube.ide.mcu.externaltools.gnu-tools-for-stm32.12.3.rel1.linux64_1.0.200.202406132123/tools/bin/../lib/gcc/arm-none-eabi/12.3.1/thumb/v7e-m+fp/hard/crtend.o
LOAD /opt/st/stm32cubeide_1.16.1/plugins/com.st.stm32cube.ide.mcu.externaltools.gnu-tools-for-stm32.12.3.rel1.linux64_1.0.200.202406132123/tools/bin/../lib/gcc/arm-none-eabi/12.3.1/thumb/v7e-m+fp/hard/crtn.o
                0x20020000                        _estack = (ORIGIN (RAM) + LENGTH (RAM))
                0x00000200                        _Min_Heap_Size = 0x200
                0x00000400                        _Min_Stack_Size = 0x400

.isr_vector     0x08000000      0x188
                0x08000000                        . = ALIGN (0x4)
 *(.isr_vector)
 .isr_vector    0x08000000      0x188 ./Core/Startup/startup_stm32f405rgtx.o
                0x08000000                g_pfnVectors
                0x08000188                        . = ALIGN (0x4)

.text           0x08000190     0xffcc
                0x08000190                        . = ALIGN (0x4)
 *(.text)
 .text          0x08000190       0x40 /opt/st/stm32cubeide_1.16.1/plugins/com.st.stm32cube.ide.mcu.externaltools.gnu-tools-for-stm32.12.3.rel1.linux64_1.0.200.202406132123/tools/bin/../lib/gcc/arm-none-eabi/12.3.1/thumb/v7e-m+fp/hard/crtbegin.o
 .text          0x080001d0       0xa0 /opt/st/stm32cubeide_1.16.1/plugins/com.st.stm32cube.ide.mcu.externaltools.gnu-tools-for-stm32.12.3.rel1.linux64_1.0.200.202406132123/tools/bin/../lib/gcc/arm-none-eabi/12.3.1/../../../../arm-none-eabi/lib/thumb/v7e-m+fp/hard/libc_nano.a(libc_a-memchr.o)
                0x080001d0                memchr
 .text          0x08000270       0x10 /opt/st/stm32cubeide_1.16.1/plugins/com.st.stm32cube.ide.mcu.externaltools.gnu-tools-for-stm32.12.3.rel1.linux64_1.0.200.202406132123/tools/bin/../lib/gcc/arm-none-eabi/12.3.1/../../../../arm-none-eabi/lib/thumb/v7e-m+fp/hard/libc_nano.a(libc_a-strlen.o)
                0x08000270                strlen
 .text          0x08000280      0x378 /opt/st/stm32cubeide_1.16.1/plugins/com.st.stm32cube.ide.mcu.externaltools.gnu-tools-for-stm32.12.3.rel1.linux64_1.0.200.202406132123/tools/bin/../lib/gcc/arm-none-eabi/12.3.1/thumb/v7e-m+fp/hard/libgcc.a(_arm_addsubdf3.o)
                0x08000280                __aeabi_drsub
                0x08000288                __aeabi_dsub
                0x08000288                __subdf3
                0x0800028c                __adddf3
                0x0800028c                __aeabi_dadd
                0x08000504                __aeabi_ui2d
                0x08000504                __floatunsidf
                0x08000524                __floatsidf
                0x08000524                __aeabi_i2d
                0x08000548                __extendsfdf2
                0x08000548                __aeabi_f2d
                0x0800058c                __aeabi_ul2d
                0x0800058c                __floatundidf
                0x0800059c                __floatdidf
                0x0800059c                __aeabi_l2d
 .text          0x080005f8      0x424 /opt/st/stm32cubeide_1.16.1/plugins/com.st.stm32cube.ide.mcu.externaltools.gnu-tools-for-stm32.12.3.rel1.linux64_1.0.200.202406132123/tools/bin/../lib/gcc/arm-none-eabi/12.3.1/thumb/v7e-m+fp/hard/libgcc.a(_arm_muldivdf3.o)
                0x080005f8                __aeabi_dmul
                0x080005f8                __muldf3
                0x0800084c                __aeabi_ddiv
                0x0800084c                __divdf3
 .text          0x08000a1c      0x110 /opt/st/stm32cubeide_1.16.1/plugins/com.st.stm32cube.ide.mcu.externaltools.gnu-tools-for-stm32.12.3.rel1.linux64_1.0.200.202406132123/tools/bin/../lib/gcc/arm-none-eabi/12.3.1/thumb/v7e-m+fp/hard/libgcc.a(_arm_cmpdf2.o)
                0x08000a1c                __gtdf2
                0x08000a1c                __gedf2
                0x08000a24                __ltdf2
                0x08000a24                __ledf2
                0x08000a2c                __cmpdf2
                0x08000a2c                __eqdf2
                0x08000a2c                __nedf2
                0x08000aa8                __aeabi_cdrcmple
                0x08000ab8                __aeabi_cdcmple
                0x08000ab8                __aeabi_cdcmpeq
                0x08000ac8                __aeabi_dcmpeq
                0x08000adc                __aeabi_dcmplt
                0x08000af0                __aeabi_dcmple
                0x08000b04                __aeabi_dcmpge
                0x08000b18                __aeabi_dcmpgt
 .text          0x08000b2c       0x2c /opt/st/stm32cubeide_1.16.1/plugins/com.st.stm32cube.ide.mcu.externaltools.gnu-tools-for-stm32.12.3.rel1.linux64_1.0.200.202406132123/tools/bin/../lib/gcc/arm-none-eabi/12.3.1/thumb/v7e-m+fp/hard/libgcc.a(_arm_unorddf2.o)
                0x08000b2c                __aeabi_dcmpun
                0x08000b2c                __unorddf2
 .text          0x08000b58       0x50 /opt/st/stm32cubeide_1.16.1/plugins/com.st.stm32cube.ide.mcu.externaltools.gnu-tools-for-stm32.12.3.rel1.linux64_1.0.200.202406132123/tools/bin/../lib/gcc/arm-none-eabi/12.3.1/thumb/v7e-m+fp/hard/libgcc.a(_arm_fixdfsi.o)
                0x08000b58                __fixdfsi
                0x08000b58                __aeabi_d2iz
 .text          0x08000ba8       0xa0 /opt/st/stm32cubeide_1.16.1/plugins/com.st.stm32cube.ide.mcu.externaltools.gnu-tools-for-stm32.12.3.rel1.linux64_1.0.200.202406132123/tools/bin/../lib/gcc/arm-none-eabi/12.3.1/thumb/v7e-m+fp/hard/libgcc.a(_aeabi_ldivmod.o)
                0x08000ba8                __aeabi_ldivmod
 .text          0x08000c48       0x30 /opt/st/stm32cubeide_1.16.1/plugins/com.st.stm32cube.ide.mcu.externaltools.gnu-tools-for-stm32.12.3.rel1.linux64_1.0.200.202406132123/tools/bin/../lib/gcc/arm-none-eabi/12.3.1/thumb/v7e-m+fp/hard/libgcc.a(_aeabi_uldivmod.o)
                0x08000c48                __aeabi_uldivmod
 .text          0x08000c78      0x2bc /opt/st/stm32cubeide_1.16.1/plugins/com.st.stm32cube.ide.mcu.externaltools.gnu-tools-for-stm32.12.3.rel1.linux64_1.0.200.202406132123/tools/bin/../lib/gcc/arm-none-eabi/12.3.1/thumb/v7e-m+fp/hard/libgcc.a(_udivmoddi4.o)
                0x08000c78                __udivmoddi4
 .text          0x08000f34        0x4 /opt/st/stm32cubeide_1.16.1/plugins/com.st.stm32cube.ide.mcu.externaltools.gnu-tools-for-stm32.12.3.rel1.linux64_1.0.200.202406132123/tools/bin/../lib/gcc/arm-none-eabi/12.3.1/thumb/v7e-m+fp/hard/libgcc.a(_dvmd_tls.o)
                0x08000f34                __aeabi_ldiv0
                0x08000f34                __aeabi_idiv0
 *(.text*)
 .text.BMP280_ReadRegister
                0x08000f38       0x3c ./Bsp/BMP280/bmp280.o
 .text.BMP280_WriteRegister
                0x08000f74       0x3c ./Bsp/BMP280/bmp280.o
 .text.BMP280_Init
                0x08000fb0      0x17e ./Bsp/BMP280/bmp280.o
                0x08000fb0                BMP280_Init
 .text.BMP280_CompensateTemperature
                0x0800112e       0x70 ./Bsp/BMP280/bmp280.o
 .text.BMP280_CompensatePressure
                0x0800119e      0x57a ./Bsp/BMP280/bmp280.o
 .text.BMP280_Process_data
                0x08001718       0x94 ./Bsp/BMP280/bmp280.o
                0x08001718                BMP280_Process_data
 .text.BMP280_Read_DMA
                0x080017ac       0x2c ./Bsp/BMP280/bmp280.o
                0x080017ac                BMP280_Read_DMA
 .text.ICM20948_WriteRegister
                0x080017d8       0x36 ./Bsp/ICM20948/icm20948.o
                0x080017d8                ICM20948_WriteRegister
 .text.ICM20948_ReadRegister
                0x0800180e       0x34 ./Bsp/ICM20948/icm20948.o
                0x0800180e                ICM20948_ReadRegister
 .text.ICM20948_SwitchBank
                0x08001842       0x22 ./Bsp/ICM20948/icm20948.o
                0x08001842                ICM20948_SwitchBank
 .text.ICM20948_Init
                0x08001864      0x118 ./Bsp/ICM20948/icm20948.o
                0x08001864                ICM20948_Init
 .text.ICM20948_ReadDMA
                0x0800197c       0x28 ./Bsp/ICM20948/icm20948.o
                0x0800197c                ICM20948_ReadDMA
 .text.ICM20948_Process_Gyro_data
                0x080019a4      0x128 ./Bsp/ICM20948/icm20948.o
                0x080019a4                ICM20948_Process_Gyro_data
 .text.Magnetometer_Init
                0x08001acc       0x8c ./Bsp/ICM20948/icm20948.o
                0x08001acc                Magnetometer_Init
 .text.Magnetometer_ReadDMA
                0x08001b58       0x2c ./Bsp/ICM20948/icm20948.o
                0x08001b58                Magnetometer_ReadDMA
 .text.ICM20948_Process_Mage_data
                0x08001b84       0xac ./Bsp/ICM20948/icm20948.o
                0x08001b84                ICM20948_Process_Mage_data
 .text.I2C_ReadOneByte
                0x08001c30       0x44 ./Bsp/IMU10DOF/Waveshare_10Dof-D.o
                0x08001c30                I2C_ReadOneByte
 .text.icm20948GyroRead
                0x08001c74      0x178 ./Bsp/IMU10DOF/Waveshare_10Dof-D.o
                0x08001c74                icm20948GyroRead
 .text.icm20948CalAvgValue
                0x08001dec       0x78 ./Bsp/IMU10DOF/Waveshare_10Dof-D.o
                0x08001dec                icm20948CalAvgValue
 .text.MPU6050_Init
                0x08001e64       0xbc ./Bsp/MPU6050/mpu6050.o
                0x08001e64                MPU6050_Init
 .text.MPU6050_Read_DMA
                0x08001f20       0x32 ./Bsp/MPU6050/mpu6050.o
                0x08001f20                MPU6050_Read_DMA
 *fill*         0x08001f52        0x6 
 .text.MPU6050_Process_Data
                0x08001f58      0x3ec ./Bsp/MPU6050/mpu6050.o
                0x08001f58                MPU6050_Process_Data
 .text.Kalman_getAngle
                0x08002344      0x2b6 ./Bsp/MPU6050/mpu6050.o
                0x08002344                Kalman_getAngle
 .text.width    0x080025fa       0x10 ./Bsp/OLED/ssd1306.o
 .text.height   0x0800260a       0x10 ./Bsp/OLED/ssd1306.o
 .text.ssd1306_GetWidth
                0x0800261a       0x10 ./Bsp/OLED/ssd1306.o
                0x0800261a                ssd1306_GetWidth
 .text.ssd1306_GetHeight
                0x0800262a       0x10 ./Bsp/OLED/ssd1306.o
                0x0800262a                ssd1306_GetHeight
 *fill*         0x0800263a        0x2 
 .text.ssd1306_Init
                0x0800263c      0x138 ./Bsp/OLED/ssd1306.o
                0x0800263c                ssd1306_Init
 .text.ssd1306_DrawPixel
                0x08002774       0xec ./Bsp/OLED/ssd1306.o
                0x08002774                ssd1306_DrawPixel
 .text.ssd1306_WriteChar
                0x08002860      0x120 ./Bsp/OLED/ssd1306.o
                0x08002860                ssd1306_WriteChar
 .text.ssd1306_WriteString
                0x08002980       0x4a ./Bsp/OLED/ssd1306.o
                0x08002980                ssd1306_WriteString
 *fill*         0x080029ca        0x2 
 .text.ssd1306_SetCursor
                0x080029cc       0x30 ./Bsp/OLED/ssd1306.o
                0x080029cc                ssd1306_SetCursor
 .text.ssd1306_Clear
                0x080029fc       0x18 ./Bsp/OLED/ssd1306.o
                0x080029fc                ssd1306_Clear
 .text.ssd1306_WriteCommand
                0x08002a14       0x30 ./Bsp/OLED/ssd1306.o
                0x08002a14                ssd1306_WriteCommand
 .text.ssd1306_WriteData
                0x08002a44       0x30 ./Bsp/OLED/ssd1306.o
                0x08002a44                ssd1306_WriteData
 .text.ssd1306_UpdateScreen
                0x08002a74       0x54 ./Bsp/OLED/ssd1306.o
                0x08002a74                ssd1306_UpdateScreen
 .text.board_button_init
                0x08002ac8       0x58 ./Bsp/board.o
                0x08002ac8                board_button_init
 .text.board_button_pressed
                0x08002b20       0x24 ./Bsp/board.o
                0x08002b20                board_button_pressed
 .text.board_led_init
                0x08002b44       0x64 ./Bsp/board.o
                0x08002b44                board_led_init
 .text.board_led_toggle
                0x08002ba8       0x14 ./Bsp/board.o
                0x08002ba8                board_led_toggle
 .text.board_led_set
                0x08002bbc       0x34 ./Bsp/board.o
                0x08002bbc                board_led_set
 .text.MX_DMA_Init
                0x08002bf0       0x40 ./Core/Src/dma.o
                0x08002bf0                MX_DMA_Init
 .text.MX_FREERTOS_Init
                0x08002c30      0x104 ./Core/Src/freertos.o
                0x08002c30                MX_FREERTOS_Init
 .text.StartButtonTask
                0x08002d34       0x38 ./Core/Src/freertos.o
                0x08002d34                StartButtonTask
 .text.StartLcdTask
                0x08002d6c       0x48 ./Core/Src/freertos.o
                0x08002d6c                StartLcdTask
 .text.StartTaskMpu6050
                0x08002db4       0x48 ./Core/Src/freertos.o
                0x08002db4                StartTaskMpu6050
 .text.StartTaskIcm20948
                0x08002dfc       0x68 ./Core/Src/freertos.o
                0x08002dfc                StartTaskIcm20948
 .text.StartTaskKalmanFilter
                0x08002e64       0x10 ./Core/Src/freertos.o
                0x08002e64                StartTaskKalmanFilter
 .text.StartTaskBmp280
                0x08002e74       0x44 ./Core/Src/freertos.o
                0x08002e74                StartTaskBmp280
 .text.MX_GPIO_Init
                0x08002eb8       0x88 ./Core/Src/gpio.o
                0x08002eb8                MX_GPIO_Init
 .text.MX_I2C1_Init
                0x08002f40       0x5c ./Core/Src/i2c.o
                0x08002f40                MX_I2C1_Init
 .text.HAL_I2C_MspInit
                0x08002f9c      0x118 ./Core/Src/i2c.o
                0x08002f9c                HAL_I2C_MspInit
 .text.__io_putchar
                0x080030b4       0x24 ./Core/Src/main.o
                0x080030b4                __io_putchar
 .text.main     0x080030d8       0x98 ./Core/Src/main.o
                0x080030d8                main
 .text.SystemClock_Config
                0x08003170       0xd8 ./Core/Src/main.o
                0x08003170                SystemClock_Config
 .text.I2C_Scan
                0x08003248       0x9c ./Core/Src/main.o
                0x08003248                I2C_Scan
 .text.Display_Accel_Data
                0x080032e4       0xe0 ./Core/Src/main.o
                0x080032e4                Display_Accel_Data
 .text.HAL_I2C_MemRxCpltCallback
                0x080033c4       0x50 ./Core/Src/main.o
                0x080033c4                HAL_I2C_MemRxCpltCallback
 .text.HAL_I2C_ErrorCallback
                0x08003414       0x80 ./Core/Src/main.o
                0x08003414                HAL_I2C_ErrorCallback
 .text.HAL_TIM_PeriodElapsedCallback
                0x08003494       0x24 ./Core/Src/main.o
                0x08003494                HAL_TIM_PeriodElapsedCallback
 .text.Error_Handler
                0x080034b8        0xc ./Core/Src/main.o
                0x080034b8                Error_Handler
 .text.MX_RTC_Init
                0x080034c4       0xb4 ./Core/Src/rtc.o
                0x080034c4                MX_RTC_Init
 .text.HAL_RTC_MspInit
                0x08003578       0x54 ./Core/Src/rtc.o
                0x08003578                HAL_RTC_MspInit
 .text.HAL_MspInit
                0x080035cc       0x58 ./Core/Src/stm32f4xx_hal_msp.o
                0x080035cc                HAL_MspInit
 .text.HAL_InitTick
                0x08003624       0xe8 ./Core/Src/stm32f4xx_hal_timebase_tim.o
                0x08003624                HAL_InitTick
 .text.NMI_Handler
                0x0800370c        0x8 ./Core/Src/stm32f4xx_it.o
                0x0800370c                NMI_Handler
 .text.HardFault_Handler
                0x08003714        0x8 ./Core/Src/stm32f4xx_it.o
                0x08003714                HardFault_Handler
 .text.MemManage_Handler
                0x0800371c        0x8 ./Core/Src/stm32f4xx_it.o
                0x0800371c                MemManage_Handler
 .text.BusFault_Handler
                0x08003724        0x8 ./Core/Src/stm32f4xx_it.o
                0x08003724                BusFault_Handler
 .text.UsageFault_Handler
                0x0800372c        0x8 ./Core/Src/stm32f4xx_it.o
                0x0800372c                UsageFault_Handler
 .text.DebugMon_Handler
                0x08003734        0xe ./Core/Src/stm32f4xx_it.o
                0x08003734                DebugMon_Handler
 *fill*         0x08003742        0x2 
 .text.DMA1_Stream0_IRQHandler
                0x08003744       0x14 ./Core/Src/stm32f4xx_it.o
                0x08003744                DMA1_Stream0_IRQHandler
 .text.TIM1_UP_TIM10_IRQHandler
                0x08003758       0x14 ./Core/Src/stm32f4xx_it.o
                0x08003758                TIM1_UP_TIM10_IRQHandler
 .text.I2C1_EV_IRQHandler
                0x0800376c       0x14 ./Core/Src/stm32f4xx_it.o
                0x0800376c                I2C1_EV_IRQHandler
 .text.I2C1_ER_IRQHandler
                0x08003780       0x14 ./Core/Src/stm32f4xx_it.o
                0x08003780                I2C1_ER_IRQHandler
 .text._getpid  0x08003794       0x10 ./Core/Src/syscalls.o
                0x08003794                _getpid
 .text._kill    0x080037a4       0x20 ./Core/Src/syscalls.o
                0x080037a4                _kill
 .text._exit    0x080037c4       0x16 ./Core/Src/syscalls.o
                0x080037c4                _exit
 .text._read    0x080037da       0x3a ./Core/Src/syscalls.o
                0x080037da                _read
 .text._write   0x08003814       0x38 ./Core/Src/syscalls.o
                0x08003814                _write
 .text._close   0x0800384c       0x18 ./Core/Src/syscalls.o
                0x0800384c                _close
 .text._fstat   0x08003864       0x20 ./Core/Src/syscalls.o
                0x08003864                _fstat
 .text._isatty  0x08003884       0x16 ./Core/Src/syscalls.o
                0x08003884                _isatty
 .text._lseek   0x0800389a       0x1a ./Core/Src/syscalls.o
                0x0800389a                _lseek
 .text._sbrk    0x080038b4       0x6c ./Core/Src/sysmem.o
                0x080038b4                _sbrk
 .text.SystemInit
                0x08003920       0x24 ./Core/Src/system_stm32f4xx.o
                0x08003920                SystemInit
 .text.MX_USART1_UART_Init
                0x08003944       0x54 ./Core/Src/usart.o
                0x08003944                MX_USART1_UART_Init
 .text.HAL_UART_MspInit
                0x08003998       0x90 ./Core/Src/usart.o
                0x08003998                HAL_UART_MspInit
 .text.Reset_Handler
                0x08003a28       0x50 ./Core/Startup/startup_stm32f405rgtx.o
                0x08003a28                Reset_Handler
 .text.Default_Handler
                0x08003a78        0x2 ./Core/Startup/startup_stm32f405rgtx.o
                0x08003a78                RTC_Alarm_IRQHandler
                0x08003a78                HASH_RNG_IRQHandler
                0x08003a78                EXTI2_IRQHandler
                0x08003a78                TIM8_CC_IRQHandler
                0x08003a78                TIM1_CC_IRQHandler
                0x08003a78                DMA2_Stream5_IRQHandler
                0x08003a78                DMA1_Stream5_IRQHandler
                0x08003a78                PVD_IRQHandler
                0x08003a78                SDIO_IRQHandler
                0x08003a78                TAMP_STAMP_IRQHandler
                0x08003a78                CAN2_RX1_IRQHandler
                0x08003a78                EXTI3_IRQHandler
                0x08003a78                TIM8_TRG_COM_TIM14_IRQHandler
                0x08003a78                TIM8_UP_TIM13_IRQHandler
                0x08003a78                I2C3_ER_IRQHandler
                0x08003a78                EXTI0_IRQHandler
                0x08003a78                I2C2_EV_IRQHandler
                0x08003a78                DMA1_Stream2_IRQHandler
                0x08003a78                CAN1_RX0_IRQHandler
                0x08003a78                FPU_IRQHandler
                0x08003a78                OTG_HS_WKUP_IRQHandler
                0x08003a78                CAN2_SCE_IRQHandler
                0x08003a78                DMA2_Stream2_IRQHandler
                0x08003a78                SPI1_IRQHandler
                0x08003a78                TIM6_DAC_IRQHandler
                0x08003a78                TIM1_BRK_TIM9_IRQHandler
                0x08003a78                CAN2_RX0_IRQHandler
                0x08003a78                DMA2_Stream3_IRQHandler
                0x08003a78                USART6_IRQHandler
                0x08003a78                USART3_IRQHandler
                0x08003a78                CAN1_RX1_IRQHandler
                0x08003a78                UART5_IRQHandler
                0x08003a78                DMA2_Stream0_IRQHandler
                0x08003a78                TIM4_IRQHandler
                0x08003a78                DMA1_Stream6_IRQHandler
                0x08003a78                DMA1_Stream1_IRQHandler
                0x08003a78                UART4_IRQHandler
                0x08003a78                TIM3_IRQHandler
                0x08003a78                RCC_IRQHandler
                0x08003a78                TIM8_BRK_TIM12_IRQHandler
                0x08003a78                Default_Handler
                0x08003a78                EXTI15_10_IRQHandler
                0x08003a78                ADC_IRQHandler
                0x08003a78                DMA1_Stream7_IRQHandler
                0x08003a78                TIM7_IRQHandler
                0x08003a78                CAN2_TX_IRQHandler
                0x08003a78                TIM5_IRQHandler
                0x08003a78                DMA2_Stream7_IRQHandler
                0x08003a78                I2C3_EV_IRQHandler
                0x08003a78                EXTI9_5_IRQHandler
                0x08003a78                RTC_WKUP_IRQHandler
                0x08003a78                SPI2_IRQHandler
                0x08003a78                OTG_HS_EP1_IN_IRQHandler
                0x08003a78                CAN1_TX_IRQHandler
                0x08003a78                EXTI4_IRQHandler
                0x08003a78                FSMC_IRQHandler
                0x08003a78                OTG_HS_EP1_OUT_IRQHandler
                0x08003a78                WWDG_IRQHandler
                0x08003a78                TIM2_IRQHandler
                0x08003a78                OTG_FS_WKUP_IRQHandler
                0x08003a78                TIM1_TRG_COM_TIM11_IRQHandler
                0x08003a78                OTG_HS_IRQHandler
                0x08003a78                EXTI1_IRQHandler
                0x08003a78                USART2_IRQHandler
                0x08003a78                I2C2_ER_IRQHandler
                0x08003a78                DMA2_Stream1_IRQHandler
                0x08003a78                CAN1_SCE_IRQHandler
                0x08003a78                FLASH_IRQHandler
                0x08003a78                DMA2_Stream4_IRQHandler
                0x08003a78                USART1_IRQHandler
                0x08003a78                OTG_FS_IRQHandler
                0x08003a78                SPI3_IRQHandler
                0x08003a78                DMA1_Stream4_IRQHandler
                0x08003a78                DMA2_Stream6_IRQHandler
                0x08003a78                DMA1_Stream3_IRQHandler
 *fill*         0x08003a7a        0x2 
 .text.HAL_Init
                0x08003a7c       0x44 ./Drivers/STM32F4xx_HAL_Driver/Src/stm32f4xx_hal.o
                0x08003a7c                HAL_Init
 .text.HAL_IncTick
                0x08003ac0       0x28 ./Drivers/STM32F4xx_HAL_Driver/Src/stm32f4xx_hal.o
                0x08003ac0                HAL_IncTick
 .text.HAL_GetTick
                0x08003ae8       0x18 ./Drivers/STM32F4xx_HAL_Driver/Src/stm32f4xx_hal.o
                0x08003ae8                HAL_GetTick
 .text.HAL_Delay
                0x08003b00       0x48 ./Drivers/STM32F4xx_HAL_Driver/Src/stm32f4xx_hal.o
                0x08003b00                HAL_Delay
 .text.__NVIC_SetPriorityGrouping
                0x08003b48       0x48 ./Drivers/STM32F4xx_HAL_Driver/Src/stm32f4xx_hal_cortex.o
 .text.__NVIC_GetPriorityGrouping
                0x08003b90       0x1c ./Drivers/STM32F4xx_HAL_Driver/Src/stm32f4xx_hal_cortex.o
 .text.__NVIC_EnableIRQ
                0x08003bac       0x3c ./Drivers/STM32F4xx_HAL_Driver/Src/stm32f4xx_hal_cortex.o
 .text.__NVIC_SetPriority
                0x08003be8       0x54 ./Drivers/STM32F4xx_HAL_Driver/Src/stm32f4xx_hal_cortex.o
 .text.NVIC_EncodePriority
                0x08003c3c       0x66 ./Drivers/STM32F4xx_HAL_Driver/Src/stm32f4xx_hal_cortex.o
 .text.HAL_NVIC_SetPriorityGrouping
                0x08003ca2       0x16 ./Drivers/STM32F4xx_HAL_Driver/Src/stm32f4xx_hal_cortex.o
                0x08003ca2                HAL_NVIC_SetPriorityGrouping
 .text.HAL_NVIC_SetPriority
                0x08003cb8       0x38 ./Drivers/STM32F4xx_HAL_Driver/Src/stm32f4xx_hal_cortex.o
                0x08003cb8                HAL_NVIC_SetPriority
 .text.HAL_NVIC_EnableIRQ
                0x08003cf0       0x1c ./Drivers/STM32F4xx_HAL_Driver/Src/stm32f4xx_hal_cortex.o
                0x08003cf0                HAL_NVIC_EnableIRQ
 .text.HAL_DMA_Init
                0x08003d0c      0x15c ./Drivers/STM32F4xx_HAL_Driver/Src/stm32f4xx_hal_dma.o
                0x08003d0c                HAL_DMA_Init
 .text.HAL_DMA_Start_IT
                0x08003e68       0xb0 ./Drivers/STM32F4xx_HAL_Driver/Src/stm32f4xx_hal_dma.o
                0x08003e68                HAL_DMA_Start_IT
 .text.HAL_DMA_Abort_IT
                0x08003f18       0x44 ./Drivers/STM32F4xx_HAL_Driver/Src/stm32f4xx_hal_dma.o
                0x08003f18                HAL_DMA_Abort_IT
 .text.HAL_DMA_IRQHandler
                0x08003f5c      0x314 ./Drivers/STM32F4xx_HAL_Driver/Src/stm32f4xx_hal_dma.o
                0x08003f5c                HAL_DMA_IRQHandler
 .text.HAL_DMA_GetState
                0x08004270       0x1c ./Drivers/STM32F4xx_HAL_Driver/Src/stm32f4xx_hal_dma.o
                0x08004270                HAL_DMA_GetState
 .text.HAL_DMA_GetError
                0x0800428c       0x18 ./Drivers/STM32F4xx_HAL_Driver/Src/stm32f4xx_hal_dma.o
                0x0800428c                HAL_DMA_GetError
 .text.DMA_SetConfig
                0x080042a4       0x5c ./Drivers/STM32F4xx_HAL_Driver/Src/stm32f4xx_hal_dma.o
 .text.DMA_CalcBaseAndBitshift
                0x08004300       0x6c ./Drivers/STM32F4xx_HAL_Driver/Src/stm32f4xx_hal_dma.o
 .text.DMA_CheckFifoParam
                0x0800436c       0xf8 ./Drivers/STM32F4xx_HAL_Driver/Src/stm32f4xx_hal_dma.o
 .text.HAL_GPIO_Init
                0x08004464      0x338 ./Drivers/STM32F4xx_HAL_Driver/Src/stm32f4xx_hal_gpio.o
                0x08004464                HAL_GPIO_Init
 .text.HAL_GPIO_ReadPin
                0x0800479c       0x30 ./Drivers/STM32F4xx_HAL_Driver/Src/stm32f4xx_hal_gpio.o
                0x0800479c                HAL_GPIO_ReadPin
 .text.HAL_GPIO_WritePin
                0x080047cc       0x32 ./Drivers/STM32F4xx_HAL_Driver/Src/stm32f4xx_hal_gpio.o
                0x080047cc                HAL_GPIO_WritePin
 .text.HAL_GPIO_TogglePin
                0x080047fe       0x34 ./Drivers/STM32F4xx_HAL_Driver/Src/stm32f4xx_hal_gpio.o
                0x080047fe                HAL_GPIO_TogglePin
 *fill*         0x08004832        0x2 
 .text.HAL_I2C_Init
                0x08004834      0x288 ./Drivers/STM32F4xx_HAL_Driver/Src/stm32f4xx_hal_i2c.o
                0x08004834                HAL_I2C_Init
 .text.I2C_Flush_DR
                0x08004abc       0x2a ./Drivers/STM32F4xx_HAL_Driver/Src/stm32f4xx_hal_i2c.o
 *fill*         0x08004ae6        0x2 
 .text.HAL_I2C_Mem_Write
                0x08004ae8      0x1f4 ./Drivers/STM32F4xx_HAL_Driver/Src/stm32f4xx_hal_i2c.o
                0x08004ae8                HAL_I2C_Mem_Write
 .text.HAL_I2C_Mem_Read
                0x08004cdc      0x464 ./Drivers/STM32F4xx_HAL_Driver/Src/stm32f4xx_hal_i2c.o
                0x08004cdc                HAL_I2C_Mem_Read
 .text.HAL_I2C_Mem_Read_DMA
                0x08005140      0x320 ./Drivers/STM32F4xx_HAL_Driver/Src/stm32f4xx_hal_i2c.o
                0x08005140                HAL_I2C_Mem_Read_DMA
 .text.HAL_I2C_IsDeviceReady
                0x08005460      0x25c ./Drivers/STM32F4xx_HAL_Driver/Src/stm32f4xx_hal_i2c.o
                0x08005460                HAL_I2C_IsDeviceReady
 .text.HAL_I2C_EV_IRQHandler
                0x080056bc      0x2a6 ./Drivers/STM32F4xx_HAL_Driver/Src/stm32f4xx_hal_i2c.o
                0x080056bc                HAL_I2C_EV_IRQHandler
 .text.HAL_I2C_ER_IRQHandler
                0x08005962      0x13e ./Drivers/STM32F4xx_HAL_Driver/Src/stm32f4xx_hal_i2c.o
                0x08005962                HAL_I2C_ER_IRQHandler
 .text.HAL_I2C_MasterTxCpltCallback
                0x08005aa0       0x14 ./Drivers/STM32F4xx_HAL_Driver/Src/stm32f4xx_hal_i2c.o
                0x08005aa0                HAL_I2C_MasterTxCpltCallback
 .text.HAL_I2C_MasterRxCpltCallback
                0x08005ab4       0x14 ./Drivers/STM32F4xx_HAL_Driver/Src/stm32f4xx_hal_i2c.o
                0x08005ab4                HAL_I2C_MasterRxCpltCallback
 .text.HAL_I2C_SlaveTxCpltCallback
                0x08005ac8       0x14 ./Drivers/STM32F4xx_HAL_Driver/Src/stm32f4xx_hal_i2c.o
                0x08005ac8                HAL_I2C_SlaveTxCpltCallback
 .text.HAL_I2C_SlaveRxCpltCallback
                0x08005adc       0x14 ./Drivers/STM32F4xx_HAL_Driver/Src/stm32f4xx_hal_i2c.o
                0x08005adc                HAL_I2C_SlaveRxCpltCallback
 .text.HAL_I2C_AddrCallback
                0x08005af0       0x1c ./Drivers/STM32F4xx_HAL_Driver/Src/stm32f4xx_hal_i2c.o
                0x08005af0                HAL_I2C_AddrCallback
 .text.HAL_I2C_ListenCpltCallback
                0x08005b0c       0x14 ./Drivers/STM32F4xx_HAL_Driver/Src/stm32f4xx_hal_i2c.o
                0x08005b0c                HAL_I2C_ListenCpltCallback
 .text.HAL_I2C_MemTxCpltCallback
                0x08005b20       0x14 ./Drivers/STM32F4xx_HAL_Driver/Src/stm32f4xx_hal_i2c.o
                0x08005b20                HAL_I2C_MemTxCpltCallback
 .text.HAL_I2C_AbortCpltCallback
                0x08005b34       0x14 ./Drivers/STM32F4xx_HAL_Driver/Src/stm32f4xx_hal_i2c.o
                0x08005b34                HAL_I2C_AbortCpltCallback
 .text.I2C_MasterTransmit_TXE
                0x08005b48      0x138 ./Drivers/STM32F4xx_HAL_Driver/Src/stm32f4xx_hal_i2c.o
 .text.I2C_MasterTransmit_BTF
                0x08005c80       0xec ./Drivers/STM32F4xx_HAL_Driver/Src/stm32f4xx_hal_i2c.o
 .text.I2C_MemoryTransmit_TXE_BTF
                0x08005d6c      0x130 ./Drivers/STM32F4xx_HAL_Driver/Src/stm32f4xx_hal_i2c.o
 .text.I2C_MasterReceive_RXNE
                0x08005e9c      0x190 ./Drivers/STM32F4xx_HAL_Driver/Src/stm32f4xx_hal_i2c.o
 .text.I2C_MasterReceive_BTF
                0x0800602c      0x1ea ./Drivers/STM32F4xx_HAL_Driver/Src/stm32f4xx_hal_i2c.o
 .text.I2C_Master_SB
                0x08006216      0x10c ./Drivers/STM32F4xx_HAL_Driver/Src/stm32f4xx_hal_i2c.o
 .text.I2C_Master_ADD10
                0x08006322       0x54 ./Drivers/STM32F4xx_HAL_Driver/Src/stm32f4xx_hal_i2c.o
 .text.I2C_Master_ADDR
                0x08006376      0x322 ./Drivers/STM32F4xx_HAL_Driver/Src/stm32f4xx_hal_i2c.o
 .text.I2C_SlaveTransmit_TXE
                0x08006698       0x7a ./Drivers/STM32F4xx_HAL_Driver/Src/stm32f4xx_hal_i2c.o
 .text.I2C_SlaveTransmit_BTF
                0x08006712       0x42 ./Drivers/STM32F4xx_HAL_Driver/Src/stm32f4xx_hal_i2c.o
 .text.I2C_SlaveReceive_RXNE
                0x08006754       0x7c ./Drivers/STM32F4xx_HAL_Driver/Src/stm32f4xx_hal_i2c.o
 .text.I2C_SlaveReceive_BTF
                0x080067d0       0x44 ./Drivers/STM32F4xx_HAL_Driver/Src/stm32f4xx_hal_i2c.o
 .text.I2C_Slave_ADDR
                0x08006814       0x90 ./Drivers/STM32F4xx_HAL_Driver/Src/stm32f4xx_hal_i2c.o
 .text.I2C_Slave_STOPF
                0x080068a4      0x260 ./Drivers/STM32F4xx_HAL_Driver/Src/stm32f4xx_hal_i2c.o
 .text.I2C_Slave_AF
                0x08006b04       0xe8 ./Drivers/STM32F4xx_HAL_Driver/Src/stm32f4xx_hal_i2c.o
 .text.I2C_ITError
                0x08006bec      0x264 ./Drivers/STM32F4xx_HAL_Driver/Src/stm32f4xx_hal_i2c.o
 .text.I2C_RequestMemoryWrite
                0x08006e50      0x12c ./Drivers/STM32F4xx_HAL_Driver/Src/stm32f4xx_hal_i2c.o
 .text.I2C_RequestMemoryRead
                0x08006f7c      0x1d0 ./Drivers/STM32F4xx_HAL_Driver/Src/stm32f4xx_hal_i2c.o
 .text.I2C_DMAXferCplt
                0x0800714c      0x1be ./Drivers/STM32F4xx_HAL_Driver/Src/stm32f4xx_hal_i2c.o
 .text.I2C_DMAError
                0x0800730a       0x7a ./Drivers/STM32F4xx_HAL_Driver/Src/stm32f4xx_hal_i2c.o
 .text.I2C_DMAAbort
                0x08007384      0x150 ./Drivers/STM32F4xx_HAL_Driver/Src/stm32f4xx_hal_i2c.o
 .text.I2C_WaitOnFlagUntilTimeout
                0x080074d4       0xf4 ./Drivers/STM32F4xx_HAL_Driver/Src/stm32f4xx_hal_i2c.o
 .text.I2C_WaitOnMasterAddressFlagUntilTimeout
                0x080075c8      0x140 ./Drivers/STM32F4xx_HAL_Driver/Src/stm32f4xx_hal_i2c.o
 .text.I2C_WaitOnTXEFlagUntilTimeout
                0x08007708       0x90 ./Drivers/STM32F4xx_HAL_Driver/Src/stm32f4xx_hal_i2c.o
 .text.I2C_WaitOnBTFFlagUntilTimeout
                0x08007798       0x90 ./Drivers/STM32F4xx_HAL_Driver/Src/stm32f4xx_hal_i2c.o
 .text.I2C_WaitOnSTOPRequestThroughIT
                0x08007828       0x64 ./Drivers/STM32F4xx_HAL_Driver/Src/stm32f4xx_hal_i2c.o
 .text.I2C_WaitOnRXNEFlagUntilTimeout
                0x0800788c       0xba ./Drivers/STM32F4xx_HAL_Driver/Src/stm32f4xx_hal_i2c.o
 .text.I2C_IsAcknowledgeFailed
                0x08007946       0x5e ./Drivers/STM32F4xx_HAL_Driver/Src/stm32f4xx_hal_i2c.o
 .text.I2C_ConvertOtherXferOptions
                0x080079a4       0x36 ./Drivers/STM32F4xx_HAL_Driver/Src/stm32f4xx_hal_i2c.o
 *fill*         0x080079da        0x2 
 .text.HAL_RCC_OscConfig
                0x080079dc      0x4f0 ./Drivers/STM32F4xx_HAL_Driver/Src/stm32f4xx_hal_rcc.o
                0x080079dc                HAL_RCC_OscConfig
 .text.HAL_RCC_ClockConfig
                0x08007ecc      0x1cc ./Drivers/STM32F4xx_HAL_Driver/Src/stm32f4xx_hal_rcc.o
                0x08007ecc                HAL_RCC_ClockConfig
 .text.HAL_RCC_GetSysClockFreq
                0x08008098      0x20c ./Drivers/STM32F4xx_HAL_Driver/Src/stm32f4xx_hal_rcc.o
                0x08008098                HAL_RCC_GetSysClockFreq
 .text.HAL_RCC_GetHCLKFreq
                0x080082a4       0x18 ./Drivers/STM32F4xx_HAL_Driver/Src/stm32f4xx_hal_rcc.o
                0x080082a4                HAL_RCC_GetHCLKFreq
 .text.HAL_RCC_GetPCLK1Freq
                0x080082bc       0x28 ./Drivers/STM32F4xx_HAL_Driver/Src/stm32f4xx_hal_rcc.o
                0x080082bc                HAL_RCC_GetPCLK1Freq
 .text.HAL_RCC_GetPCLK2Freq
                0x080082e4       0x28 ./Drivers/STM32F4xx_HAL_Driver/Src/stm32f4xx_hal_rcc.o
                0x080082e4                HAL_RCC_GetPCLK2Freq
 .text.HAL_RCC_GetClockConfig
                0x0800830c       0x64 ./Drivers/STM32F4xx_HAL_Driver/Src/stm32f4xx_hal_rcc.o
                0x0800830c                HAL_RCC_GetClockConfig
 .text.HAL_RCCEx_PeriphCLKConfig
                0x08008370      0x1c4 ./Drivers/STM32F4xx_HAL_Driver/Src/stm32f4xx_hal_rcc_ex.o
                0x08008370                HAL_RCCEx_PeriphCLKConfig
 .text.HAL_RTC_Init
                0x08008534      0x106 ./Drivers/STM32F4xx_HAL_Driver/Src/stm32f4xx_hal_rtc.o
                0x08008534                HAL_RTC_Init
 .text.HAL_RTC_SetTime
                0x0800863a      0x134 ./Drivers/STM32F4xx_HAL_Driver/Src/stm32f4xx_hal_rtc.o
                0x0800863a                HAL_RTC_SetTime
 .text.HAL_RTC_GetTime
                0x0800876e       0xbc ./Drivers/STM32F4xx_HAL_Driver/Src/stm32f4xx_hal_rtc.o
                0x0800876e                HAL_RTC_GetTime
 .text.HAL_RTC_SetDate
                0x0800882a      0x108 ./Drivers/STM32F4xx_HAL_Driver/Src/stm32f4xx_hal_rtc.o
                0x0800882a                HAL_RTC_SetDate
 .text.HAL_RTC_GetDate
                0x08008932       0x9e ./Drivers/STM32F4xx_HAL_Driver/Src/stm32f4xx_hal_rtc.o
                0x08008932                HAL_RTC_GetDate
 .text.HAL_RTC_WaitForSynchro
                0x080089d0       0x4c ./Drivers/STM32F4xx_HAL_Driver/Src/stm32f4xx_hal_rtc.o
                0x080089d0                HAL_RTC_WaitForSynchro
 .text.RTC_EnterInitMode
                0x08008a1c       0x6e ./Drivers/STM32F4xx_HAL_Driver/Src/stm32f4xx_hal_rtc.o
                0x08008a1c                RTC_EnterInitMode
 .text.RTC_ExitInitMode
                0x08008a8a       0x4a ./Drivers/STM32F4xx_HAL_Driver/Src/stm32f4xx_hal_rtc.o
                0x08008a8a                RTC_ExitInitMode
 .text.RTC_ByteToBcd2
                0x08008ad4       0x3c ./Drivers/STM32F4xx_HAL_Driver/Src/stm32f4xx_hal_rtc.o
                0x08008ad4                RTC_ByteToBcd2
 .text.RTC_Bcd2ToByte
                0x08008b10       0x3c ./Drivers/STM32F4xx_HAL_Driver/Src/stm32f4xx_hal_rtc.o
                0x08008b10                RTC_Bcd2ToByte
 .text.HAL_TIM_Base_Init
                0x08008b4c       0x9e ./Drivers/STM32F4xx_HAL_Driver/Src/stm32f4xx_hal_tim.o
                0x08008b4c                HAL_TIM_Base_Init
 .text.HAL_TIM_Base_MspInit
                0x08008bea       0x14 ./Drivers/STM32F4xx_HAL_Driver/Src/stm32f4xx_hal_tim.o
                0x08008bea                HAL_TIM_Base_MspInit
 *fill*         0x08008bfe        0x2 
 .text.HAL_TIM_Base_Start_IT
                0x08008c00       0xe0 ./Drivers/STM32F4xx_HAL_Driver/Src/stm32f4xx_hal_tim.o
                0x08008c00                HAL_TIM_Base_Start_IT
 .text.HAL_TIM_IRQHandler
                0x08008ce0      0x1e0 ./Drivers/STM32F4xx_HAL_Driver/Src/stm32f4xx_hal_tim.o
                0x08008ce0                HAL_TIM_IRQHandler
 .text.HAL_TIM_OC_DelayElapsedCallback
                0x08008ec0       0x14 ./Drivers/STM32F4xx_HAL_Driver/Src/stm32f4xx_hal_tim.o
                0x08008ec0                HAL_TIM_OC_DelayElapsedCallback
 .text.HAL_TIM_IC_CaptureCallback
                0x08008ed4       0x14 ./Drivers/STM32F4xx_HAL_Driver/Src/stm32f4xx_hal_tim.o
                0x08008ed4                HAL_TIM_IC_CaptureCallback
 .text.HAL_TIM_PWM_PulseFinishedCallback
                0x08008ee8       0x14 ./Drivers/STM32F4xx_HAL_Driver/Src/stm32f4xx_hal_tim.o
                0x08008ee8                HAL_TIM_PWM_PulseFinishedCallback
 .text.HAL_TIM_TriggerCallback
                0x08008efc       0x14 ./Drivers/STM32F4xx_HAL_Driver/Src/stm32f4xx_hal_tim.o
                0x08008efc                HAL_TIM_TriggerCallback
 .text.TIM_Base_SetConfig
                0x08008f10      0x158 ./Drivers/STM32F4xx_HAL_Driver/Src/stm32f4xx_hal_tim.o
                0x08008f10                TIM_Base_SetConfig
 .text.HAL_TIMEx_CommutCallback
                0x08009068       0x14 ./Drivers/STM32F4xx_HAL_Driver/Src/stm32f4xx_hal_tim_ex.o
                0x08009068                HAL_TIMEx_CommutCallback
 .text.HAL_TIMEx_BreakCallback
                0x0800907c       0x14 ./Drivers/STM32F4xx_HAL_Driver/Src/stm32f4xx_hal_tim_ex.o
                0x0800907c                HAL_TIMEx_BreakCallback
 .text.HAL_UART_Init
                0x08009090       0xa0 ./Drivers/STM32F4xx_HAL_Driver/Src/stm32f4xx_hal_uart.o
                0x08009090                HAL_UART_Init
 .text.HAL_UART_Transmit
                0x08009130      0x116 ./Drivers/STM32F4xx_HAL_Driver/Src/stm32f4xx_hal_uart.o
                0x08009130                HAL_UART_Transmit
 .text.UART_WaitOnFlagUntilTimeout
                0x08009246       0xb2 ./Drivers/STM32F4xx_HAL_Driver/Src/stm32f4xx_hal_uart.o
 .text.UART_EndRxTransfer
                0x080092f8       0xc6 ./Drivers/STM32F4xx_HAL_Driver/Src/stm32f4xx_hal_uart.o
 *fill*         0x080093be        0x2 
 .text.UART_SetConfig
                0x080093c0      0x4e8 ./Drivers/STM32F4xx_HAL_Driver/Src/stm32f4xx_hal_uart.o
 .text.__NVIC_SetPriority
                0x080098a8       0x54 ./Middlewares/Third_Party/FreeRTOS/Source/CMSIS_RTOS_V2/cmsis_os2.o
 .text.SysTick_Handler
                0x080098fc       0x20 ./Middlewares/Third_Party/FreeRTOS/Source/CMSIS_RTOS_V2/cmsis_os2.o
                0x080098fc                SysTick_Handler
 .text.SVC_Setup
                0x0800991c       0x12 ./Middlewares/Third_Party/FreeRTOS/Source/CMSIS_RTOS_V2/cmsis_os2.o
 *fill*         0x0800992e        0x2 
 .text.osKernelInitialize
                0x08009930       0x48 ./Middlewares/Third_Party/FreeRTOS/Source/CMSIS_RTOS_V2/cmsis_os2.o
                0x08009930                osKernelInitialize
 .text.osKernelStart
                0x08009978       0x4c ./Middlewares/Third_Party/FreeRTOS/Source/CMSIS_RTOS_V2/cmsis_os2.o
                0x08009978                osKernelStart
 .text.osThreadNew
                0x080099c4      0x124 ./Middlewares/Third_Party/FreeRTOS/Source/CMSIS_RTOS_V2/cmsis_os2.o
                0x080099c4                osThreadNew
 .text.osDelay  0x08009ae8       0x36 ./Middlewares/Third_Party/FreeRTOS/Source/CMSIS_RTOS_V2/cmsis_os2.o
                0x08009ae8                osDelay
 .text.osMutexNew
                0x08009b1e      0x10c ./Middlewares/Third_Party/FreeRTOS/Source/CMSIS_RTOS_V2/cmsis_os2.o
                0x08009b1e                osMutexNew
 *fill*         0x08009c2a        0x2 
 .text.vApplicationGetIdleTaskMemory
                0x08009c2c       0x34 ./Middlewares/Third_Party/FreeRTOS/Source/CMSIS_RTOS_V2/cmsis_os2.o
                0x08009c2c                vApplicationGetIdleTaskMemory
 .text.vApplicationGetTimerTaskMemory
                0x08009c60       0x34 ./Middlewares/Third_Party/FreeRTOS/Source/CMSIS_RTOS_V2/cmsis_os2.o
                0x08009c60                vApplicationGetTimerTaskMemory
 .text.vListInitialise
                0x08009c94       0x40 ./Middlewares/Third_Party/FreeRTOS/Source/list.o
                0x08009c94                vListInitialise
 .text.vListInitialiseItem
                0x08009cd4       0x1a ./Middlewares/Third_Party/FreeRTOS/Source/list.o
                0x08009cd4                vListInitialiseItem
 .text.vListInsertEnd
                0x08009cee       0x48 ./Middlewares/Third_Party/FreeRTOS/Source/list.o
                0x08009cee                vListInsertEnd
 .text.vListInsert
                0x08009d36       0x72 ./Middlewares/Third_Party/FreeRTOS/Source/list.o
                0x08009d36                vListInsert
 .text.uxListRemove
                0x08009da8       0x54 ./Middlewares/Third_Party/FreeRTOS/Source/list.o
                0x08009da8                uxListRemove
 .text.xQueueGenericReset
                0x08009dfc       0xd4 ./Middlewares/Third_Party/FreeRTOS/Source/queue.o
                0x08009dfc                xQueueGenericReset
 .text.xQueueGenericCreateStatic
                0x08009ed0       0xfa ./Middlewares/Third_Party/FreeRTOS/Source/queue.o
                0x08009ed0                xQueueGenericCreateStatic
 .text.xQueueGenericCreate
                0x08009fca       0x76 ./Middlewares/Third_Party/FreeRTOS/Source/queue.o
                0x08009fca                xQueueGenericCreate
 .text.prvInitialiseNewQueue
                0x0800a040       0x46 ./Middlewares/Third_Party/FreeRTOS/Source/queue.o
 .text.prvInitialiseMutex
                0x0800a086       0x34 ./Middlewares/Third_Party/FreeRTOS/Source/queue.o
 .text.xQueueCreateMutex
                0x0800a0ba       0x30 ./Middlewares/Third_Party/FreeRTOS/Source/queue.o
                0x0800a0ba                xQueueCreateMutex
 .text.xQueueCreateMutexStatic
                0x0800a0ea       0x36 ./Middlewares/Third_Party/FreeRTOS/Source/queue.o
                0x0800a0ea                xQueueCreateMutexStatic
 .text.xQueueGenericSend
                0x0800a120      0x204 ./Middlewares/Third_Party/FreeRTOS/Source/queue.o
                0x0800a120                xQueueGenericSend
 .text.xQueueGenericSendFromISR
                0x0800a324      0x13c ./Middlewares/Third_Party/FreeRTOS/Source/queue.o
                0x0800a324                xQueueGenericSendFromISR
 .text.xQueueGiveFromISR
                0x0800a460      0x120 ./Middlewares/Third_Party/FreeRTOS/Source/queue.o
                0x0800a460                xQueueGiveFromISR
 .text.xQueueReceive
                0x0800a580      0x1c4 ./Middlewares/Third_Party/FreeRTOS/Source/queue.o
                0x0800a580                xQueueReceive
 .text.xQueueSemaphoreTake
                0x0800a744      0x220 ./Middlewares/Third_Party/FreeRTOS/Source/queue.o
                0x0800a744                xQueueSemaphoreTake
 .text.prvGetDisinheritPriorityAfterTimeout
                0x0800a964       0x30 ./Middlewares/Third_Party/FreeRTOS/Source/queue.o
 .text.prvCopyDataToQueue
                0x0800a994       0xd4 ./Middlewares/Third_Party/FreeRTOS/Source/queue.o
 .text.prvCopyDataFromQueue
                0x0800aa68       0x4c ./Middlewares/Third_Party/FreeRTOS/Source/queue.o
 .text.prvUnlockQueue
                0x0800aab4       0xa4 ./Middlewares/Third_Party/FreeRTOS/Source/queue.o
 .text.prvIsQueueEmpty
                0x0800ab58       0x2c ./Middlewares/Third_Party/FreeRTOS/Source/queue.o
 .text.prvIsQueueFull
                0x0800ab84       0x30 ./Middlewares/Third_Party/FreeRTOS/Source/queue.o
 .text.vQueueAddToRegistry
                0x0800abb4       0x54 ./Middlewares/Third_Party/FreeRTOS/Source/queue.o
                0x0800abb4                vQueueAddToRegistry
 .text.vQueueWaitForMessageRestricted
                0x0800ac08       0x68 ./Middlewares/Third_Party/FreeRTOS/Source/queue.o
                0x0800ac08                vQueueWaitForMessageRestricted
 .text.xTaskCreateStatic
                0x0800ac70       0xc0 ./Middlewares/Third_Party/FreeRTOS/Source/tasks.o
                0x0800ac70                xTaskCreateStatic
 .text.xTaskCreate
                0x0800ad30       0x8a ./Middlewares/Third_Party/FreeRTOS/Source/tasks.o
                0x0800ad30                xTaskCreate
 *fill*         0x0800adba        0x2 
 .text.prvInitialiseNewTask
                0x0800adbc      0x150 ./Middlewares/Third_Party/FreeRTOS/Source/tasks.o
 .text.prvAddNewTaskToReadyList
                0x0800af0c       0xe0 ./Middlewares/Third_Party/FreeRTOS/Source/tasks.o
 .text.vTaskDelay
                0x0800afec       0x6c ./Middlewares/Third_Party/FreeRTOS/Source/tasks.o
                0x0800afec                vTaskDelay
 .text.vTaskStartScheduler
                0x0800b058       0xe0 ./Middlewares/Third_Party/FreeRTOS/Source/tasks.o
                0x0800b058                vTaskStartScheduler
 .text.vTaskSuspendAll
                0x0800b138       0x1c ./Middlewares/Third_Party/FreeRTOS/Source/tasks.o
                0x0800b138                vTaskSuspendAll
 .text.xTaskResumeAll
                0x0800b154      0x13c ./Middlewares/Third_Party/FreeRTOS/Source/tasks.o
                0x0800b154                xTaskResumeAll
 .text.xTaskGetTickCount
                0x0800b290       0x20 ./Middlewares/Third_Party/FreeRTOS/Source/tasks.o
                0x0800b290                xTaskGetTickCount
 .text.xTaskIncrementTick
                0x0800b2b0      0x174 ./Middlewares/Third_Party/FreeRTOS/Source/tasks.o
                0x0800b2b0                xTaskIncrementTick
 .text.vTaskSwitchContext
                0x0800b424       0xcc ./Middlewares/Third_Party/FreeRTOS/Source/tasks.o
                0x0800b424                vTaskSwitchContext
 .text.vTaskPlaceOnEventList
                0x0800b4f0       0x4c ./Middlewares/Third_Party/FreeRTOS/Source/tasks.o
                0x0800b4f0                vTaskPlaceOnEventList
 .text.vTaskPlaceOnEventListRestricted
                0x0800b53c       0x58 ./Middlewares/Third_Party/FreeRTOS/Source/tasks.o
                0x0800b53c                vTaskPlaceOnEventListRestricted
 .text.xTaskRemoveFromEventList
                0x0800b594       0xc8 ./Middlewares/Third_Party/FreeRTOS/Source/tasks.o
                0x0800b594                xTaskRemoveFromEventList
 .text.vTaskInternalSetTimeOutState
                0x0800b65c       0x2c ./Middlewares/Third_Party/FreeRTOS/Source/tasks.o
                0x0800b65c                vTaskInternalSetTimeOutState
 .text.xTaskCheckForTimeOut
                0x0800b688       0xc8 ./Middlewares/Third_Party/FreeRTOS/Source/tasks.o
                0x0800b688                xTaskCheckForTimeOut
 .text.vTaskMissedYield
                0x0800b750       0x18 ./Middlewares/Third_Party/FreeRTOS/Source/tasks.o
                0x0800b750                vTaskMissedYield
 .text.prvIdleTask
                0x0800b768       0x30 ./Middlewares/Third_Party/FreeRTOS/Source/tasks.o
 .text.prvInitialiseTaskLists
                0x0800b798       0x80 ./Middlewares/Third_Party/FreeRTOS/Source/tasks.o
 .text.prvCheckTasksWaitingTermination
                0x0800b818       0x5c ./Middlewares/Third_Party/FreeRTOS/Source/tasks.o
 .text.prvDeleteTCB
                0x0800b874       0x6a ./Middlewares/Third_Party/FreeRTOS/Source/tasks.o
 *fill*         0x0800b8de        0x2 
 .text.prvResetNextTaskUnblockTime
                0x0800b8e0       0x40 ./Middlewares/Third_Party/FreeRTOS/Source/tasks.o
 .text.xTaskGetSchedulerState
                0x0800b920       0x3c ./Middlewares/Third_Party/FreeRTOS/Source/tasks.o
                0x0800b920                xTaskGetSchedulerState
 .text.xTaskPriorityInherit
                0x0800b95c       0xd0 ./Middlewares/Third_Party/FreeRTOS/Source/tasks.o
                0x0800b95c                xTaskPriorityInherit
 .text.xTaskPriorityDisinherit
                0x0800ba2c       0xe0 ./Middlewares/Third_Party/FreeRTOS/Source/tasks.o
                0x0800ba2c                xTaskPriorityDisinherit
 .text.vTaskPriorityDisinheritAfterTimeout
                0x0800bb0c      0x108 ./Middlewares/Third_Party/FreeRTOS/Source/tasks.o
                0x0800bb0c                vTaskPriorityDisinheritAfterTimeout
 .text.pvTaskIncrementMutexHeldCount
                0x0800bc14       0x28 ./Middlewares/Third_Party/FreeRTOS/Source/tasks.o
                0x0800bc14                pvTaskIncrementMutexHeldCount
 .text.prvAddCurrentTaskToDelayedList
                0x0800bc3c       0xa8 ./Middlewares/Third_Party/FreeRTOS/Source/tasks.o
 .text.xTimerCreateTimerTask
                0x0800bce4       0x94 ./Middlewares/Third_Party/FreeRTOS/Source/timers.o
                0x0800bce4                xTimerCreateTimerTask
 .text.xTimerGenericCommand
                0x0800bd78       0x9c ./Middlewares/Third_Party/FreeRTOS/Source/timers.o
                0x0800bd78                xTimerGenericCommand
 .text.prvProcessExpiredTimer
                0x0800be14       0x9c ./Middlewares/Third_Party/FreeRTOS/Source/timers.o
 .text.prvTimerTask
                0x0800beb0       0x26 ./Middlewares/Third_Party/FreeRTOS/Source/timers.o
 *fill*         0x0800bed6        0x2 
 .text.prvProcessTimerOrBlockTask
                0x0800bed8       0x9c ./Middlewares/Third_Party/FreeRTOS/Source/timers.o
 .text.prvGetNextExpireTime
                0x0800bf74       0x48 ./Middlewares/Third_Party/FreeRTOS/Source/timers.o
 .text.prvSampleTimeNow
                0x0800bfbc       0x40 ./Middlewares/Third_Party/FreeRTOS/Source/timers.o
 .text.prvInsertTimerInActiveList
                0x0800bffc       0x84 ./Middlewares/Third_Party/FreeRTOS/Source/timers.o
 .text.prvProcessReceivedCommands
                0x0800c080      0x1cc ./Middlewares/Third_Party/FreeRTOS/Source/timers.o
 .text.prvSwitchTimerLists
                0x0800c24c       0xcc ./Middlewares/Third_Party/FreeRTOS/Source/timers.o
 .text.prvCheckForValidListAndQueue
                0x0800c318       0x80 ./Middlewares/Third_Party/FreeRTOS/Source/timers.o
 .text.pxPortInitialiseStack
                0x0800c398       0x68 ./Middlewares/Third_Party/FreeRTOS/Source/portable/GCC/ARM_CM4F/port.o
                0x0800c398                pxPortInitialiseStack
 .text.prvTaskExitError
                0x0800c400       0x5c ./Middlewares/Third_Party/FreeRTOS/Source/portable/GCC/ARM_CM4F/port.o
 *fill*         0x0800c45c        0x4 
 .text.SVC_Handler
                0x0800c460       0x28 ./Middlewares/Third_Party/FreeRTOS/Source/portable/GCC/ARM_CM4F/port.o
                0x0800c460                SVC_Handler
 .text.prvPortStartFirstTask
                0x0800c488       0x28 ./Middlewares/Third_Party/FreeRTOS/Source/portable/GCC/ARM_CM4F/port.o
 .text.xPortStartScheduler
                0x0800c4b0      0x148 ./Middlewares/Third_Party/FreeRTOS/Source/portable/GCC/ARM_CM4F/port.o
                0x0800c4b0                xPortStartScheduler
 .text.vPortEnterCritical
                0x0800c5f8       0x64 ./Middlewares/Third_Party/FreeRTOS/Source/portable/GCC/ARM_CM4F/port.o
                0x0800c5f8                vPortEnterCritical
 .text.vPortExitCritical
                0x0800c65c       0x54 ./Middlewares/Third_Party/FreeRTOS/Source/portable/GCC/ARM_CM4F/port.o
                0x0800c65c                vPortExitCritical
 .text.PendSV_Handler
                0x0800c6b0       0x68 ./Middlewares/Third_Party/FreeRTOS/Source/portable/GCC/ARM_CM4F/port.o
                0x0800c6b0                PendSV_Handler
 .text.xPortSysTickHandler
                0x0800c718       0x44 ./Middlewares/Third_Party/FreeRTOS/Source/portable/GCC/ARM_CM4F/port.o
                0x0800c718                xPortSysTickHandler
 .text.vPortSetupTimerInterrupt
                0x0800c75c       0x48 ./Middlewares/Third_Party/FreeRTOS/Source/portable/GCC/ARM_CM4F/port.o
                0x0800c75c                vPortSetupTimerInterrupt
 .text.vPortEnableVFP
                0x0800c7a4       0x14 ./Middlewares/Third_Party/FreeRTOS/Source/portable/GCC/ARM_CM4F/port.o
 .text.vPortValidateInterruptPriority
                0x0800c7b8       0x84 ./Middlewares/Third_Party/FreeRTOS/Source/portable/GCC/ARM_CM4F/port.o
                0x0800c7b8                vPortValidateInterruptPriority
 .text.pvPortMalloc
                0x0800c83c      0x19c ./Middlewares/Third_Party/FreeRTOS/Source/portable/MemMang/heap_4.o
                0x0800c83c                pvPortMalloc
 .text.vPortFree
                0x0800c9d8       0xc8 ./Middlewares/Third_Party/FreeRTOS/Source/portable/MemMang/heap_4.o
                0x0800c9d8                vPortFree
 .text.prvHeapInit
                0x0800caa0       0xc4 ./Middlewares/Third_Party/FreeRTOS/Source/portable/MemMang/heap_4.o
 .text.prvInsertBlockIntoFreeList
                0x0800cb64       0xb4 ./Middlewares/Third_Party/FreeRTOS/Source/portable/MemMang/heap_4.o
 .text.__cvt    0x0800cc18       0xca /opt/st/stm32cubeide_1.16.1/plugins/com.st.stm32cube.ide.mcu.externaltools.gnu-tools-for-stm32.12.3.rel1.linux64_1.0.200.202406132123/tools/bin/../lib/gcc/arm-none-eabi/12.3.1/../../../../arm-none-eabi/lib/thumb/v7e-m+fp/hard/libc_nano.a(libc_a-nano-vfprintf_float.o)
                0x0800cc18                __cvt
 .text.__exponent
                0x0800cce2       0x74 /opt/st/stm32cubeide_1.16.1/plugins/com.st.stm32cube.ide.mcu.externaltools.gnu-tools-for-stm32.12.3.rel1.linux64_1.0.200.202406132123/tools/bin/../lib/gcc/arm-none-eabi/12.3.1/../../../../arm-none-eabi/lib/thumb/v7e-m+fp/hard/libc_nano.a(libc_a-nano-vfprintf_float.o)
                0x0800cce2                __exponent
 *fill*         0x0800cd56        0x2 
 .text._printf_float
                0x0800cd58      0x454 /opt/st/stm32cubeide_1.16.1/plugins/com.st.stm32cube.ide.mcu.externaltools.gnu-tools-for-stm32.12.3.rel1.linux64_1.0.200.202406132123/tools/bin/../lib/gcc/arm-none-eabi/12.3.1/../../../../arm-none-eabi/lib/thumb/v7e-m+fp/hard/libc_nano.a(libc_a-nano-vfprintf_float.o)
                0x0800cd58                _printf_float
 .text._printf_common
                0x0800d1ac       0xda /opt/st/stm32cubeide_1.16.1/plugins/com.st.stm32cube.ide.mcu.externaltools.gnu-tools-for-stm32.12.3.rel1.linux64_1.0.200.202406132123/tools/bin/../lib/gcc/arm-none-eabi/12.3.1/../../../../arm-none-eabi/lib/thumb/v7e-m+fp/hard/libc_nano.a(libc_a-nano-vfprintf_i.o)
                0x0800d1ac                _printf_common
 *fill*         0x0800d286        0x2 
 .text._printf_i
                0x0800d288      0x240 /opt/st/stm32cubeide_1.16.1/plugins/com.st.stm32cube.ide.mcu.externaltools.gnu-tools-for-stm32.12.3.rel1.linux64_1.0.200.202406132123/tools/bin/../lib/gcc/arm-none-eabi/12.3.1/../../../../arm-none-eabi/lib/thumb/v7e-m+fp/hard/libc_nano.a(libc_a-nano-vfprintf_i.o)
                0x0800d288                _printf_i
 .text.std      0x0800d4c8       0x6c /opt/st/stm32cubeide_1.16.1/plugins/com.st.stm32cube.ide.mcu.externaltools.gnu-tools-for-stm32.12.3.rel1.linux64_1.0.200.202406132123/tools/bin/../lib/gcc/arm-none-eabi/12.3.1/../../../../arm-none-eabi/lib/thumb/v7e-m+fp/hard/libc_nano.a(libc_a-findfp.o)
 .text.stdio_exit_handler
                0x0800d534       0x18 /opt/st/stm32cubeide_1.16.1/plugins/com.st.stm32cube.ide.mcu.externaltools.gnu-tools-for-stm32.12.3.rel1.linux64_1.0.200.202406132123/tools/bin/../lib/gcc/arm-none-eabi/12.3.1/../../../../arm-none-eabi/lib/thumb/v7e-m+fp/hard/libc_nano.a(libc_a-findfp.o)
 .text.cleanup_stdio
                0x0800d54c       0x40 /opt/st/stm32cubeide_1.16.1/plugins/com.st.stm32cube.ide.mcu.externaltools.gnu-tools-for-stm32.12.3.rel1.linux64_1.0.200.202406132123/tools/bin/../lib/gcc/arm-none-eabi/12.3.1/../../../../arm-none-eabi/lib/thumb/v7e-m+fp/hard/libc_nano.a(libc_a-findfp.o)
 .text.global_stdio_init.part.0
                0x0800d58c       0x3c /opt/st/stm32cubeide_1.16.1/plugins/com.st.stm32cube.ide.mcu.externaltools.gnu-tools-for-stm32.12.3.rel1.linux64_1.0.200.202406132123/tools/bin/../lib/gcc/arm-none-eabi/12.3.1/../../../../arm-none-eabi/lib/thumb/v7e-m+fp/hard/libc_nano.a(libc_a-findfp.o)
 .text.__sfp_lock_acquire
                0x0800d5c8        0xc /opt/st/stm32cubeide_1.16.1/plugins/com.st.stm32cube.ide.mcu.externaltools.gnu-tools-for-stm32.12.3.rel1.linux64_1.0.200.202406132123/tools/bin/../lib/gcc/arm-none-eabi/12.3.1/../../../../arm-none-eabi/lib/thumb/v7e-m+fp/hard/libc_nano.a(libc_a-findfp.o)
                0x0800d5c8                __sfp_lock_acquire
 .text.__sfp_lock_release
                0x0800d5d4        0xc /opt/st/stm32cubeide_1.16.1/plugins/com.st.stm32cube.ide.mcu.externaltools.gnu-tools-for-stm32.12.3.rel1.linux64_1.0.200.202406132123/tools/bin/../lib/gcc/arm-none-eabi/12.3.1/../../../../arm-none-eabi/lib/thumb/v7e-m+fp/hard/libc_nano.a(libc_a-findfp.o)
                0x0800d5d4                __sfp_lock_release
 .text.__sinit  0x0800d5e0       0x30 /opt/st/stm32cubeide_1.16.1/plugins/com.st.stm32cube.ide.mcu.externaltools.gnu-tools-for-stm32.12.3.rel1.linux64_1.0.200.202406132123/tools/bin/../lib/gcc/arm-none-eabi/12.3.1/../../../../arm-none-eabi/lib/thumb/v7e-m+fp/hard/libc_nano.a(libc_a-findfp.o)
                0x0800d5e0                __sinit
 .text._fwalk_sglue
                0x0800d610       0x3c /opt/st/stm32cubeide_1.16.1/plugins/com.st.stm32cube.ide.mcu.externaltools.gnu-tools-for-stm32.12.3.rel1.linux64_1.0.200.202406132123/tools/bin/../lib/gcc/arm-none-eabi/12.3.1/../../../../arm-none-eabi/lib/thumb/v7e-m+fp/hard/libc_nano.a(libc_a-fwalk.o)
                0x0800d610                _fwalk_sglue
 .text.printf   0x0800d64c       0x24 /opt/st/stm32cubeide_1.16.1/plugins/com.st.stm32cube.ide.mcu.externaltools.gnu-tools-for-stm32.12.3.rel1.linux64_1.0.200.202406132123/tools/bin/../lib/gcc/arm-none-eabi/12.3.1/../../../../arm-none-eabi/lib/thumb/v7e-m+fp/hard/libc_nano.a(libc_a-printf.o)
                0x0800d64c                printf
                0x0800d64c                iprintf
 .text._puts_r  0x0800d670       0xaa /opt/st/stm32cubeide_1.16.1/plugins/com.st.stm32cube.ide.mcu.externaltools.gnu-tools-for-stm32.12.3.rel1.linux64_1.0.200.202406132123/tools/bin/../lib/gcc/arm-none-eabi/12.3.1/../../../../arm-none-eabi/lib/thumb/v7e-m+fp/hard/libc_nano.a(libc_a-puts.o)
                0x0800d670                _puts_r
 *fill*         0x0800d71a        0x2 
 .text.puts     0x0800d71c       0x10 /opt/st/stm32cubeide_1.16.1/plugins/com.st.stm32cube.ide.mcu.externaltools.gnu-tools-for-stm32.12.3.rel1.linux64_1.0.200.202406132123/tools/bin/../lib/gcc/arm-none-eabi/12.3.1/../../../../arm-none-eabi/lib/thumb/v7e-m+fp/hard/libc_nano.a(libc_a-puts.o)
                0x0800d71c                puts
 .text.snprintf
                0x0800d72c       0x68 /opt/st/stm32cubeide_1.16.1/plugins/com.st.stm32cube.ide.mcu.externaltools.gnu-tools-for-stm32.12.3.rel1.linux64_1.0.200.202406132123/tools/bin/../lib/gcc/arm-none-eabi/12.3.1/../../../../arm-none-eabi/lib/thumb/v7e-m+fp/hard/libc_nano.a(libc_a-snprintf.o)
                0x0800d72c                snprintf
                0x0800d72c                sniprintf
 .text.__sread  0x0800d794       0x22 /opt/st/stm32cubeide_1.16.1/plugins/com.st.stm32cube.ide.mcu.externaltools.gnu-tools-for-stm32.12.3.rel1.linux64_1.0.200.202406132123/tools/bin/../lib/gcc/arm-none-eabi/12.3.1/../../../../arm-none-eabi/lib/thumb/v7e-m+fp/hard/libc_nano.a(libc_a-stdio.o)
                0x0800d794                __sread
 .text.__swrite
                0x0800d7b6       0x38 /opt/st/stm32cubeide_1.16.1/plugins/com.st.stm32cube.ide.mcu.externaltools.gnu-tools-for-stm32.12.3.rel1.linux64_1.0.200.202406132123/tools/bin/../lib/gcc/arm-none-eabi/12.3.1/../../../../arm-none-eabi/lib/thumb/v7e-m+fp/hard/libc_nano.a(libc_a-stdio.o)
                0x0800d7b6                __swrite
 .text.__sseek  0x0800d7ee       0x24 /opt/st/stm32cubeide_1.16.1/plugins/com.st.stm32cube.ide.mcu.externaltools.gnu-tools-for-stm32.12.3.rel1.linux64_1.0.200.202406132123/tools/bin/../lib/gcc/arm-none-eabi/12.3.1/../../../../arm-none-eabi/lib/thumb/v7e-m+fp/hard/libc_nano.a(libc_a-stdio.o)
                0x0800d7ee                __sseek
 .text.__sclose
                0x0800d812        0x8 /opt/st/stm32cubeide_1.16.1/plugins/com.st.stm32cube.ide.mcu.externaltools.gnu-tools-for-stm32.12.3.rel1.linux64_1.0.200.202406132123/tools/bin/../lib/gcc/arm-none-eabi/12.3.1/../../../../arm-none-eabi/lib/thumb/v7e-m+fp/hard/libc_nano.a(libc_a-stdio.o)
                0x0800d812                __sclose
 .text.__swbuf_r
                0x0800d81a       0x7c /opt/st/stm32cubeide_1.16.1/plugins/com.st.stm32cube.ide.mcu.externaltools.gnu-tools-for-stm32.12.3.rel1.linux64_1.0.200.202406132123/tools/bin/../lib/gcc/arm-none-eabi/12.3.1/../../../../arm-none-eabi/lib/thumb/v7e-m+fp/hard/libc_nano.a(libc_a-wbuf.o)
                0x0800d81a                __swbuf_r
 *fill*         0x0800d896        0x2 
 .text.__swsetup_r
                0x0800d898       0xac /opt/st/stm32cubeide_1.16.1/plugins/com.st.stm32cube.ide.mcu.externaltools.gnu-tools-for-stm32.12.3.rel1.linux64_1.0.200.202406132123/tools/bin/../lib/gcc/arm-none-eabi/12.3.1/../../../../arm-none-eabi/lib/thumb/v7e-m+fp/hard/libc_nano.a(libc_a-wsetup.o)
                0x0800d898                __swsetup_r
 .text.memset   0x0800d944       0x10 /opt/st/stm32cubeide_1.16.1/plugins/com.st.stm32cube.ide.mcu.externaltools.gnu-tools-for-stm32.12.3.rel1.linux64_1.0.200.202406132123/tools/bin/../lib/gcc/arm-none-eabi/12.3.1/../../../../arm-none-eabi/lib/thumb/v7e-m+fp/hard/libc_nano.a(libc_a-memset.o)
                0x0800d944                memset
 .text._localeconv_r
                0x0800d954        0x8 /opt/st/stm32cubeide_1.16.1/plugins/com.st.stm32cube.ide.mcu.externaltools.gnu-tools-for-stm32.12.3.rel1.linux64_1.0.200.202406132123/tools/bin/../lib/gcc/arm-none-eabi/12.3.1/../../../../arm-none-eabi/lib/thumb/v7e-m+fp/hard/libc_nano.a(libc_a-localeconv.o)
                0x0800d954                _localeconv_r
 .text._close_r
                0x0800d95c       0x20 /opt/st/stm32cubeide_1.16.1/plugins/com.st.stm32cube.ide.mcu.externaltools.gnu-tools-for-stm32.12.3.rel1.linux64_1.0.200.202406132123/tools/bin/../lib/gcc/arm-none-eabi/12.3.1/../../../../arm-none-eabi/lib/thumb/v7e-m+fp/hard/libc_nano.a(libc_a-closer.o)
                0x0800d95c                _close_r
 .text._reclaim_reent
                0x0800d97c       0xac /opt/st/stm32cubeide_1.16.1/plugins/com.st.stm32cube.ide.mcu.externaltools.gnu-tools-for-stm32.12.3.rel1.linux64_1.0.200.202406132123/tools/bin/../lib/gcc/arm-none-eabi/12.3.1/../../../../arm-none-eabi/lib/thumb/v7e-m+fp/hard/libc_nano.a(libc_a-reent.o)
                0x0800d97c                _reclaim_reent
 .text._lseek_r
                0x0800da28       0x24 /opt/st/stm32cubeide_1.16.1/plugins/com.st.stm32cube.ide.mcu.externaltools.gnu-tools-for-stm32.12.3.rel1.linux64_1.0.200.202406132123/tools/bin/../lib/gcc/arm-none-eabi/12.3.1/../../../../arm-none-eabi/lib/thumb/v7e-m+fp/hard/libc_nano.a(libc_a-lseekr.o)
                0x0800da28                _lseek_r
 .text._read_r  0x0800da4c       0x24 /opt/st/stm32cubeide_1.16.1/plugins/com.st.stm32cube.ide.mcu.externaltools.gnu-tools-for-stm32.12.3.rel1.linux64_1.0.200.202406132123/tools/bin/../lib/gcc/arm-none-eabi/12.3.1/../../../../arm-none-eabi/lib/thumb/v7e-m+fp/hard/libc_nano.a(libc_a-readr.o)
                0x0800da4c                _read_r
 .text._write_r
                0x0800da70       0x24 /opt/st/stm32cubeide_1.16.1/plugins/com.st.stm32cube.ide.mcu.externaltools.gnu-tools-for-stm32.12.3.rel1.linux64_1.0.200.202406132123/tools/bin/../lib/gcc/arm-none-eabi/12.3.1/../../../../arm-none-eabi/lib/thumb/v7e-m+fp/hard/libc_nano.a(libc_a-writer.o)
                0x0800da70                _write_r
 .text.__errno  0x0800da94        0xc /opt/st/stm32cubeide_1.16.1/plugins/com.st.stm32cube.ide.mcu.externaltools.gnu-tools-for-stm32.12.3.rel1.linux64_1.0.200.202406132123/tools/bin/../lib/gcc/arm-none-eabi/12.3.1/../../../../arm-none-eabi/lib/thumb/v7e-m+fp/hard/libc_nano.a(libc_a-errno.o)
                0x0800da94                __errno
 .text.__libc_init_array
                0x0800daa0       0x48 /opt/st/stm32cubeide_1.16.1/plugins/com.st.stm32cube.ide.mcu.externaltools.gnu-tools-for-stm32.12.3.rel1.linux64_1.0.200.202406132123/tools/bin/../lib/gcc/arm-none-eabi/12.3.1/../../../../arm-none-eabi/lib/thumb/v7e-m+fp/hard/libc_nano.a(libc_a-init.o)
                0x0800daa0                __libc_init_array
 .text.__retarget_lock_init_recursive
                0x0800dae8        0x2 /opt/st/stm32cubeide_1.16.1/plugins/com.st.stm32cube.ide.mcu.externaltools.gnu-tools-for-stm32.12.3.rel1.linux64_1.0.200.202406132123/tools/bin/../lib/gcc/arm-none-eabi/12.3.1/../../../../arm-none-eabi/lib/thumb/v7e-m+fp/hard/libc_nano.a(libc_a-lock.o)
                0x0800dae8                __retarget_lock_init_recursive
 .text.__retarget_lock_acquire_recursive
                0x0800daea        0x2 /opt/st/stm32cubeide_1.16.1/plugins/com.st.stm32cube.ide.mcu.externaltools.gnu-tools-for-stm32.12.3.rel1.linux64_1.0.200.202406132123/tools/bin/../lib/gcc/arm-none-eabi/12.3.1/../../../../arm-none-eabi/lib/thumb/v7e-m+fp/hard/libc_nano.a(libc_a-lock.o)
                0x0800daea                __retarget_lock_acquire_recursive
 .text.__retarget_lock_release_recursive
                0x0800daec        0x2 /opt/st/stm32cubeide_1.16.1/plugins/com.st.stm32cube.ide.mcu.externaltools.gnu-tools-for-stm32.12.3.rel1.linux64_1.0.200.202406132123/tools/bin/../lib/gcc/arm-none-eabi/12.3.1/../../../../arm-none-eabi/lib/thumb/v7e-m+fp/hard/libc_nano.a(libc_a-lock.o)
                0x0800daec                __retarget_lock_release_recursive
 .text.memcpy   0x0800daee       0x1c /opt/st/stm32cubeide_1.16.1/plugins/com.st.stm32cube.ide.mcu.externaltools.gnu-tools-for-stm32.12.3.rel1.linux64_1.0.200.202406132123/tools/bin/../lib/gcc/arm-none-eabi/12.3.1/../../../../arm-none-eabi/lib/thumb/v7e-m+fp/hard/libc_nano.a(libc_a-memcpy-stub.o)
                0x0800daee                memcpy
 .text.quorem   0x0800db0a      0x110 /opt/st/stm32cubeide_1.16.1/plugins/com.st.stm32cube.ide.mcu.externaltools.gnu-tools-for-stm32.12.3.rel1.linux64_1.0.200.202406132123/tools/bin/../lib/gcc/arm-none-eabi/12.3.1/../../../../arm-none-eabi/lib/thumb/v7e-m+fp/hard/libc_nano.a(libc_a-dtoa.o)
 *fill*         0x0800dc1a        0x6 
 .text._dtoa_r  0x0800dc20      0xb88 /opt/st/stm32cubeide_1.16.1/plugins/com.st.stm32cube.ide.mcu.externaltools.gnu-tools-for-stm32.12.3.rel1.linux64_1.0.200.202406132123/tools/bin/../lib/gcc/arm-none-eabi/12.3.1/../../../../arm-none-eabi/lib/thumb/v7e-m+fp/hard/libc_nano.a(libc_a-dtoa.o)
                0x0800dc20                _dtoa_r
 .text._free_r  0x0800e7a8       0x94 /opt/st/stm32cubeide_1.16.1/plugins/com.st.stm32cube.ide.mcu.externaltools.gnu-tools-for-stm32.12.3.rel1.linux64_1.0.200.202406132123/tools/bin/../lib/gcc/arm-none-eabi/12.3.1/../../../../arm-none-eabi/lib/thumb/v7e-m+fp/hard/libc_nano.a(libc_a-freer.o)
                0x0800e7a8                _free_r
 .text.malloc   0x0800e83c       0x10 /opt/st/stm32cubeide_1.16.1/plugins/com.st.stm32cube.ide.mcu.externaltools.gnu-tools-for-stm32.12.3.rel1.linux64_1.0.200.202406132123/tools/bin/../lib/gcc/arm-none-eabi/12.3.1/../../../../arm-none-eabi/lib/thumb/v7e-m+fp/hard/libc_nano.a(libc_a-malloc.o)
                0x0800e83c                malloc
 .text.sbrk_aligned
                0x0800e84c       0x44 /opt/st/stm32cubeide_1.16.1/plugins/com.st.stm32cube.ide.mcu.externaltools.gnu-tools-for-stm32.12.3.rel1.linux64_1.0.200.202406132123/tools/bin/../lib/gcc/arm-none-eabi/12.3.1/../../../../arm-none-eabi/lib/thumb/v7e-m+fp/hard/libc_nano.a(libc_a-mallocr.o)
 .text._malloc_r
                0x0800e890      0x100 /opt/st/stm32cubeide_1.16.1/plugins/com.st.stm32cube.ide.mcu.externaltools.gnu-tools-for-stm32.12.3.rel1.linux64_1.0.200.202406132123/tools/bin/../lib/gcc/arm-none-eabi/12.3.1/../../../../arm-none-eabi/lib/thumb/v7e-m+fp/hard/libc_nano.a(libc_a-mallocr.o)
                0x0800e890                _malloc_r
 .text.__malloc_lock
                0x0800e990        0xc /opt/st/stm32cubeide_1.16.1/plugins/com.st.stm32cube.ide.mcu.externaltools.gnu-tools-for-stm32.12.3.rel1.linux64_1.0.200.202406132123/tools/bin/../lib/gcc/arm-none-eabi/12.3.1/../../../../arm-none-eabi/lib/thumb/v7e-m+fp/hard/libc_nano.a(libc_a-mlock.o)
                0x0800e990                __malloc_lock
 .text.__malloc_unlock
                0x0800e99c        0xc /opt/st/stm32cubeide_1.16.1/plugins/com.st.stm32cube.ide.mcu.externaltools.gnu-tools-for-stm32.12.3.rel1.linux64_1.0.200.202406132123/tools/bin/../lib/gcc/arm-none-eabi/12.3.1/../../../../arm-none-eabi/lib/thumb/v7e-m+fp/hard/libc_nano.a(libc_a-mlock.o)
                0x0800e99c                __malloc_unlock
 .text._Balloc  0x0800e9a8       0x80 /opt/st/stm32cubeide_1.16.1/plugins/com.st.stm32cube.ide.mcu.externaltools.gnu-tools-for-stm32.12.3.rel1.linux64_1.0.200.202406132123/tools/bin/../lib/gcc/arm-none-eabi/12.3.1/../../../../arm-none-eabi/lib/thumb/v7e-m+fp/hard/libc_nano.a(libc_a-mprec.o)
                0x0800e9a8                _Balloc
 .text._Bfree   0x0800ea28       0x44 /opt/st/stm32cubeide_1.16.1/plugins/com.st.stm32cube.ide.mcu.externaltools.gnu-tools-for-stm32.12.3.rel1.linux64_1.0.200.202406132123/tools/bin/../lib/gcc/arm-none-eabi/12.3.1/../../../../arm-none-eabi/lib/thumb/v7e-m+fp/hard/libc_nano.a(libc_a-mprec.o)
                0x0800ea28                _Bfree
 .text.__multadd
                0x0800ea6c       0x8c /opt/st/stm32cubeide_1.16.1/plugins/com.st.stm32cube.ide.mcu.externaltools.gnu-tools-for-stm32.12.3.rel1.linux64_1.0.200.202406132123/tools/bin/../lib/gcc/arm-none-eabi/12.3.1/../../../../arm-none-eabi/lib/thumb/v7e-m+fp/hard/libc_nano.a(libc_a-mprec.o)
                0x0800ea6c                __multadd
 .text.__hi0bits
                0x0800eaf8       0x3e /opt/st/stm32cubeide_1.16.1/plugins/com.st.stm32cube.ide.mcu.externaltools.gnu-tools-for-stm32.12.3.rel1.linux64_1.0.200.202406132123/tools/bin/../lib/gcc/arm-none-eabi/12.3.1/../../../../arm-none-eabi/lib/thumb/v7e-m+fp/hard/libc_nano.a(libc_a-mprec.o)
                0x0800eaf8                __hi0bits
 .text.__lo0bits
                0x0800eb36       0x5a /opt/st/stm32cubeide_1.16.1/plugins/com.st.stm32cube.ide.mcu.externaltools.gnu-tools-for-stm32.12.3.rel1.linux64_1.0.200.202406132123/tools/bin/../lib/gcc/arm-none-eabi/12.3.1/../../../../arm-none-eabi/lib/thumb/v7e-m+fp/hard/libc_nano.a(libc_a-mprec.o)
                0x0800eb36                __lo0bits
 .text.__i2b    0x0800eb90       0x2c /opt/st/stm32cubeide_1.16.1/plugins/com.st.stm32cube.ide.mcu.externaltools.gnu-tools-for-stm32.12.3.rel1.linux64_1.0.200.202406132123/tools/bin/../lib/gcc/arm-none-eabi/12.3.1/../../../../arm-none-eabi/lib/thumb/v7e-m+fp/hard/libc_nano.a(libc_a-mprec.o)
                0x0800eb90                __i2b
 .text.__multiply
                0x0800ebbc      0x154 /opt/st/stm32cubeide_1.16.1/plugins/com.st.stm32cube.ide.mcu.externaltools.gnu-tools-for-stm32.12.3.rel1.linux64_1.0.200.202406132123/tools/bin/../lib/gcc/arm-none-eabi/12.3.1/../../../../arm-none-eabi/lib/thumb/v7e-m+fp/hard/libc_nano.a(libc_a-mprec.o)
                0x0800ebbc                __multiply
 .text.__pow5mult
                0x0800ed10       0xb4 /opt/st/stm32cubeide_1.16.1/plugins/com.st.stm32cube.ide.mcu.externaltools.gnu-tools-for-stm32.12.3.rel1.linux64_1.0.200.202406132123/tools/bin/../lib/gcc/arm-none-eabi/12.3.1/../../../../arm-none-eabi/lib/thumb/v7e-m+fp/hard/libc_nano.a(libc_a-mprec.o)
                0x0800ed10                __pow5mult
 .text.__lshift
                0x0800edc4       0xd8 /opt/st/stm32cubeide_1.16.1/plugins/com.st.stm32cube.ide.mcu.externaltools.gnu-tools-for-stm32.12.3.rel1.linux64_1.0.200.202406132123/tools/bin/../lib/gcc/arm-none-eabi/12.3.1/../../../../arm-none-eabi/lib/thumb/v7e-m+fp/hard/libc_nano.a(libc_a-mprec.o)
                0x0800edc4                __lshift
 .text.__mcmp   0x0800ee9c       0x36 /opt/st/stm32cubeide_1.16.1/plugins/com.st.stm32cube.ide.mcu.externaltools.gnu-tools-for-stm32.12.3.rel1.linux64_1.0.200.202406132123/tools/bin/../lib/gcc/arm-none-eabi/12.3.1/../../../../arm-none-eabi/lib/thumb/v7e-m+fp/hard/libc_nano.a(libc_a-mprec.o)
                0x0800ee9c                __mcmp
 *fill*         0x0800eed2        0x2 
 .text.__mdiff  0x0800eed4      0x128 /opt/st/stm32cubeide_1.16.1/plugins/com.st.stm32cube.ide.mcu.externaltools.gnu-tools-for-stm32.12.3.rel1.linux64_1.0.200.202406132123/tools/bin/../lib/gcc/arm-none-eabi/12.3.1/../../../../arm-none-eabi/lib/thumb/v7e-m+fp/hard/libc_nano.a(libc_a-mprec.o)
                0x0800eed4                __mdiff
 .text.__d2b    0x0800effc       0xb0 /opt/st/stm32cubeide_1.16.1/plugins/com.st.stm32cube.ide.mcu.externaltools.gnu-tools-for-stm32.12.3.rel1.linux64_1.0.200.202406132123/tools/bin/../lib/gcc/arm-none-eabi/12.3.1/../../../../arm-none-eabi/lib/thumb/v7e-m+fp/hard/libc_nano.a(libc_a-mprec.o)
                0x0800effc                __d2b
 .text.__ssputs_r
                0x0800f0ac       0xb6 /opt/st/stm32cubeide_1.16.1/plugins/com.st.stm32cube.ide.mcu.externaltools.gnu-tools-for-stm32.12.3.rel1.linux64_1.0.200.202406132123/tools/bin/../lib/gcc/arm-none-eabi/12.3.1/../../../../arm-none-eabi/lib/thumb/v7e-m+fp/hard/libc_nano.a(libc_a-nano-svfprintf.o)
                0x0800f0ac                __ssputs_r
 *fill*         0x0800f162        0x2 
 .text._svfprintf_r
                0x0800f164      0x1f8 /opt/st/stm32cubeide_1.16.1/plugins/com.st.stm32cube.ide.mcu.externaltools.gnu-tools-for-stm32.12.3.rel1.linux64_1.0.200.202406132123/tools/bin/../lib/gcc/arm-none-eabi/12.3.1/../../../../arm-none-eabi/lib/thumb/v7e-m+fp/hard/libc_nano.a(libc_a-nano-svfprintf.o)
                0x0800f164                _svfprintf_r
                0x0800f164                _svfiprintf_r
 .text.__sfputc_r
                0x0800f35c       0x2e /opt/st/stm32cubeide_1.16.1/plugins/com.st.stm32cube.ide.mcu.externaltools.gnu-tools-for-stm32.12.3.rel1.linux64_1.0.200.202406132123/tools/bin/../lib/gcc/arm-none-eabi/12.3.1/../../../../arm-none-eabi/lib/thumb/v7e-m+fp/hard/libc_nano.a(libc_a-nano-vfprintf.o)
 .text.__sfputs_r
                0x0800f38a       0x24 /opt/st/stm32cubeide_1.16.1/plugins/com.st.stm32cube.ide.mcu.externaltools.gnu-tools-for-stm32.12.3.rel1.linux64_1.0.200.202406132123/tools/bin/../lib/gcc/arm-none-eabi/12.3.1/../../../../arm-none-eabi/lib/thumb/v7e-m+fp/hard/libc_nano.a(libc_a-nano-vfprintf.o)
                0x0800f38a                __sfputs_r
 *fill*         0x0800f3ae        0x2 
 .text._vfprintf_r
                0x0800f3b0      0x230 /opt/st/stm32cubeide_1.16.1/plugins/com.st.stm32cube.ide.mcu.externaltools.gnu-tools-for-stm32.12.3.rel1.linux64_1.0.200.202406132123/tools/bin/../lib/gcc/arm-none-eabi/12.3.1/../../../../arm-none-eabi/lib/thumb/v7e-m+fp/hard/libc_nano.a(libc_a-nano-vfprintf.o)
                0x0800f3b0                _vfiprintf_r
                0x0800f3b0                _vfprintf_r
 .text.__sflush_r
                0x0800f5e0      0x108 /opt/st/stm32cubeide_1.16.1/plugins/com.st.stm32cube.ide.mcu.externaltools.gnu-tools-for-stm32.12.3.rel1.linux64_1.0.200.202406132123/tools/bin/../lib/gcc/arm-none-eabi/12.3.1/../../../../arm-none-eabi/lib/thumb/v7e-m+fp/hard/libc_nano.a(libc_a-fflush.o)
                0x0800f5e0                __sflush_r
 .text._fflush_r
                0x0800f6e8       0x50 /opt/st/stm32cubeide_1.16.1/plugins/com.st.stm32cube.ide.mcu.externaltools.gnu-tools-for-stm32.12.3.rel1.linux64_1.0.200.202406132123/tools/bin/../lib/gcc/arm-none-eabi/12.3.1/../../../../arm-none-eabi/lib/thumb/v7e-m+fp/hard/libc_nano.a(libc_a-fflush.o)
                0x0800f6e8                _fflush_r
 .text.__swhatbuf_r
                0x0800f738       0x4c /opt/st/stm32cubeide_1.16.1/plugins/com.st.stm32cube.ide.mcu.externaltools.gnu-tools-for-stm32.12.3.rel1.linux64_1.0.200.202406132123/tools/bin/../lib/gcc/arm-none-eabi/12.3.1/../../../../arm-none-eabi/lib/thumb/v7e-m+fp/hard/libc_nano.a(libc_a-makebuf.o)
                0x0800f738                __swhatbuf_r
 .text.__smakebuf_r
                0x0800f784       0x78 /opt/st/stm32cubeide_1.16.1/plugins/com.st.stm32cube.ide.mcu.externaltools.gnu-tools-for-stm32.12.3.rel1.linux64_1.0.200.202406132123/tools/bin/../lib/gcc/arm-none-eabi/12.3.1/../../../../arm-none-eabi/lib/thumb/v7e-m+fp/hard/libc_nano.a(libc_a-makebuf.o)
                0x0800f784                __smakebuf_r
 .text.memmove  0x0800f7fc       0x34 /opt/st/stm32cubeide_1.16.1/plugins/com.st.stm32cube.ide.mcu.externaltools.gnu-tools-for-stm32.12.3.rel1.linux64_1.0.200.202406132123/tools/bin/../lib/gcc/arm-none-eabi/12.3.1/../../../../arm-none-eabi/lib/thumb/v7e-m+fp/hard/libc_nano.a(libc_a-memmove.o)
                0x0800f7fc                memmove
 .text._fstat_r
                0x0800f830       0x24 /opt/st/stm32cubeide_1.16.1/plugins/com.st.stm32cube.ide.mcu.externaltools.gnu-tools-for-stm32.12.3.rel1.linux64_1.0.200.202406132123/tools/bin/../lib/gcc/arm-none-eabi/12.3.1/../../../../arm-none-eabi/lib/thumb/v7e-m+fp/hard/libc_nano.a(libc_a-fstatr.o)
                0x0800f830                _fstat_r
 .text._isatty_r
                0x0800f854       0x20 /opt/st/stm32cubeide_1.16.1/plugins/com.st.stm32cube.ide.mcu.externaltools.gnu-tools-for-stm32.12.3.rel1.linux64_1.0.200.202406132123/tools/bin/../lib/gcc/arm-none-eabi/12.3.1/../../../../arm-none-eabi/lib/thumb/v7e-m+fp/hard/libc_nano.a(libc_a-isattyr.o)
                0x0800f854                _isatty_r
 .text._sbrk_r  0x0800f874       0x20 /opt/st/stm32cubeide_1.16.1/plugins/com.st.stm32cube.ide.mcu.externaltools.gnu-tools-for-stm32.12.3.rel1.linux64_1.0.200.202406132123/tools/bin/../lib/gcc/arm-none-eabi/12.3.1/../../../../arm-none-eabi/lib/thumb/v7e-m+fp/hard/libc_nano.a(libc_a-sbrkr.o)
                0x0800f874                _sbrk_r
 .text.__assert_func
                0x0800f894       0x3c /opt/st/stm32cubeide_1.16.1/plugins/com.st.stm32cube.ide.mcu.externaltools.gnu-tools-for-stm32.12.3.rel1.linux64_1.0.200.202406132123/tools/bin/../lib/gcc/arm-none-eabi/12.3.1/../../../../arm-none-eabi/lib/thumb/v7e-m+fp/hard/libc_nano.a(libc_a-assert.o)
                0x0800f894                __assert_func
 .text._calloc_r
                0x0800f8d0       0x28 /opt/st/stm32cubeide_1.16.1/plugins/com.st.stm32cube.ide.mcu.externaltools.gnu-tools-for-stm32.12.3.rel1.linux64_1.0.200.202406132123/tools/bin/../lib/gcc/arm-none-eabi/12.3.1/../../../../arm-none-eabi/lib/thumb/v7e-m+fp/hard/libc_nano.a(libc_a-callocr.o)
                0x0800f8d0                _calloc_r
 .text.__ascii_mbtowc
                0x0800f8f8       0x24 /opt/st/stm32cubeide_1.16.1/plugins/com.st.stm32cube.ide.mcu.externaltools.gnu-tools-for-stm32.12.3.rel1.linux64_1.0.200.202406132123/tools/bin/../lib/gcc/arm-none-eabi/12.3.1/../../../../arm-none-eabi/lib/thumb/v7e-m+fp/hard/libc_nano.a(libc_a-mbtowc_r.o)
                0x0800f8f8                __ascii_mbtowc
 .text._realloc_r
                0x0800f91c       0x5c /opt/st/stm32cubeide_1.16.1/plugins/com.st.stm32cube.ide.mcu.externaltools.gnu-tools-for-stm32.12.3.rel1.linux64_1.0.200.202406132123/tools/bin/../lib/gcc/arm-none-eabi/12.3.1/../../../../arm-none-eabi/lib/thumb/v7e-m+fp/hard/libc_nano.a(libc_a-reallocr.o)
                0x0800f91c                _realloc_r
 .text.__ascii_wctomb
                0x0800f978       0x1a /opt/st/stm32cubeide_1.16.1/plugins/com.st.stm32cube.ide.mcu.externaltools.gnu-tools-for-stm32.12.3.rel1.linux64_1.0.200.202406132123/tools/bin/../lib/gcc/arm-none-eabi/12.3.1/../../../../arm-none-eabi/lib/thumb/v7e-m+fp/hard/libc_nano.a(libc_a-wctomb_r.o)
                0x0800f978                __ascii_wctomb
 *fill*         0x0800f992        0x2 
 .text.fprintf  0x0800f994       0x24 /opt/st/stm32cubeide_1.16.1/plugins/com.st.stm32cube.ide.mcu.externaltools.gnu-tools-for-stm32.12.3.rel1.linux64_1.0.200.202406132123/tools/bin/../lib/gcc/arm-none-eabi/12.3.1/../../../../arm-none-eabi/lib/thumb/v7e-m+fp/hard/libc_nano.a(libc_a-fprintf.o)
                0x0800f994                fprintf
                0x0800f994                fiprintf
 .text.abort    0x0800f9b8        0xe /opt/st/stm32cubeide_1.16.1/plugins/com.st.stm32cube.ide.mcu.externaltools.gnu-tools-for-stm32.12.3.rel1.linux64_1.0.200.202406132123/tools/bin/../lib/gcc/arm-none-eabi/12.3.1/../../../../arm-none-eabi/lib/thumb/v7e-m+fp/hard/libc_nano.a(libc_a-abort.o)
                0x0800f9b8                abort
 .text._malloc_usable_size_r
                0x0800f9c6       0x10 /opt/st/stm32cubeide_1.16.1/plugins/com.st.stm32cube.ide.mcu.externaltools.gnu-tools-for-stm32.12.3.rel1.linux64_1.0.200.202406132123/tools/bin/../lib/gcc/arm-none-eabi/12.3.1/../../../../arm-none-eabi/lib/thumb/v7e-m+fp/hard/libc_nano.a(libc_a-msizer.o)
                0x0800f9c6                _malloc_usable_size_r
 .text._raise_r
                0x0800f9d6       0x50 /opt/st/stm32cubeide_1.16.1/plugins/com.st.stm32cube.ide.mcu.externaltools.gnu-tools-for-stm32.12.3.rel1.linux64_1.0.200.202406132123/tools/bin/../lib/gcc/arm-none-eabi/12.3.1/../../../../arm-none-eabi/lib/thumb/v7e-m+fp/hard/libc_nano.a(libc_a-signal.o)
                0x0800f9d6                _raise_r
 *fill*         0x0800fa26        0x2 
 .text.raise    0x0800fa28       0x10 /opt/st/stm32cubeide_1.16.1/plugins/com.st.stm32cube.ide.mcu.externaltools.gnu-tools-for-stm32.12.3.rel1.linux64_1.0.200.202406132123/tools/bin/../lib/gcc/arm-none-eabi/12.3.1/../../../../arm-none-eabi/lib/thumb/v7e-m+fp/hard/libc_nano.a(libc_a-signal.o)
                0x0800fa28                raise
 .text._kill_r  0x0800fa38       0x24 /opt/st/stm32cubeide_1.16.1/plugins/com.st.stm32cube.ide.mcu.externaltools.gnu-tools-for-stm32.12.3.rel1.linux64_1.0.200.202406132123/tools/bin/../lib/gcc/arm-none-eabi/12.3.1/../../../../arm-none-eabi/lib/thumb/v7e-m+fp/hard/libc_nano.a(libc_a-signalr.o)
                0x0800fa38                _kill_r
 .text._getpid_r
                0x0800fa5c        0x4 /opt/st/stm32cubeide_1.16.1/plugins/com.st.stm32cube.ide.mcu.externaltools.gnu-tools-for-stm32.12.3.rel1.linux64_1.0.200.202406132123/tools/bin/../lib/gcc/arm-none-eabi/12.3.1/../../../../arm-none-eabi/lib/thumb/v7e-m+fp/hard/libc_nano.a(libc_a-signalr.o)
                0x0800fa5c                _getpid_r
 .text.atan2    0x0800fa60        0x4 /opt/st/stm32cubeide_1.16.1/plugins/com.st.stm32cube.ide.mcu.externaltools.gnu-tools-for-stm32.12.3.rel1.linux64_1.0.200.202406132123/tools/bin/../lib/gcc/arm-none-eabi/12.3.1/../../../../arm-none-eabi/lib/thumb/v7e-m+fp/hard/libm.a(libm_a-w_atan2.o)
                0x0800fa60                atan2
 .text.sqrt     0x0800fa64       0x58 /opt/st/stm32cubeide_1.16.1/plugins/com.st.stm32cube.ide.mcu.externaltools.gnu-tools-for-stm32.12.3.rel1.linux64_1.0.200.202406132123/tools/bin/../lib/gcc/arm-none-eabi/12.3.1/../../../../arm-none-eabi/lib/thumb/v7e-m+fp/hard/libm.a(libm_a-w_sqrt.o)
                0x0800fa64                sqrt
 *fill*         0x0800fabc        0x4 
 .text.atan     0x0800fac0      0x330 /opt/st/stm32cubeide_1.16.1/plugins/com.st.stm32cube.ide.mcu.externaltools.gnu-tools-for-stm32.12.3.rel1.linux64_1.0.200.202406132123/tools/bin/../lib/gcc/arm-none-eabi/12.3.1/../../../../arm-none-eabi/lib/thumb/v7e-m+fp/hard/libm.a(libm_a-s_atan.o)
                0x0800fac0                atan
 .text.fabs     0x0800fdf0       0x10 /opt/st/stm32cubeide_1.16.1/plugins/com.st.stm32cube.ide.mcu.externaltools.gnu-tools-for-stm32.12.3.rel1.linux64_1.0.200.202406132123/tools/bin/../lib/gcc/arm-none-eabi/12.3.1/../../../../arm-none-eabi/lib/thumb/v7e-m+fp/hard/libm.a(libm_a-s_fabs.o)
                0x0800fdf0                fabs
 .text.__ieee754_sqrt
                0x0800fe00      0x1b4 /opt/st/stm32cubeide_1.16.1/plugins/com.st.stm32cube.ide.mcu.externaltools.gnu-tools-for-stm32.12.3.rel1.linux64_1.0.200.202406132123/tools/bin/../lib/gcc/arm-none-eabi/12.3.1/../../../../arm-none-eabi/lib/thumb/v7e-m+fp/hard/libm.a(libm_a-e_sqrt.o)
                0x0800fe00                __ieee754_sqrt
 *fill*         0x0800ffb4        0x4 
 .text.__ieee754_atan2
                0x0800ffb8      0x18c /opt/st/stm32cubeide_1.16.1/plugins/com.st.stm32cube.ide.mcu.externaltools.gnu-tools-for-stm32.12.3.rel1.linux64_1.0.200.202406132123/tools/bin/../lib/gcc/arm-none-eabi/12.3.1/../../../../arm-none-eabi/lib/thumb/v7e-m+fp/hard/libm.a(libm_a-e_atan2.o)
                0x0800ffb8                __ieee754_atan2
 *(.glue_7)
 .glue_7        0x08010144        0x0 linker stubs
 *(.glue_7t)
 .glue_7t       0x08010144        0x0 linker stubs
 *(.eh_frame)
 .eh_frame      0x08010144        0x0 /opt/st/stm32cubeide_1.16.1/plugins/com.st.stm32cube.ide.mcu.externaltools.gnu-tools-for-stm32.12.3.rel1.linux64_1.0.200.202406132123/tools/bin/../lib/gcc/arm-none-eabi/12.3.1/thumb/v7e-m+fp/hard/crtbegin.o
 *(.init)
 .init          0x08010144        0x4 /opt/st/stm32cubeide_1.16.1/plugins/com.st.stm32cube.ide.mcu.externaltools.gnu-tools-for-stm32.12.3.rel1.linux64_1.0.200.202406132123/tools/bin/../lib/gcc/arm-none-eabi/12.3.1/thumb/v7e-m+fp/hard/crti.o
                0x08010144                _init
 .init          0x08010148        0x8 /opt/st/stm32cubeide_1.16.1/plugins/com.st.stm32cube.ide.mcu.externaltools.gnu-tools-for-stm32.12.3.rel1.linux64_1.0.200.202406132123/tools/bin/../lib/gcc/arm-none-eabi/12.3.1/thumb/v7e-m+fp/hard/crtn.o
 *(.fini)
 .fini          0x08010150        0x4 /opt/st/stm32cubeide_1.16.1/plugins/com.st.stm32cube.ide.mcu.externaltools.gnu-tools-for-stm32.12.3.rel1.linux64_1.0.200.202406132123/tools/bin/../lib/gcc/arm-none-eabi/12.3.1/thumb/v7e-m+fp/hard/crti.o
                0x08010150                _fini
 .fini          0x08010154        0x8 /opt/st/stm32cubeide_1.16.1/plugins/com.st.stm32cube.ide.mcu.externaltools.gnu-tools-for-stm32.12.3.rel1.linux64_1.0.200.202406132123/tools/bin/../lib/gcc/arm-none-eabi/12.3.1/thumb/v7e-m+fp/hard/crtn.o
                0x0801015c                        . = ALIGN (0x4)
                0x0801015c                        _etext = .

.vfp11_veneer   0x0801015c        0x0
 .vfp11_veneer  0x0801015c        0x0 linker stubs

.v4_bx          0x0801015c        0x0
 .v4_bx         0x0801015c        0x0 linker stubs

.iplt           0x0801015c        0x0
 .iplt          0x0801015c        0x0 /opt/st/stm32cubeide_1.16.1/plugins/com.st.stm32cube.ide.mcu.externaltools.gnu-tools-for-stm32.12.3.rel1.linux64_1.0.200.202406132123/tools/bin/../lib/gcc/arm-none-eabi/12.3.1/thumb/v7e-m+fp/hard/crtbegin.o

.rodata         0x08010160      0xe88
                0x08010160                        . = ALIGN (0x4)
 *(.rodata)
 .rodata        0x08010160       0xb1 ./Core/Src/freertos.o
 *fill*         0x08010211        0x3 
 .rodata        0x08010214      0x157 ./Core/Src/main.o