Archive member included to satisfy reference by file (symbol)

/opt/st/stm32cubeide_1.16.1/plugins/com.st.stm32cube.ide.mcu.externaltools.gnu-tools-for-stm32.12.3.rel1.linux64_1.0.200.202406132123/tools/bin/../lib/gcc/arm-none-eabi/12.3.1/../../../../arm-none-eabi/lib/thumb/v7e-m+fp/hard/libc_nano.a(libc_a-exit.o)
                              /opt/st/stm32cubeide_1.16.1/plugins/com.st.stm32cube.ide.mcu.externaltools.gnu-tools-for-stm32.12.3.rel1.linux64_1.0.200.202406132123/tools/bin/../lib/gcc/arm-none-eabi/12.3.1/../../../../arm-none-eabi/lib/thumb/v7e-m+fp/hard/crt0.o (exit)
/opt/st/stm32cubeide_1.16.1/plugins/com.st.stm32cube.ide.mcu.externaltools.gnu-tools-for-stm32.12.3.rel1.linux64_1.0.200.202406132123/tools/bin/../lib/gcc/arm-none-eabi/12.3.1/../../../../arm-none-eabi/lib/thumb/v7e-m+fp/hard/libc_nano.a(libc_a-nano-vfprintf_float.o)
                              (_printf_float)
/opt/st/stm32cubeide_1.16.1/plugins/com.st.stm32cube.ide.mcu.externaltools.gnu-tools-for-stm32.12.3.rel1.linux64_1.0.200.202406132123/tools/bin/../lib/gcc/arm-none-eabi/12.3.1/../../../../arm-none-eabi/lib/thumb/v7e-m+fp/hard/libc_nano.a(libc_a-nano-vfprintf_i.o)
                              /opt/st/stm32cubeide_1.16.1/plugins/com.st.stm32cube.ide.mcu.externaltools.gnu-tools-for-stm32.12.3.rel1.linux64_1.0.200.202406132123/tools/bin/../lib/gcc/arm-none-eabi/12.3.1/../../../../arm-none-eabi/lib/thumb/v7e-m+fp/hard/libc_nano.a(libc_a-nano-vfprintf_float.o) (_printf_common)
/opt/st/stm32cubeide_1.16.1/plugins/com.st.stm32cube.ide.mcu.externaltools.gnu-tools-for-stm32.12.3.rel1.linux64_1.0.200.202406132123/tools/bin/../lib/gcc/arm-none-eabi/12.3.1/../../../../arm-none-eabi/lib/thumb/v7e-m+fp/hard/libc_nano.a(libc_a-findfp.o)
                              ./Middlewares/Third_Party/FreeRTOS/Source/tasks.o (__sf)
/opt/st/stm32cubeide_1.16.1/plugins/com.st.stm32cube.ide.mcu.externaltools.gnu-tools-for-stm32.12.3.rel1.linux64_1.0.200.202406132123/tools/bin/../lib/gcc/arm-none-eabi/12.3.1/../../../../arm-none-eabi/lib/thumb/v7e-m+fp/hard/libc_nano.a(libc_a-fwalk.o)
                              /opt/st/stm32cubeide_1.16.1/plugins/com.st.stm32cube.ide.mcu.externaltools.gnu-tools-for-stm32.12.3.rel1.linux64_1.0.200.202406132123/tools/bin/../lib/gcc/arm-none-eabi/12.3.1/../../../../arm-none-eabi/lib/thumb/v7e-m+fp/hard/libc_nano.a(libc_a-findfp.o) (_fwalk_sglue)
/opt/st/stm32cubeide_1.16.1/plugins/com.st.stm32cube.ide.mcu.externaltools.gnu-tools-for-stm32.12.3.rel1.linux64_1.0.200.202406132123/tools/bin/../lib/gcc/arm-none-eabi/12.3.1/../../../../arm-none-eabi/lib/thumb/v7e-m+fp/hard/libc_nano.a(libc_a-printf.o)
                              ./Bsp/ICM20948/icm20948.o (printf)
/opt/st/stm32cubeide_1.16.1/plugins/com.st.stm32cube.ide.mcu.externaltools.gnu-tools-for-stm32.12.3.rel1.linux64_1.0.200.202406132123/tools/bin/../lib/gcc/arm-none-eabi/12.3.1/../../../../arm-none-eabi/lib/thumb/v7e-m+fp/hard/libc_nano.a(libc_a-puts.o)
                              ./Bsp/ICM20948/icm20948.o (puts)
/opt/st/stm32cubeide_1.16.1/plugins/com.st.stm32cube.ide.mcu.externaltools.gnu-tools-for-stm32.12.3.rel1.linux64_1.0.200.202406132123/tools/bin/../lib/gcc/arm-none-eabi/12.3.1/../../../../arm-none-eabi/lib/thumb/v7e-m+fp/hard/libc_nano.a(libc_a-snprintf.o)
                              ./Core/Src/main.o (snprintf)
/opt/st/stm32cubeide_1.16.1/plugins/com.st.stm32cube.ide.mcu.externaltools.gnu-tools-for-stm32.12.3.rel1.linux64_1.0.200.202406132123/tools/bin/../lib/gcc/arm-none-eabi/12.3.1/../../../../arm-none-eabi/lib/thumb/v7e-m+fp/hard/libc_nano.a(libc_a-stdio.o)
                              /opt/st/stm32cubeide_1.16.1/plugins/com.st.stm32cube.ide.mcu.externaltools.gnu-tools-for-stm32.12.3.rel1.linux64_1.0.200.202406132123/tools/bin/../lib/gcc/arm-none-eabi/12.3.1/../../../../arm-none-eabi/lib/thumb/v7e-m+fp/hard/libc_nano.a(libc_a-findfp.o) (__sread)
/opt/st/stm32cubeide_1.16.1/plugins/com.st.stm32cube.ide.mcu.externaltools.gnu-tools-for-stm32.12.3.rel1.linux64_1.0.200.202406132123/tools/bin/../lib/gcc/arm-none-eabi/12.3.1/../../../../arm-none-eabi/lib/thumb/v7e-m+fp/hard/libc_nano.a(libc_a-wbuf.o)
                              /opt/st/stm32cubeide_1.16.1/plugins/com.st.stm32cube.ide.mcu.externaltools.gnu-tools-for-stm32.12.3.rel1.linux64_1.0.200.202406132123/tools/bin/../lib/gcc/arm-none-eabi/12.3.1/../../../../arm-none-eabi/lib/thumb/v7e-m+fp/hard/libc_nano.a(libc_a-puts.o) (__swbuf_r)
/opt/st/stm32cubeide_1.16.1/plugins/com.st.stm32cube.ide.mcu.externaltools.gnu-tools-for-stm32.12.3.rel1.linux64_1.0.200.202406132123/tools/bin/../lib/gcc/arm-none-eabi/12.3.1/../../../../arm-none-eabi/lib/thumb/v7e-m+fp/hard/libc_nano.a(libc_a-wsetup.o)
                              /opt/st/stm32cubeide_1.16.1/plugins/com.st.stm32cube.ide.mcu.externaltools.gnu-tools-for-stm32.12.3.rel1.linux64_1.0.200.202406132123/tools/bin/../lib/gcc/arm-none-eabi/12.3.1/../../../../arm-none-eabi/lib/thumb/v7e-m+fp/hard/libc_nano.a(libc_a-puts.o) (__swsetup_r)
[...]
Memory Configuration

Name             Origin             Length             Attributes
CCMRAM           0x10000000         0x00010000         xrw
RAM              0x20000000         0x00020000         xrw
FLASH            0x08000000         0x00100000         xr
*default*        0x00000000         0xffffffff

Linker script and memory map

LOAD /opt/st/stm32cubeide_1.16.1/plugins/com.st.stm32cube.ide.mcu.externaltools.gnu-tools-for-stm32.12.3.rel1.linux64_1.0.200.202406132123/tools/bin/../lib/gcc/arm-none-eabi/12.3.1/thumb/v7e-m+fp/hard/crti.o
LOAD /opt/st/stm32cubeide_1.16.1/plugins/com.st.stm32cube.ide.mcu.externaltools.gnu-tools-for-stm32.12.3.rel1.linux64_1.0.200.202406132123/tools/bin/../lib/gcc/arm-none-eabi/12.3.1/thumb/v7e-m+fp/hard/crtbegin.o
LOAD /opt/st/stm32cubeide_1.16.1/plugins/com.st.stm32cube.ide.mcu.externaltools.gnu-tools-for-stm32.12.3.rel1.linux64_1.0.200.202406132123/tools/bin/../lib/gcc/arm-none-eabi/12.3.1/../../../../arm-none-eabi/lib/thumb/v7e-m+fp/hard/crt0.o
LOAD ./Bsp/BMP280/bmp280.o
LOAD ./Bsp/ICM20948/icm20948.o
LOAD ./Bsp/IMU10DOF/Waveshare_10Dof-D.o
LOAD ./Bsp/MPU6050/mpu6050.o
LOAD ./Bsp/OLED/fonts.o
LOAD ./Bsp/OLED/ssd1306.o
LOAD ./Bsp/board.o
LOAD ./Core/Src/dma.o
LOAD ./Core/Src/freertos.o
LOAD ./Core/Src/gpio.o
LOAD ./Core/Src/i2c.o
LOAD ./Core/Src/main.o
LOAD ./Core/Src/rtc.o
LOAD ./Core/Src/stm32f4xx_hal_msp.o
LOAD ./Core/Src/stm32f4xx_hal_timebase_tim.o
LOAD ./Core/Src/stm32f4xx_it.o
LOAD ./Core/Src/syscalls.o
LOAD ./Core/Src/sysmem.o
LOAD ./Core/Src/system_stm32f4xx.o
LOAD ./Core/Src/usart.o
LOAD ./Core/Startup/startup_stm32f405rgtx.o
LOAD ./Core/algo/angle_estimation.o
LOAD ./Drivers/STM32F4xx_HAL_Driver/Src/stm32f4xx_hal.o
LOAD ./Drivers/STM32F4xx_HAL_Driver/Src/stm32f4xx_hal_cortex.o
LOAD ./Drivers/STM32F4xx_HAL_Driver/Src/stm32f4xx_hal_dma.o
LOAD ./Drivers/STM32F4xx_HAL_Driver/Src/stm32f4xx_hal_dma_ex.o
LOAD ./Drivers/STM32F4xx_HAL_Driver/Src/stm32f4xx_hal_exti.o
LOAD ./Drivers/STM32F4xx_HAL_Driver/Src/stm32f4xx_hal_flash.o
LOAD ./Drivers/STM32F4xx_HAL_Driver/Src/stm32f4xx_hal_flash_ex.o
LOAD ./Drivers/STM32F4xx_HAL_Driver/Src/stm32f4xx_hal_flash_ramfunc.o
LOAD ./Drivers/STM32F4xx_HAL_Driver/Src/stm32f4xx_hal_gpio.o
LOAD ./Drivers/STM32F4xx_HAL_Driver/Src/stm32f4xx_hal_i2c.o
LOAD ./Drivers/STM32F4xx_HAL_Driver/Src/stm32f4xx_hal_i2c_ex.o
LOAD ./Drivers/STM32F4xx_HAL_Driver/Src/stm32f4xx_hal_pwr.o
LOAD ./Drivers/STM32F4xx_HAL_Driver/Src/stm32f4xx_hal_pwr_ex.o
LOAD ./Drivers/STM32F4xx_HAL_Driver/Src/stm32f4xx_hal_rcc.o
LOAD ./Drivers/STM32F4xx_HAL_Driver/Src/stm32f4xx_hal_rcc_ex.o
LOAD ./Drivers/STM32F4xx_HAL_Driver/Src/stm32f4xx_hal_rtc.o
LOAD ./Drivers/STM32F4xx_HAL_Driver/Src/stm32f4xx_hal_rtc_ex.o
LOAD ./Drivers/STM32F4xx_HAL_Driver/Src/stm32f4xx_hal_tim.o
LOAD ./Drivers/STM32F4xx_HAL_Driver/Src/stm32f4xx_hal_tim_ex.o
LOAD ./Drivers/STM32F4xx_HAL_Driver/Src/stm32f4xx_hal_uart.o
LOAD ./Middlewares/Third_Party/FreeRTOS/Source/CMSIS_RTOS_V2/cmsis_os2.o
LOAD ./Middlewares/Third_Party/FreeRTOS/Source/croutine.o
LOAD ./Middlewares/Third_Party/FreeRTOS/Source/event_groups.o
LOAD ./Middlewares/Third_Party/FreeRTOS/Source/list.o
LOAD ./Middlewares/Third_Party/FreeRTOS/Source/queue.o
LOAD ./Middlewares/Third_Party/FreeRTOS/Source/stream_buffer.o
LOAD ./Middlewares/Third_Party/FreeRTOS/Source/tasks.o
LOAD ./Middlewares/Third_Party/FreeRTOS/Source/timers.o
LOAD ./Middlewares/Third_Party/FreeRTOS/Source/portable/GCC/ARM_CM4F/port.o
LOAD ./Middlewares/Third_Party/FreeRTOS/Source/portable/MemMang/heap_4.o
START GROUP
LOAD /opt/st/stm32cubeide_1.16.1/plugins/com.st.stm32cube.ide.mcu.externaltools.gnu-tools-for-stm32.12.3.rel1.linux64_1.0.200.202406132123/tools/bin/../lib/gcc/arm-none-eabi/12.3.1/../../../../arm-none-eabi/lib/thumb/v7e-m+fp/hard/libc_nano.a
LOAD /opt/st/stm32cubeide_1.16.1/plugins/com.st.stm32cube.ide.mcu.externaltools.gnu-tools-for-stm32.12.3.rel1.linux64_1.0.200.202406132123/tools/bin/../lib/gcc/arm-none-eabi/12.3.1/../../../../arm-none-eabi/lib/thumb/v7e-m+fp/hard/libm.a
END GROUP
START GROUP
LOAD /opt/st/stm32cubeide_1.16.1/plugins/com.st.stm32cube.ide.mcu.externaltools.gnu-tools-for-stm32.12.3.rel1.linux64_1.0.200.202406132123/tools/bin/../lib/gcc/arm-none-eabi/12.3.1/thumb/v7e-m+fp/hard/libgcc.a
LOAD /opt/st/stm32cubeide_1.16.1/plugins/com.st.stm32cube.ide.mcu.externaltools.gnu-tools-for-stm32.12.3.rel1.linux64_1.0.200.202406132123/tools/bin/../lib/gcc/arm-none-eabi/12.3.1/../../../../arm-none-eabi/lib/thumb/v7e-m+fp/hard/libc_nano.a
END GROUP
START GROUP
LOAD /opt/st/stm32cubeide_1.16.1/plugins/com.st.stm32cube.ide.mcu.externaltools.gnu-tools-for-stm32.12.3.rel1.linux64_1.0.200.202406132123/tools/bin/../lib/gcc/arm-none-eabi/12.3.1/thumb/v7e-m+fp/hard/libgcc.a
LOAD /opt/st/stm32cubeide_1.16.1/plugins/com.st.stm32cube.ide.mcu.externaltools.gnu-tools-for-stm32.12.3.rel1.linux64_1.0.200.202406132123/tools/bin/../lib/gcc/arm-none-eabi/12.3.1/../../../../arm-none-eabi/lib/thumb/v7e-m+fp/hard/libc_nano.a
LOAD /opt/st/stm32cubeide_1.16.1/plugins/com.st.stm32cube.ide.mcu.externaltools.gnu-tools-for-stm32.12.3.rel1.linux64_1.0.200.202406132123/tools/bin/../lib/gcc/arm-none-eabi/12.3.1/../../../../arm-none-eabi/lib/thumb/v7e-m+fp/hard/libnosys.a
END GROUP
START GROUP
LOAD /opt/st/stm32cubeide_1.16.1/plugins/com.st.stm32cube.ide.mcu.externaltools.gnu-tools-for-stm32.12.3.rel1.linux64_1.0.200.202406132123/tools/bin/../lib/gcc/arm-none-eabi/12.3.1/thumb/v7e-m+fp/hard/libgcc.a
LOAD /opt/st/stm32cubeide_1.16.1/plugins/com.st.stm32cube.ide.mcu.externaltools.gnu-tools-for-stm32.12.3.rel1.linux64_1.0.200.202406132123/tools/bin/../lib/gcc/arm-none-eabi/12.3.1/../../../../arm-none-eabi/lib/thumb/v7e-m+fp/hard/libc_nano.a
LOAD /opt/st/stm32cubeide_1.16.1/plugins/com.st.stm32cube.ide.mcu.externaltools.gnu-tools-for-stm32.12.3.rel1.linux64_1.0.200.202406132123/tools/bin/../lib/gcc/arm-none-eabi/12.3.1/../../../../arm-none-eabi/lib/thumb/v7e-m+fp/hard/libnosys.a
END GROUP
LOAD /opt/st/stm32cubeide_1.16.1/plugins/com.st.stm32cube.ide.mcu.externaltools.gnu-tools-for-stm32.12.3.rel1.linux64_1.0.200.202406132123/tools/bin/../lib/gcc/arm-none-eabi/12.3.1/thumb/v7e-m+fp/hard/crtend.o
LOAD /opt/st/stm32cubeide_1.16.1/plugins/com.st.stm32cube.ide.mcu.externaltools.gnu-tools-for-stm32.12.3.rel1.linux64_1.0.200.202406132123/tools/bin/../lib/gcc/arm-none-eabi/12.3.1/thumb/v7e-m+fp/hard/crtn.o
                0x20020000                        _estack = (ORIGIN (RAM) + LENGTH (RAM))
                0x00000200                        _Min_Heap_Size = 0x200
                0x00000400                        _Min_Stack_Size = 0x400

.isr_vector     0x08000000      0x188
                0x08000000                        . = ALIGN (0x4)
 *(.isr_vector)
 .isr_vector    0x08000000      0x188 ./Core/Startup/startup_stm32f405rgtx.o
                0x08000000                g_pfnVectors
                0x08000188                        . = ALIGN (0x4)

.text           0x08000190     0xff30
                0x08000190                        . = ALIGN (0x4)
 *(.text)
 .text          0x08000190       0x40 /opt/st/stm32cubeide_1.16.1/plugins/com.st.stm32cube.ide.mcu.externaltools.gnu-tools-for-stm32.12.3.rel1.linux64_1.0.200.202406132123/tools/bin/../lib/gcc/arm-none-eabi/12.3.1/thumb/v7e-m+fp/hard/crtbegin.o
 .text          0x080001d0       0xa0 /opt/st/stm32cubeide_1.16.1/plugins/com.st.stm32cube.ide.mcu.externaltools.gnu-tools-for-stm32.12.3.rel1.linux64_1.0.200.202406132123/tools/bin/../lib/gcc/arm-none-eabi/12.3.1/../../../../arm-none-eabi/lib/thumb/v7e-m+fp/hard/libc_nano.a(libc_a-memchr.o)
                0x080001d0                memchr
 .text          0x08000270       0x10 /opt/st/stm32cubeide_1.16.1/plugins/com.st.stm32cube.ide.mcu.externaltools.gnu-tools-for-stm32.12.3.rel1.linux64_1.0.200.202406132123/tools/bin/../lib/gcc/arm-none-eabi/12.3.1/../../../../arm-none-eabi/lib/thumb/v7e-m+fp/hard/libc_nano.a(libc_a-strlen.o)
                0x08000270                strlen
 .text          0x08000280      0x378 /opt/st/stm32cubeide_1.16.1/plugins/com.st.stm32cube.ide.mcu.externaltools.gnu-tools-for-stm32.12.3.rel1.linux64_1.0.200.202406132123/tools/bin/../lib/gcc/arm-none-eabi/12.3.1/thumb/v7e-m+fp/hard/libgcc.a(_arm_addsubdf3.o)
                0x08000280                __aeabi_drsub
                0x08000288                __aeabi_dsub
                0x08000288                __subdf3
                0x0800028c                __adddf3
                0x0800028c                __aeabi_dadd
                0x08000504                __aeabi_ui2d
                0x08000504                __floatunsidf
                0x08000524                __floatsidf
                0x08000524                __aeabi_i2d
                0x08000548                __extendsfdf2
                0x08000548                __aeabi_f2d
                0x0800058c                __aeabi_ul2d
                0x0800058c                __floatundidf
                0x0800059c                __floatdidf
                0x0800059c                __aeabi_l2d
 .text          0x080005f8      0x424 /opt/st/stm32cubeide_1.16.1/plugins/com.st.stm32cube.ide.mcu.externaltools.gnu-tools-for-stm32.12.3.rel1.linux64_1.0.200.202406132123/tools/bin/../lib/gcc/arm-none-eabi/12.3.1/thumb/v7e-m+fp/hard/libgcc.a(_arm_muldivdf3.o)
                0x080005f8                __aeabi_dmul
                0x080005f8                __muldf3
                0x0800084c                __aeabi_ddiv
                0x0800084c                __divdf3
 .text          0x08000a1c      0x110 /opt/st/stm32cubeide_1.16.1/plugins/com.st.stm32cube.ide.mcu.externaltools.gnu-tools-for-stm32.12.3.rel1.linux64_1.0.200.202406132123/tools/bin/../lib/gcc/arm-none-eabi/12.3.1/thumb/v7e-m+fp/hard/libgcc.a(_arm_cmpdf2.o)
                0x08000a1c                __gtdf2
                0x08000a1c                __gedf2
                0x08000a24                __ltdf2
                0x08000a24                __ledf2
                0x08000a2c                __cmpdf2
                0x08000a2c                __eqdf2
                0x08000a2c                __nedf2
                0x08000aa8                __aeabi_cdrcmple
                0x08000ab8                __aeabi_cdcmple
                0x08000ab8                __aeabi_cdcmpeq
                0x08000ac8                __aeabi_dcmpeq
                0x08000adc                __aeabi_dcmplt
                0x08000af0                __aeabi_dcmple
                0x08000b04                __aeabi_dcmpge
                0x08000b18                __aeabi_dcmpgt
 .text          0x08000b2c       0x2c /opt/st/stm32cubeide_1.16.1/plugins/com.st.stm32cube.ide.mcu.externaltools.gnu-tools-for-stm32.12.3.rel1.linux64_1.0.200.202406132123/tools/bin/../lib/gcc/arm-none-eabi/12.3.1/thumb/v7e-m+fp/hard/libgcc.a(_arm_unorddf2.o)
                0x08000b2c                __aeabi_dcmpun
                0x08000b2c                __unorddf2
 .text          0x08000b58       0x50 /opt/st/stm32cubeide_1.16.1/plugins/com.st.stm32cube.ide.mcu.externaltools.gnu-tools-for-stm32.12.3.rel1.linux64_1.0.200.202406132123/tools/bin/../lib/gcc/arm-none-eabi/12.3.1/thumb/v7e-m+fp/hard/libgcc.a(_arm_fixdfsi.o)
                0x08000b58                __fixdfsi
                0x08000b58                __aeabi_d2iz
 .text          0x08000ba8       0xa0 /opt/st/stm32cubeide_1.16.1/plugins/com.st.stm32cube.ide.mcu.externaltools.gnu-tools-for-stm32.12.3.rel1.linux64_1.0.200.202406132123/tools/bin/../lib/gcc/arm-none-eabi/12.3.1/thumb/v7e-m+fp/hard/libgcc.a(_arm_truncdfsf2.o)
                0x08000ba8                __aeabi_d2f
                0x08000ba8                __truncdfsf2
 .text          0x08000c48       0xa0 /opt/st/stm32cubeide_1.16.1/plugins/com.st.stm32cube.ide.mcu.externaltools.gnu-tools-for-stm32.12.3.rel1.linux64_1.0.200.202406132123/tools/bin/../lib/gcc/arm-none-eabi/12.3.1/thumb/v7e-m+fp/hard/libgcc.a(_aeabi_ldivmod.o)
                0x08000c48                __aeabi_ldivmod
 .text          0x08000ce8       0x30 /opt/st/stm32cubeide_1.16.1/plugins/com.st.stm32cube.ide.mcu.externaltools.gnu-tools-for-stm32.12.3.rel1.linux64_1.0.200.202406132123/tools/bin/../lib/gcc/arm-none-eabi/12.3.1/thumb/v7e-m+fp/hard/libgcc.a(_aeabi_uldivmod.o)
                0x08000ce8                __aeabi_uldivmod
 .text          0x08000d18      0x2bc /opt/st/stm32cubeide_1.16.1/plugins/com.st.stm32cube.ide.mcu.externaltools.gnu-tools-for-stm32.12.3.rel1.linux64_1.0.200.202406132123/tools/bin/../lib/gcc/arm-none-eabi/12.3.1/thumb/v7e-m+fp/hard/libgcc.a(_udivmoddi4.o)
                0x08000d18                __udivmoddi4
 .text          0x08000fd4        0x4 /opt/st/stm32cubeide_1.16.1/plugins/com.st.stm32cube.ide.mcu.externaltools.gnu-tools-for-stm32.12.3.rel1.linux64_1.0.200.202406132123/tools/bin/../lib/gcc/arm-none-eabi/12.3.1/thumb/v7e-m+fp/hard/libgcc.a(_dvmd_tls.o)
                0x08000fd4                __aeabi_ldiv0
                0x08000fd4                __aeabi_idiv0
 *(.text*)
 .text.BMP280_ReadRegister
                0x08000fd8       0x3c ./Bsp/BMP280/bmp280.o
 .text.BMP280_WriteRegister
                0x08001014       0x3c ./Bsp/BMP280/bmp280.o
 .text.BMP280_Init
                0x08001050      0x17e ./Bsp/BMP280/bmp280.o
                0x08001050                BMP280_Init
 .text.BMP280_CompensateTemperature
                0x080011ce       0x70 ./Bsp/BMP280/bmp280.o
 .text.BMP280_CompensatePressure
                0x0800123e      0x57a ./Bsp/BMP280/bmp280.o
 .text.BMP280_Process_data
                0x080017b8       0x94 ./Bsp/BMP280/bmp280.o
                0x080017b8                BMP280_Process_data
 .text.BMP280_Read_DMA
                0x0800184c       0x2c ./Bsp/BMP280/bmp280.o
                0x0800184c                BMP280_Read_DMA
 .text._ICM20948_Read_Gyro
                0x08001878       0xcc ./Bsp/ICM20948/icm20948.o
                0x08001878                _ICM20948_Read_Gyro
 *fill*         0x08001944        0x4 
 .text._ICM20948_Gyro_Calib
                0x08001948      0x12c ./Bsp/ICM20948/icm20948.o
 .text.ICM20948_WriteRegister
                0x08001a74       0x36 ./Bsp/ICM20948/icm20948.o
                0x08001a74                ICM20948_WriteRegister
 .text.ICM20948_ReadRegister
                0x08001aaa       0x34 ./Bsp/ICM20948/icm20948.o
                0x08001aaa                ICM20948_ReadRegister
 .text.ICM20948_SwitchBank
                0x08001ade       0x22 ./Bsp/ICM20948/icm20948.o
                0x08001ade                ICM20948_SwitchBank
 .text.ICM20948_Init
                0x08001b00       0xa8 ./Bsp/ICM20948/icm20948.o
                0x08001b00                ICM20948_Init
 .text.ICM20948_ReadDMA
                0x08001ba8       0x28 ./Bsp/ICM20948/icm20948.o
                0x08001ba8                ICM20948_ReadDMA
 .text.ICM20948_Process_Gyro_data
                0x08001bd0      0x14c ./Bsp/ICM20948/icm20948.o
                0x08001bd0                ICM20948_Process_Gyro_data
 .text.Magnetometer_Init
                0x08001d1c       0x8c ./Bsp/ICM20948/icm20948.o
                0x08001d1c                Magnetometer_Init
 .text.Magnetometer_ReadDMA
                0x08001da8       0x2c ./Bsp/ICM20948/icm20948.o
                0x08001da8                Magnetometer_ReadDMA
 .text.ICM20948_Process_Mage_data
                0x08001dd4       0xac ./Bsp/ICM20948/icm20948.o
                0x08001dd4                ICM20948_Process_Mage_data
 .text._MPU6050_Gyro_Calib
                0x08001e80      0x148 ./Bsp/MPU6050/mpu6050.o
 .text.MPU6050_Init
                0x08001fc8       0xf0 ./Bsp/MPU6050/mpu6050.o
                0x08001fc8                MPU6050_Init
 .text.MPU6050_Read_Gyro
                0x080020b8       0xb8 ./Bsp/MPU6050/mpu6050.o
                0x080020b8                MPU6050_Read_Gyro
 .text.MPU6050_Read_DMA
                0x08002170       0x32 ./Bsp/MPU6050/mpu6050.o
                0x08002170                MPU6050_Read_DMA
 *fill*         0x080021a2        0x2 
 .text.MPU6050_Process_Data
                0x080021a4      0x198 ./Bsp/MPU6050/mpu6050.o
                0x080021a4                MPU6050_Process_Data
 .text.width    0x0800233c       0x10 ./Bsp/OLED/ssd1306.o
 .text.height   0x0800234c       0x10 ./Bsp/OLED/ssd1306.o
 .text.ssd1306_GetWidth
                0x0800235c       0x10 ./Bsp/OLED/ssd1306.o
                0x0800235c                ssd1306_GetWidth
 .text.ssd1306_GetHeight
                0x0800236c       0x10 ./Bsp/OLED/ssd1306.o
                0x0800236c                ssd1306_GetHeight
 .text.ssd1306_Init
                0x0800237c      0x138 ./Bsp/OLED/ssd1306.o
                0x0800237c                ssd1306_Init
 .text.ssd1306_DrawPixel
                0x080024b4       0xec ./Bsp/OLED/ssd1306.o
                0x080024b4                ssd1306_DrawPixel
 .text.ssd1306_WriteChar
                0x080025a0      0x120 ./Bsp/OLED/ssd1306.o
                0x080025a0                ssd1306_WriteChar
 .text.ssd1306_WriteString
                0x080026c0       0x4a ./Bsp/OLED/ssd1306.o
                0x080026c0                ssd1306_WriteString
 *fill*         0x0800270a        0x2 
 .text.ssd1306_SetCursor
                0x0800270c       0x30 ./Bsp/OLED/ssd1306.o
                0x0800270c                ssd1306_SetCursor
 .text.ssd1306_Clear
                0x0800273c       0x18 ./Bsp/OLED/ssd1306.o
                0x0800273c                ssd1306_Clear
 .text.ssd1306_WriteCommand
                0x08002754       0x30 ./Bsp/OLED/ssd1306.o
                0x08002754                ssd1306_WriteCommand
 .text.ssd1306_WriteData
                0x08002784       0x30 ./Bsp/OLED/ssd1306.o
                0x08002784                ssd1306_WriteData
 .text.ssd1306_UpdateScreen
                0x080027b4       0x54 ./Bsp/OLED/ssd1306.o
                0x080027b4                ssd1306_UpdateScreen
 .text.board_button_init
                0x08002808       0x58 ./Bsp/board.o
                0x08002808                board_button_init
 .text.board_button_pressed
                0x08002860       0x24 ./Bsp/board.o
                0x08002860                board_button_pressed
 .text.board_led_init
                0x08002884       0x64 ./Bsp/board.o
                0x08002884                board_led_init
 .text.board_led_toggle
                0x080028e8       0x14 ./Bsp/board.o
                0x080028e8                board_led_toggle
 .text.board_led_set
                0x080028fc       0x34 ./Bsp/board.o
                0x080028fc                board_led_set
 .text.MX_DMA_Init
                0x08002930       0x40 ./Core/Src/dma.o
                0x08002930                MX_DMA_Init
 .text.MX_FREERTOS_Init
                0x08002970      0x104 ./Core/Src/freertos.o
                0x08002970                MX_FREERTOS_Init
 .text.StartButtonTask
                0x08002a74       0x38 ./Core/Src/freertos.o
                0x08002a74                StartButtonTask
 .text.StartLcdTask
                0x08002aac      0x124 ./Core/Src/freertos.o
                0x08002aac                StartLcdTask
 .text.StartTaskMpu6050
                0x08002bd0       0x48 ./Core/Src/freertos.o
                0x08002bd0                StartTaskMpu6050
 .text.StartTaskIcm20948
                0x08002c18       0x68 ./Core/Src/freertos.o
                0x08002c18                StartTaskIcm20948
 .text.StartTaskKalmanFilter
                0x08002c80       0x34 ./Core/Src/freertos.o
                0x08002c80                StartTaskKalmanFilter
 .text.StartTaskBmp280
                0x08002cb4       0x44 ./Core/Src/freertos.o
                0x08002cb4                StartTaskBmp280
 .text.MX_GPIO_Init
                0x08002cf8       0x88 ./Core/Src/gpio.o
                0x08002cf8                MX_GPIO_Init
 .text.MX_I2C1_Init
                0x08002d80       0x5c ./Core/Src/i2c.o
                0x08002d80                MX_I2C1_Init
 .text.HAL_I2C_MspInit
                0x08002ddc      0x118 ./Core/Src/i2c.o
                0x08002ddc                HAL_I2C_MspInit
 .text.__io_putchar
                0x08002ef4       0x24 ./Core/Src/main.o
                0x08002ef4                __io_putchar
 .text.main     0x08002f18       0xa4 ./Core/Src/main.o
                0x08002f18                main
 .text.SystemClock_Config
                0x08002fbc       0xd8 ./Core/Src/main.o
                0x08002fbc                SystemClock_Config
 .text.I2C_Scan
                0x08003094       0x9c ./Core/Src/main.o
                0x08003094                I2C_Scan
 .text.Display_Accel_Data
                0x08003130      0x104 ./Core/Src/main.o
                0x08003130                Display_Accel_Data
 .text.Display_Gyro_Data
                0x08003234      0x104 ./Core/Src/main.o
                0x08003234                Display_Gyro_Data
 .text.HAL_I2C_MemRxCpltCallback
                0x08003338       0x50 ./Core/Src/main.o
                0x08003338                HAL_I2C_MemRxCpltCallback
 .text.HAL_I2C_ErrorCallback
                0x08003388       0x80 ./Core/Src/main.o
                0x08003388                HAL_I2C_ErrorCallback
 .text.HAL_TIM_PeriodElapsedCallback
                0x08003408       0x24 ./Core/Src/main.o
                0x08003408                HAL_TIM_PeriodElapsedCallback
 .text.Error_Handler
                0x0800342c        0xc ./Core/Src/main.o
                0x0800342c                Error_Handler
 .text.MX_RTC_Init
                0x08003438       0xb4 ./Core/Src/rtc.o
                0x08003438                MX_RTC_Init
 .text.HAL_RTC_MspInit
                0x080034ec       0x54 ./Core/Src/rtc.o
                0x080034ec                HAL_RTC_MspInit
 .text.HAL_MspInit
                0x08003540       0x58 ./Core/Src/stm32f4xx_hal_msp.o
                0x08003540                HAL_MspInit
 .text.HAL_InitTick
                0x08003598       0xe8 ./Core/Src/stm32f4xx_hal_timebase_tim.o
                0x08003598                HAL_InitTick
 .text.NMI_Handler
                0x08003680        0x8 ./Core/Src/stm32f4xx_it.o
                0x08003680                NMI_Handler
 .text.HardFault_Handler
                0x08003688        0x8 ./Core/Src/stm32f4xx_it.o
                0x08003688                HardFault_Handler
 .text.MemManage_Handler
                0x08003690        0x8 ./Core/Src/stm32f4xx_it.o
                0x08003690                MemManage_Handler
 .text.BusFault_Handler
                0x08003698        0x8 ./Core/Src/stm32f4xx_it.o
                0x08003698                BusFault_Handler
 .text.UsageFault_Handler
                0x080036a0        0x8 ./Core/Src/stm32f4xx_it.o
                0x080036a0                UsageFault_Handler
 .text.DebugMon_Handler
                0x080036a8        0xe ./Core/Src/stm32f4xx_it.o
                0x080036a8                DebugMon_Handler
 *fill*         0x080036b6        0x2 
 .text.DMA1_Stream0_IRQHandler
                0x080036b8       0x14 ./Core/Src/stm32f4xx_it.o
                0x080036b8                DMA1_Stream0_IRQHandler
 .text.TIM1_UP_TIM10_IRQHandler
                0x080036cc       0x14 ./Core/Src/stm32f4xx_it.o
                0x080036cc                TIM1_UP_TIM10_IRQHandler
 .text.I2C1_EV_IRQHandler
                0x080036e0       0x14 ./Core/Src/stm32f4xx_it.o
                0x080036e0                I2C1_EV_IRQHandler
 .text.I2C1_ER_IRQHandler
                0x080036f4       0x14 ./Core/Src/stm32f4xx_it.o
                0x080036f4                I2C1_ER_IRQHandler
 .text._getpid  0x08003708       0x10 ./Core/Src/syscalls.o
                0x08003708                _getpid
 .text._kill    0x08003718       0x20 ./Core/Src/syscalls.o
                0x08003718                _kill
 .text._exit    0x08003738       0x16 ./Core/Src/syscalls.o
                0x08003738                _exit
 .text._read    0x0800374e       0x3a ./Core/Src/syscalls.o
                0x0800374e                _read
 .text._write   0x08003788       0x38 ./Core/Src/syscalls.o
                0x08003788                _write
 .text._close   0x080037c0       0x18 ./Core/Src/syscalls.o
                0x080037c0                _close
 .text._fstat   0x080037d8       0x20 ./Core/Src/syscalls.o
                0x080037d8                _fstat
 .text._isatty  0x080037f8       0x16 ./Core/Src/syscalls.o
                0x080037f8                _isatty
 .text._lseek   0x0800380e       0x1a ./Core/Src/syscalls.o
                0x0800380e                _lseek
 .text._sbrk    0x08003828       0x6c ./Core/Src/sysmem.o
                0x08003828                _sbrk
 .text.SystemInit
                0x08003894       0x24 ./Core/Src/system_stm32f4xx.o
                0x08003894                SystemInit
 .text.MX_USART1_UART_Init
                0x080038b8       0x54 ./Core/Src/usart.o
                0x080038b8                MX_USART1_UART_Init
 .text.HAL_UART_MspInit
                0x0800390c       0x90 ./Core/Src/usart.o
                0x0800390c                HAL_UART_MspInit
 .text.Reset_Handler
                0x0800399c       0x50 ./Core/Startup/startup_stm32f405rgtx.o
                0x0800399c                Reset_Handler
 .text.Default_Handler
                0x080039ec        0x2 ./Core/Startup/startup_stm32f405rgtx.o
                0x080039ec                RTC_Alarm_IRQHandler
                0x080039ec                HASH_RNG_IRQHandler
                0x080039ec                EXTI2_IRQHandler
                0x080039ec                TIM8_CC_IRQHandler
                0x080039ec                TIM1_CC_IRQHandler
                0x080039ec                DMA2_Stream5_IRQHandler
                0x080039ec                DMA1_Stream5_IRQHandler
                0x080039ec                PVD_IRQHandler
                0x080039ec                SDIO_IRQHandler
                0x080039ec                TAMP_STAMP_IRQHandler
                0x080039ec                CAN2_RX1_IRQHandler
                0x080039ec                EXTI3_IRQHandler
                0x080039ec                TIM8_TRG_COM_TIM14_IRQHandler
                0x080039ec                TIM8_UP_TIM13_IRQHandler
                0x080039ec                I2C3_ER_IRQHandler
                0x080039ec                EXTI0_IRQHandler
                0x080039ec                I2C2_EV_IRQHandler
                0x080039ec                DMA1_Stream2_IRQHandler
                0x080039ec                CAN1_RX0_IRQHandler
                0x080039ec                FPU_IRQHandler
                0x080039ec                OTG_HS_WKUP_IRQHandler
                0x080039ec                CAN2_SCE_IRQHandler
                0x080039ec                DMA2_Stream2_IRQHandler
                0x080039ec                SPI1_IRQHandler
                0x080039ec                TIM6_DAC_IRQHandler
                0x080039ec                TIM1_BRK_TIM9_IRQHandler
                0x080039ec                CAN2_RX0_IRQHandler
                0x080039ec                DMA2_Stream3_IRQHandler
                0x080039ec                USART6_IRQHandler
                0x080039ec                USART3_IRQHandler
                0x080039ec                CAN1_RX1_IRQHandler
                0x080039ec                UART5_IRQHandler
                0x080039ec                DMA2_Stream0_IRQHandler
                0x080039ec                TIM4_IRQHandler
                0x080039ec                DMA1_Stream6_IRQHandler
                0x080039ec                DMA1_Stream1_IRQHandler
                0x080039ec                UART4_IRQHandler
                0x080039ec                TIM3_IRQHandler
                0x080039ec                RCC_IRQHandler
                0x080039ec                TIM8_BRK_TIM12_IRQHandler
                0x080039ec                Default_Handler
                0x080039ec                EXTI15_10_IRQHandler
                0x080039ec                ADC_IRQHandler
                0x080039ec                DMA1_Stream7_IRQHandler
                0x080039ec                TIM7_IRQHandler
                0x080039ec                CAN2_TX_IRQHandler
                0x080039ec                TIM5_IRQHandler
                0x080039ec                DMA2_Stream7_IRQHandler
                0x080039ec                I2C3_EV_IRQHandler
                0x080039ec                EXTI9_5_IRQHandler
                0x080039ec                RTC_WKUP_IRQHandler
                0x080039ec                SPI2_IRQHandler
                0x080039ec                OTG_HS_EP1_IN_IRQHandler
                0x080039ec                CAN1_TX_IRQHandler
                0x080039ec                EXTI4_IRQHandler
                0x080039ec                FSMC_IRQHandler
                0x080039ec                OTG_HS_EP1_OUT_IRQHandler
                0x080039ec                WWDG_IRQHandler
                0x080039ec                TIM2_IRQHandler
                0x080039ec                OTG_FS_WKUP_IRQHandler
                0x080039ec                TIM1_TRG_COM_TIM11_IRQHandler
                0x080039ec                OTG_HS_IRQHandler
                0x080039ec                EXTI1_IRQHandler
                0x080039ec                USART2_IRQHandler
                0x080039ec                I2C2_ER_IRQHandler
                0x080039ec                DMA2_Stream1_IRQHandler
                0x080039ec                CAN1_SCE_IRQHandler
                0x080039ec                FLASH_IRQHandler
                0x080039ec                DMA2_Stream4_IRQHandler
                0x080039ec                USART1_IRQHandler
                0x080039ec                OTG_FS_IRQHandler
                0x080039ec                SPI3_IRQHandler
                0x080039ec                DMA1_Stream4_IRQHandler
                0x080039ec                DMA2_Stream6_IRQHandler
                0x080039ec                DMA1_Stream3_IRQHandler
 *fill*         0x080039ee        0x2 
 .text.angle_estimation
                0x080039f0      0x1d0 ./Core/algo/angle_estimation.o
                0x080039f0                angle_estimation
 .text.HAL_Init
                0x08003bc0       0x44 ./Drivers/STM32F4xx_HAL_Driver/Src/stm32f4xx_hal.o
                0x08003bc0                HAL_Init
 .text.HAL_IncTick
                0x08003c04       0x28 ./Drivers/STM32F4xx_HAL_Driver/Src/stm32f4xx_hal.o
                0x08003c04                HAL_IncTick
 .text.HAL_GetTick
                0x08003c2c       0x18 ./Drivers/STM32F4xx_HAL_Driver/Src/stm32f4xx_hal.o
                0x08003c2c                HAL_GetTick
 .text.HAL_Delay
                0x08003c44       0x48 ./Drivers/STM32F4xx_HAL_Driver/Src/stm32f4xx_hal.o
                0x08003c44                HAL_Delay
 .text.__NVIC_SetPriorityGrouping
                0x08003c8c       0x48 ./Drivers/STM32F4xx_HAL_Driver/Src/stm32f4xx_hal_cortex.o
 .text.__NVIC_GetPriorityGrouping
                0x08003cd4       0x1c ./Drivers/STM32F4xx_HAL_Driver/Src/stm32f4xx_hal_cortex.o
 .text.__NVIC_EnableIRQ
                0x08003cf0       0x3c ./Drivers/STM32F4xx_HAL_Driver/Src/stm32f4xx_hal_cortex.o
 .text.__NVIC_SetPriority
                0x08003d2c       0x54 ./Drivers/STM32F4xx_HAL_Driver/Src/stm32f4xx_hal_cortex.o
 .text.NVIC_EncodePriority
                0x08003d80       0x66 ./Drivers/STM32F4xx_HAL_Driver/Src/stm32f4xx_hal_cortex.o
 .text.HAL_NVIC_SetPriorityGrouping
                0x08003de6       0x16 ./Drivers/STM32F4xx_HAL_Driver/Src/stm32f4xx_hal_cortex.o
                0x08003de6                HAL_NVIC_SetPriorityGrouping
 .text.HAL_NVIC_SetPriority
                0x08003dfc       0x38 ./Drivers/STM32F4xx_HAL_Driver/Src/stm32f4xx_hal_cortex.o
                0x08003dfc                HAL_NVIC_SetPriority
 .text.HAL_NVIC_EnableIRQ
                0x08003e34       0x1c ./Drivers/STM32F4xx_HAL_Driver/Src/stm32f4xx_hal_cortex.o
                0x08003e34                HAL_NVIC_EnableIRQ
 .text.HAL_DMA_Init
                0x08003e50      0x15c ./Drivers/STM32F4xx_HAL_Driver/Src/stm32f4xx_hal_dma.o
                0x08003e50                HAL_DMA_Init
 .text.HAL_DMA_Start_IT
                0x08003fac       0xb0 ./Drivers/STM32F4xx_HAL_Driver/Src/stm32f4xx_hal_dma.o
                0x08003fac                HAL_DMA_Start_IT
 .text.HAL_DMA_Abort_IT
                0x0800405c       0x44 ./Drivers/STM32F4xx_HAL_Driver/Src/stm32f4xx_hal_dma.o
                0x0800405c                HAL_DMA_Abort_IT
 .text.HAL_DMA_IRQHandler
                0x080040a0      0x314 ./Drivers/STM32F4xx_HAL_Driver/Src/stm32f4xx_hal_dma.o
                0x080040a0                HAL_DMA_IRQHandler
 .text.HAL_DMA_GetState
                0x080043b4       0x1c ./Drivers/STM32F4xx_HAL_Driver/Src/stm32f4xx_hal_dma.o
                0x080043b4                HAL_DMA_GetState
 .text.HAL_DMA_GetError
                0x080043d0       0x18 ./Drivers/STM32F4xx_HAL_Driver/Src/stm32f4xx_hal_dma.o
                0x080043d0                HAL_DMA_GetError
 .text.DMA_SetConfig
                0x080043e8       0x5c ./Drivers/STM32F4xx_HAL_Driver/Src/stm32f4xx_hal_dma.o
 .text.DMA_CalcBaseAndBitshift
                0x08004444       0x6c ./Drivers/STM32F4xx_HAL_Driver/Src/stm32f4xx_hal_dma.o
 .text.DMA_CheckFifoParam
                0x080044b0       0xf8 ./Drivers/STM32F4xx_HAL_Driver/Src/stm32f4xx_hal_dma.o
 .text.HAL_GPIO_Init
                0x080045a8      0x338 ./Drivers/STM32F4xx_HAL_Driver/Src/stm32f4xx_hal_gpio.o
                0x080045a8                HAL_GPIO_Init
 .text.HAL_GPIO_ReadPin
                0x080048e0       0x30 ./Drivers/STM32F4xx_HAL_Driver/Src/stm32f4xx_hal_gpio.o
                0x080048e0                HAL_GPIO_ReadPin
 .text.HAL_GPIO_WritePin
                0x08004910       0x32 ./Drivers/STM32F4xx_HAL_Driver/Src/stm32f4xx_hal_gpio.o
                0x08004910                HAL_GPIO_WritePin
 .text.HAL_GPIO_TogglePin
                0x08004942       0x34 ./Drivers/STM32F4xx_HAL_Driver/Src/stm32f4xx_hal_gpio.o
                0x08004942                HAL_GPIO_TogglePin
 *fill*         0x08004976        0x2 
 .text.HAL_I2C_Init
                0x08004978      0x288 ./Drivers/STM32F4xx_HAL_Driver/Src/stm32f4xx_hal_i2c.o
                0x08004978                HAL_I2C_Init
 .text.I2C_Flush_DR
                0x08004c00       0x2a ./Drivers/STM32F4xx_HAL_Driver/Src/stm32f4xx_hal_i2c.o
 *fill*         0x08004c2a        0x2 
 .text.HAL_I2C_Mem_Write
                0x08004c2c      0x1f4 ./Drivers/STM32F4xx_HAL_Driver/Src/stm32f4xx_hal_i2c.o
                0x08004c2c                HAL_I2C_Mem_Write
 .text.HAL_I2C_Mem_Read
                0x08004e20      0x464 ./Drivers/STM32F4xx_HAL_Driver/Src/stm32f4xx_hal_i2c.o
                0x08004e20                HAL_I2C_Mem_Read
 .text.HAL_I2C_Mem_Read_DMA
                0x08005284      0x320 ./Drivers/STM32F4xx_HAL_Driver/Src/stm32f4xx_hal_i2c.o
                0x08005284                HAL_I2C_Mem_Read_DMA
 .text.HAL_I2C_IsDeviceReady
                0x080055a4      0x25c ./Drivers/STM32F4xx_HAL_Driver/Src/stm32f4xx_hal_i2c.o
                0x080055a4                HAL_I2C_IsDeviceReady
 .text.HAL_I2C_EV_IRQHandler
                0x08005800      0x2a6 ./Drivers/STM32F4xx_HAL_Driver/Src/stm32f4xx_hal_i2c.o
                0x08005800                HAL_I2C_EV_IRQHandler
 .text.HAL_I2C_ER_IRQHandler
                0x08005aa6      0x13e ./Drivers/STM32F4xx_HAL_Driver/Src/stm32f4xx_hal_i2c.o
                0x08005aa6                HAL_I2C_ER_IRQHandler
 .text.HAL_I2C_MasterTxCpltCallback
                0x08005be4       0x14 ./Drivers/STM32F4xx_HAL_Driver/Src/stm32f4xx_hal_i2c.o
                0x08005be4                HAL_I2C_MasterTxCpltCallback
 .text.HAL_I2C_MasterRxCpltCallback
                0x08005bf8       0x14 ./Drivers/STM32F4xx_HAL_Driver/Src/stm32f4xx_hal_i2c.o
                0x08005bf8                HAL_I2C_MasterRxCpltCallback
 .text.HAL_I2C_SlaveTxCpltCallback
                0x08005c0c       0x14 ./Drivers/STM32F4xx_HAL_Driver/Src/stm32f4xx_hal_i2c.o
                0x08005c0c                HAL_I2C_SlaveTxCpltCallback
 .text.HAL_I2C_SlaveRxCpltCallback
                0x08005c20       0x14 ./Drivers/STM32F4xx_HAL_Driver/Src/stm32f4xx_hal_i2c.o
                0x08005c20                HAL_I2C_SlaveRxCpltCallback
 .text.HAL_I2C_AddrCallback
                0x08005c34       0x1c ./Drivers/STM32F4xx_HAL_Driver/Src/stm32f4xx_hal_i2c.o
                0x08005c34                HAL_I2C_AddrCallback
 .text.HAL_I2C_ListenCpltCallback
                0x08005c50       0x14 ./Drivers/STM32F4xx_HAL_Driver/Src/stm32f4xx_hal_i2c.o
                0x08005c50                HAL_I2C_ListenCpltCallback
 .text.HAL_I2C_MemTxCpltCallback
                0x08005c64       0x14 ./Drivers/STM32F4xx_HAL_Driver/Src/stm32f4xx_hal_i2c.o
                0x08005c64                HAL_I2C_MemTxCpltCallback
 .text.HAL_I2C_AbortCpltCallback
                0x08005c78       0x14 ./Drivers/STM32F4xx_HAL_Driver/Src/stm32f4xx_hal_i2c.o
                0x08005c78                HAL_I2C_AbortCpltCallback
 .text.I2C_MasterTransmit_TXE
                0x08005c8c      0x138 ./Drivers/STM32F4xx_HAL_Driver/Src/stm32f4xx_hal_i2c.o
 .text.I2C_MasterTransmit_BTF
                0x08005dc4       0xec ./Drivers/STM32F4xx_HAL_Driver/Src/stm32f4xx_hal_i2c.o
 .text.I2C_MemoryTransmit_TXE_BTF
                0x08005eb0      0x130 ./Drivers/STM32F4xx_HAL_Driver/Src/stm32f4xx_hal_i2c.o
 .text.I2C_MasterReceive_RXNE
                0x08005fe0      0x190 ./Drivers/STM32F4xx_HAL_Driver/Src/stm32f4xx_hal_i2c.o
 .text.I2C_MasterReceive_BTF
                0x08006170      0x1ea ./Drivers/STM32F4xx_HAL_Driver/Src/stm32f4xx_hal_i2c.o
 .text.I2C_Master_SB
                0x0800635a      0x10c ./Drivers/STM32F4xx_HAL_Driver/Src/stm32f4xx_hal_i2c.o
 .text.I2C_Master_ADD10
                0x08006466       0x54 ./Drivers/STM32F4xx_HAL_Driver/Src/stm32f4xx_hal_i2c.o
 .text.I2C_Master_ADDR
                0x080064ba      0x322 ./Drivers/STM32F4xx_HAL_Driver/Src/stm32f4xx_hal_i2c.o
 .text.I2C_SlaveTransmit_TXE
                0x080067dc       0x7a ./Drivers/STM32F4xx_HAL_Driver/Src/stm32f4xx_hal_i2c.o
 .text.I2C_SlaveTransmit_BTF
                0x08006856       0x42 ./Drivers/STM32F4xx_HAL_Driver/Src/stm32f4xx_hal_i2c.o
 .text.I2C_SlaveReceive_RXNE
                0x08006898       0x7c ./Drivers/STM32F4xx_HAL_Driver/Src/stm32f4xx_hal_i2c.o
 .text.I2C_SlaveReceive_BTF
                0x08006914       0x44 ./Drivers/STM32F4xx_HAL_Driver/Src/stm32f4xx_hal_i2c.o
 .text.I2C_Slave_ADDR
                0x08006958       0x90 ./Drivers/STM32F4xx_HAL_Driver/Src/stm32f4xx_hal_i2c.o
 .text.I2C_Slave_STOPF
                0x080069e8      0x260 ./Drivers/STM32F4xx_HAL_Driver/Src/stm32f4xx_hal_i2c.o
 .text.I2C_Slave_AF
                0x08006c48       0xe8 ./Drivers/STM32F4xx_HAL_Driver/Src/stm32f4xx_hal_i2c.o
 .text.I2C_ITError
                0x08006d30      0x264 ./Drivers/STM32F4xx_HAL_Driver/Src/stm32f4xx_hal_i2c.o
 .text.I2C_RequestMemoryWrite
                0x08006f94      0x12c ./Drivers/STM32F4xx_HAL_Driver/Src/stm32f4xx_hal_i2c.o
 .text.I2C_RequestMemoryRead
                0x080070c0      0x1d0 ./Drivers/STM32F4xx_HAL_Driver/Src/stm32f4xx_hal_i2c.o
 .text.I2C_DMAXferCplt
                0x08007290      0x1be ./Drivers/STM32F4xx_HAL_Driver/Src/stm32f4xx_hal_i2c.o
 .text.I2C_DMAError
                0x0800744e       0x7a ./Drivers/STM32F4xx_HAL_Driver/Src/stm32f4xx_hal_i2c.o
 .text.I2C_DMAAbort
                0x080074c8      0x150 ./Drivers/STM32F4xx_HAL_Driver/Src/stm32f4xx_hal_i2c.o
 .text.I2C_WaitOnFlagUntilTimeout
                0x08007618       0xf4 ./Drivers/STM32F4xx_HAL_Driver/Src/stm32f4xx_hal_i2c.o
 .text.I2C_WaitOnMasterAddressFlagUntilTimeout
                0x0800770c      0x140 ./Drivers/STM32F4xx_HAL_Driver/Src/stm32f4xx_hal_i2c.o
 .text.I2C_WaitOnTXEFlagUntilTimeout
                0x0800784c       0x90 ./Drivers/STM32F4xx_HAL_Driver/Src/stm32f4xx_hal_i2c.o
 .text.I2C_WaitOnBTFFlagUntilTimeout
                0x080078dc       0x90 ./Drivers/STM32F4xx_HAL_Driver/Src/stm32f4xx_hal_i2c.o
 .text.I2C_WaitOnSTOPRequestThroughIT
                0x0800796c       0x64 ./Drivers/STM32F4xx_HAL_Driver/Src/stm32f4xx_hal_i2c.o
 .text.I2C_WaitOnRXNEFlagUntilTimeout
                0x080079d0       0xba ./Drivers/STM32F4xx_HAL_Driver/Src/stm32f4xx_hal_i2c.o
 .text.I2C_IsAcknowledgeFailed
                0x08007a8a       0x5e ./Drivers/STM32F4xx_HAL_Driver/Src/stm32f4xx_hal_i2c.o
 .text.I2C_ConvertOtherXferOptions
                0x08007ae8       0x36 ./Drivers/STM32F4xx_HAL_Driver/Src/stm32f4xx_hal_i2c.o
 *fill*         0x08007b1e        0x2 
 .text.HAL_RCC_OscConfig
                0x08007b20      0x4f0 ./Drivers/STM32F4xx_HAL_Driver/Src/stm32f4xx_hal_rcc.o
                0x08007b20                HAL_RCC_OscConfig
 .text.HAL_RCC_ClockConfig
                0x08008010      0x1cc ./Drivers/STM32F4xx_HAL_Driver/Src/stm32f4xx_hal_rcc.o
                0x08008010                HAL_RCC_ClockConfig
 .text.HAL_RCC_GetSysClockFreq
                0x080081dc      0x20c ./Drivers/STM32F4xx_HAL_Driver/Src/stm32f4xx_hal_rcc.o
                0x080081dc                HAL_RCC_GetSysClockFreq
 .text.HAL_RCC_GetHCLKFreq
                0x080083e8       0x18 ./Drivers/STM32F4xx_HAL_Driver/Src/stm32f4xx_hal_rcc.o
                0x080083e8                HAL_RCC_GetHCLKFreq
 .text.HAL_RCC_GetPCLK1Freq
                0x08008400       0x28 ./Drivers/STM32F4xx_HAL_Driver/Src/stm32f4xx_hal_rcc.o
                0x08008400                HAL_RCC_GetPCLK1Freq
 .text.HAL_RCC_GetPCLK2Freq
                0x08008428       0x28 ./Drivers/STM32F4xx_HAL_Driver/Src/stm32f4xx_hal_rcc.o
                0x08008428                HAL_RCC_GetPCLK2Freq
 .text.HAL_RCC_GetClockConfig
                0x08008450       0x64 ./Drivers/STM32F4xx_HAL_Driver/Src/stm32f4xx_hal_rcc.o
                0x08008450                HAL_RCC_GetClockConfig
 .text.HAL_RCCEx_PeriphCLKConfig
                0x080084b4      0x1c4 ./Drivers/STM32F4xx_HAL_Driver/Src/stm32f4xx_hal_rcc_ex.o
                0x080084b4                HAL_RCCEx_PeriphCLKConfig
 .text.HAL_RTC_Init
                0x08008678      0x106 ./Drivers/STM32F4xx_HAL_Driver/Src/stm32f4xx_hal_rtc.o
                0x08008678                HAL_RTC_Init
 .text.HAL_RTC_SetTime
                0x0800877e      0x134 ./Drivers/STM32F4xx_HAL_Driver/Src/stm32f4xx_hal_rtc.o
                0x0800877e                HAL_RTC_SetTime
 .text.HAL_RTC_GetTime
                0x080088b2       0xbc ./Drivers/STM32F4xx_HAL_Driver/Src/stm32f4xx_hal_rtc.o
                0x080088b2                HAL_RTC_GetTime
 .text.HAL_RTC_SetDate
                0x0800896e      0x108 ./Drivers/STM32F4xx_HAL_Driver/Src/stm32f4xx_hal_rtc.o
                0x0800896e                HAL_RTC_SetDate
 .text.HAL_RTC_GetDate
                0x08008a76       0x9e ./Drivers/STM32F4xx_HAL_Driver/Src/stm32f4xx_hal_rtc.o
                0x08008a76                HAL_RTC_GetDate
 .text.HAL_RTC_WaitForSynchro
                0x08008b14       0x4c ./Drivers/STM32F4xx_HAL_Driver/Src/stm32f4xx_hal_rtc.o
                0x08008b14                HAL_RTC_WaitForSynchro
 .text.RTC_EnterInitMode
                0x08008b60       0x6e ./Drivers/STM32F4xx_HAL_Driver/Src/stm32f4xx_hal_rtc.o
                0x08008b60                RTC_EnterInitMode
 .text.RTC_ExitInitMode
                0x08008bce       0x4a ./Drivers/STM32F4xx_HAL_Driver/Src/stm32f4xx_hal_rtc.o
                0x08008bce                RTC_ExitInitMode
 .text.RTC_ByteToBcd2
                0x08008c18       0x3c ./Drivers/STM32F4xx_HAL_Driver/Src/stm32f4xx_hal_rtc.o
                0x08008c18                RTC_ByteToBcd2
 .text.RTC_Bcd2ToByte
                0x08008c54       0x3c ./Drivers/STM32F4xx_HAL_Driver/Src/stm32f4xx_hal_rtc.o
                0x08008c54                RTC_Bcd2ToByte
 .text.HAL_TIM_Base_Init
                0x08008c90       0x9e ./Drivers/STM32F4xx_HAL_Driver/Src/stm32f4xx_hal_tim.o
                0x08008c90                HAL_TIM_Base_Init
 .text.HAL_TIM_Base_MspInit
                0x08008d2e       0x14 ./Drivers/STM32F4xx_HAL_Driver/Src/stm32f4xx_hal_tim.o
                0x08008d2e                HAL_TIM_Base_MspInit
 *fill*         0x08008d42        0x2 
 .text.HAL_TIM_Base_Start_IT
                0x08008d44       0xe0 ./Drivers/STM32F4xx_HAL_Driver/Src/stm32f4xx_hal_tim.o
                0x08008d44                HAL_TIM_Base_Start_IT
 .text.HAL_TIM_IRQHandler
                0x08008e24      0x1e0 ./Drivers/STM32F4xx_HAL_Driver/Src/stm32f4xx_hal_tim.o
                0x08008e24                HAL_TIM_IRQHandler
 .text.HAL_TIM_OC_DelayElapsedCallback
                0x08009004       0x14 ./Drivers/STM32F4xx_HAL_Driver/Src/stm32f4xx_hal_tim.o
                0x08009004                HAL_TIM_OC_DelayElapsedCallback
 .text.HAL_TIM_IC_CaptureCallback
                0x08009018       0x14 ./Drivers/STM32F4xx_HAL_Driver/Src/stm32f4xx_hal_tim.o
                0x08009018                HAL_TIM_IC_CaptureCallback
 .text.HAL_TIM_PWM_PulseFinishedCallback
                0x0800902c       0x14 ./Drivers/STM32F4xx_HAL_Driver/Src/stm32f4xx_hal_tim.o
                0x0800902c                HAL_TIM_PWM_PulseFinishedCallback
 .text.HAL_TIM_TriggerCallback
                0x08009040       0x14 ./Drivers/STM32F4xx_HAL_Driver/Src/stm32f4xx_hal_tim.o
                0x08009040                HAL_TIM_TriggerCallback
 .text.TIM_Base_SetConfig
                0x08009054      0x158 ./Drivers/STM32F4xx_HAL_Driver/Src/stm32f4xx_hal_tim.o
                0x08009054                TIM_Base_SetConfig
 .text.HAL_TIMEx_CommutCallback
                0x080091ac       0x14 ./Drivers/STM32F4xx_HAL_Driver/Src/stm32f4xx_hal_tim_ex.o
                0x080091ac                HAL_TIMEx_CommutCallback
 .text.HAL_TIMEx_BreakCallback
                0x080091c0       0x14 ./Drivers/STM32F4xx_HAL_Driver/Src/stm32f4xx_hal_tim_ex.o
                0x080091c0                HAL_TIMEx_BreakCallback
 .text.HAL_UART_Init
                0x080091d4       0xa0 ./Drivers/STM32F4xx_HAL_Driver/Src/stm32f4xx_hal_uart.o
                0x080091d4                HAL_UART_Init
 .text.HAL_UART_Transmit
                0x08009274      0x116 ./Drivers/STM32F4xx_HAL_Driver/Src/stm32f4xx_hal_uart.o
                0x08009274                HAL_UART_Transmit
 .text.UART_WaitOnFlagUntilTimeout
                0x0800938a       0xb2 ./Drivers/STM32F4xx_HAL_Driver/Src/stm32f4xx_hal_uart.o
 .text.UART_EndRxTransfer
                0x0800943c       0xc6 ./Drivers/STM32F4xx_HAL_Driver/Src/stm32f4xx_hal_uart.o
 *fill*         0x08009502        0x2 
 .text.UART_SetConfig
                0x08009504      0x4e8 ./Drivers/STM32F4xx_HAL_Driver/Src/stm32f4xx_hal_uart.o
 .text.__NVIC_SetPriority
                0x080099ec       0x54 ./Middlewares/Third_Party/FreeRTOS/Source/CMSIS_RTOS_V2/cmsis_os2.o
 .text.SysTick_Handler
                0x08009a40       0x20 ./Middlewares/Third_Party/FreeRTOS/Source/CMSIS_RTOS_V2/cmsis_os2.o
                0x08009a40                SysTick_Handler
 .text.SVC_Setup
                0x08009a60       0x12 ./Middlewares/Third_Party/FreeRTOS/Source/CMSIS_RTOS_V2/cmsis_os2.o
 *fill*         0x08009a72        0x2 
 .text.osKernelInitialize
                0x08009a74       0x48 ./Middlewares/Third_Party/FreeRTOS/Source/CMSIS_RTOS_V2/cmsis_os2.o
                0x08009a74                osKernelInitialize
 .text.osKernelStart
                0x08009abc       0x4c ./Middlewares/Third_Party/FreeRTOS/Source/CMSIS_RTOS_V2/cmsis_os2.o
                0x08009abc                osKernelStart
 .text.osThreadNew
                0x08009b08      0x124 ./Middlewares/Third_Party/FreeRTOS/Source/CMSIS_RTOS_V2/cmsis_os2.o
                0x08009b08                osThreadNew
 .text.osDelay  0x08009c2c       0x36 ./Middlewares/Third_Party/FreeRTOS/Source/CMSIS_RTOS_V2/cmsis_os2.o
                0x08009c2c                osDelay
 .text.osMutexNew
                0x08009c62      0x10c ./Middlewares/Third_Party/FreeRTOS/Source/CMSIS_RTOS_V2/cmsis_os2.o
                0x08009c62                osMutexNew
 *fill*         0x08009d6e        0x2 
 .text.vApplicationGetIdleTaskMemory
                0x08009d70       0x34 ./Middlewares/Third_Party/FreeRTOS/Source/CMSIS_RTOS_V2/cmsis_os2.o
                0x08009d70                vApplicationGetIdleTaskMemory
 .text.vApplicationGetTimerTaskMemory
                0x08009da4       0x34 ./Middlewares/Third_Party/FreeRTOS/Source/CMSIS_RTOS_V2/cmsis_os2.o
                0x08009da4                vApplicationGetTimerTaskMemory
 .text.vListInitialise
                0x08009dd8       0x40 ./Middlewares/Third_Party/FreeRTOS/Source/list.o
                0x08009dd8                vListInitialise
 .text.vListInitialiseItem
                0x08009e18       0x1a ./Middlewares/Third_Party/FreeRTOS/Source/list.o
                0x08009e18                vListInitialiseItem
 .text.vListInsertEnd
                0x08009e32       0x48 ./Middlewares/Third_Party/FreeRTOS/Source/list.o
                0x08009e32                vListInsertEnd
 .text.vListInsert
                0x08009e7a       0x72 ./Middlewares/Third_Party/FreeRTOS/Source/list.o
                0x08009e7a                vListInsert
 .text.uxListRemove
                0x08009eec       0x54 ./Middlewares/Third_Party/FreeRTOS/Source/list.o
                0x08009eec                uxListRemove
 .text.xQueueGenericReset
                0x08009f40       0xd4 ./Middlewares/Third_Party/FreeRTOS/Source/queue.o
                0x08009f40                xQueueGenericReset
 .text.xQueueGenericCreateStatic
                0x0800a014       0xfa ./Middlewares/Third_Party/FreeRTOS/Source/queue.o
                0x0800a014                xQueueGenericCreateStatic
 .text.xQueueGenericCreate
                0x0800a10e       0x76 ./Middlewares/Third_Party/FreeRTOS/Source/queue.o
                0x0800a10e                xQueueGenericCreate
 .text.prvInitialiseNewQueue
                0x0800a184       0x46 ./Middlewares/Third_Party/FreeRTOS/Source/queue.o
 .text.prvInitialiseMutex
                0x0800a1ca       0x34 ./Middlewares/Third_Party/FreeRTOS/Source/queue.o
 .text.xQueueCreateMutex
                0x0800a1fe       0x30 ./Middlewares/Third_Party/FreeRTOS/Source/queue.o
                0x0800a1fe                xQueueCreateMutex
 .text.xQueueCreateMutexStatic
                0x0800a22e       0x36 ./Middlewares/Third_Party/FreeRTOS/Source/queue.o
                0x0800a22e                xQueueCreateMutexStatic
 .text.xQueueGenericSend
                0x0800a264      0x204 ./Middlewares/Third_Party/FreeRTOS/Source/queue.o
                0x0800a264                xQueueGenericSend
 .text.xQueueGenericSendFromISR
                0x0800a468      0x13c ./Middlewares/Third_Party/FreeRTOS/Source/queue.o
                0x0800a468                xQueueGenericSendFromISR
 .text.xQueueGiveFromISR
                0x0800a5a4      0x120 ./Middlewares/Third_Party/FreeRTOS/Source/queue.o
                0x0800a5a4                xQueueGiveFromISR
 .text.xQueueReceive
                0x0800a6c4      0x1c4 ./Middlewares/Third_Party/FreeRTOS/Source/queue.o
                0x0800a6c4                xQueueReceive
 .text.xQueueSemaphoreTake
                0x0800a888      0x220 ./Middlewares/Third_Party/FreeRTOS/Source/queue.o
                0x0800a888                xQueueSemaphoreTake
 .text.prvGetDisinheritPriorityAfterTimeout
                0x0800aaa8       0x30 ./Middlewares/Third_Party/FreeRTOS/Source/queue.o
 .text.prvCopyDataToQueue
                0x0800aad8       0xd4 ./Middlewares/Third_Party/FreeRTOS/Source/queue.o
 .text.prvCopyDataFromQueue
                0x0800abac       0x4c ./Middlewares/Third_Party/FreeRTOS/Source/queue.o
 .text.prvUnlockQueue
                0x0800abf8       0xa4 ./Middlewares/Third_Party/FreeRTOS/Source/queue.o
 .text.prvIsQueueEmpty
                0x0800ac9c       0x2c ./Middlewares/Third_Party/FreeRTOS/Source/queue.o
 .text.prvIsQueueFull
                0x0800acc8       0x30 ./Middlewares/Third_Party/FreeRTOS/Source/queue.o
 .text.vQueueAddToRegistry
                0x0800acf8       0x54 ./Middlewares/Third_Party/FreeRTOS/Source/queue.o
                0x0800acf8                vQueueAddToRegistry
 .text.vQueueWaitForMessageRestricted
                0x0800ad4c       0x68 ./Middlewares/Third_Party/FreeRTOS/Source/queue.o
                0x0800ad4c                vQueueWaitForMessageRestricted
 .text.xTaskCreateStatic
                0x0800adb4       0xc0 ./Middlewares/Third_Party/FreeRTOS/Source/tasks.o
                0x0800adb4                xTaskCreateStatic
 .text.xTaskCreate
                0x0800ae74       0x8a ./Middlewares/Third_Party/FreeRTOS/Source/tasks.o
                0x0800ae74                xTaskCreate
 *fill*         0x0800aefe        0x2 
 .text.prvInitialiseNewTask
                0x0800af00      0x150 ./Middlewares/Third_Party/FreeRTOS/Source/tasks.o
 .text.prvAddNewTaskToReadyList
                0x0800b050       0xe0 ./Middlewares/Third_Party/FreeRTOS/Source/tasks.o
 .text.vTaskDelay
                0x0800b130       0x6c ./Middlewares/Third_Party/FreeRTOS/Source/tasks.o
                0x0800b130                vTaskDelay
 .text.vTaskStartScheduler
                0x0800b19c       0xe0 ./Middlewares/Third_Party/FreeRTOS/Source/tasks.o
                0x0800b19c                vTaskStartScheduler
 .text.vTaskSuspendAll
                0x0800b27c       0x1c ./Middlewares/Third_Party/FreeRTOS/Source/tasks.o
                0x0800b27c                vTaskSuspendAll
 .text.xTaskResumeAll
                0x0800b298      0x13c ./Middlewares/Third_Party/FreeRTOS/Source/tasks.o
                0x0800b298                xTaskResumeAll
 .text.xTaskGetTickCount
                0x0800b3d4       0x20 ./Middlewares/Third_Party/FreeRTOS/Source/tasks.o
                0x0800b3d4                xTaskGetTickCount
 .text.xTaskIncrementTick
                0x0800b3f4      0x174 ./Middlewares/Third_Party/FreeRTOS/Source/tasks.o
                0x0800b3f4                xTaskIncrementTick
 .text.vTaskSwitchContext
                0x0800b568       0xcc ./Middlewares/Third_Party/FreeRTOS/Source/tasks.o
                0x0800b568                vTaskSwitchContext
 .text.vTaskPlaceOnEventList
                0x0800b634       0x4c ./Middlewares/Third_Party/FreeRTOS/Source/tasks.o
                0x0800b634                vTaskPlaceOnEventList
 .text.vTaskPlaceOnEventListRestricted
                0x0800b680       0x58 ./Middlewares/Third_Party/FreeRTOS/Source/tasks.o
                0x0800b680                vTaskPlaceOnEventListRestricted
 .text.xTaskRemoveFromEventList
                0x0800b6d8       0xc8 ./Middlewares/Third_Party/FreeRTOS/Source/tasks.o
                0x0800b6d8                xTaskRemoveFromEventList
 .text.vTaskInternalSetTimeOutState
                0x0800b7a0       0x2c ./Middlewares/Third_Party/FreeRTOS/Source/tasks.o
                0x0800b7a0                vTaskInternalSetTimeOutState
 .text.xTaskCheckForTimeOut
                0x0800b7cc       0xc8 ./Middlewares/Third_Party/FreeRTOS/Source/tasks.o
                0x0800b7cc                xTaskCheckForTimeOut
 .text.vTaskMissedYield
                0x0800b894       0x18 ./Middlewares/Third_Party/FreeRTOS/Source/tasks.o
                0x0800b894                vTaskMissedYield
 .text.prvIdleTask
                0x0800b8ac       0x30 ./Middlewares/Third_Party/FreeRTOS/Source/tasks.o
 .text.prvInitialiseTaskLists
                0x0800b8dc       0x80 ./Middlewares/Third_Party/FreeRTOS/Source/tasks.o
 .text.prvCheckTasksWaitingTermination
                0x0800b95c       0x5c ./Middlewares/Third_Party/FreeRTOS/Source/tasks.o
 .text.prvDeleteTCB
                0x0800b9b8       0x6a ./Middlewares/Third_Party/FreeRTOS/Source/tasks.o
 *fill*         0x0800ba22        0x2 
 .text.prvResetNextTaskUnblockTime
                0x0800ba24       0x40 ./Middlewares/Third_Party/FreeRTOS/Source/tasks.o
 .text.xTaskGetSchedulerState
                0x0800ba64       0x3c ./Middlewares/Third_Party/FreeRTOS/Source/tasks.o
                0x0800ba64                xTaskGetSchedulerState
 .text.xTaskPriorityInherit
                0x0800baa0       0xd0 ./Middlewares/Third_Party/FreeRTOS/Source/tasks.o
                0x0800baa0                xTaskPriorityInherit
 .text.xTaskPriorityDisinherit
                0x0800bb70       0xe0 ./Middlewares/Third_Party/FreeRTOS/Source/tasks.o
                0x0800bb70                xTaskPriorityDisinherit
 .text.vTaskPriorityDisinheritAfterTimeout
                0x0800bc50      0x108 ./Middlewares/Third_Party/FreeRTOS/Source/tasks.o
                0x0800bc50                vTaskPriorityDisinheritAfterTimeout
 .text.pvTaskIncrementMutexHeldCount
                0x0800bd58       0x28 ./Middlewares/Third_Party/FreeRTOS/Source/tasks.o
                0x0800bd58                pvTaskIncrementMutexHeldCount
 .text.prvAddCurrentTaskToDelayedList
                0x0800bd80       0xa8 ./Middlewares/Third_Party/FreeRTOS/Source/tasks.o
 .text.xTimerCreateTimerTask
                0x0800be28       0x94 ./Middlewares/Third_Party/FreeRTOS/Source/timers.o
                0x0800be28                xTimerCreateTimerTask
 .text.xTimerGenericCommand
                0x0800bebc       0x9c ./Middlewares/Third_Party/FreeRTOS/Source/timers.o
                0x0800bebc                xTimerGenericCommand
 .text.prvProcessExpiredTimer
                0x0800bf58       0x9c ./Middlewares/Third_Party/FreeRTOS/Source/timers.o
 .text.prvTimerTask
                0x0800bff4       0x26 ./Middlewares/Third_Party/FreeRTOS/Source/timers.o
 *fill*         0x0800c01a        0x2 
 .text.prvProcessTimerOrBlockTask
                0x0800c01c       0x9c ./Middlewares/Third_Party/FreeRTOS/Source/timers.o
 .text.prvGetNextExpireTime
                0x0800c0b8       0x48 ./Middlewares/Third_Party/FreeRTOS/Source/timers.o
 .text.prvSampleTimeNow
                0x0800c100       0x40 ./Middlewares/Third_Party/FreeRTOS/Source/timers.o
 .text.prvInsertTimerInActiveList
                0x0800c140       0x84 ./Middlewares/Third_Party/FreeRTOS/Source/timers.o
 .text.prvProcessReceivedCommands
                0x0800c1c4      0x1cc ./Middlewares/Third_Party/FreeRTOS/Source/timers.o
 .text.prvSwitchTimerLists
                0x0800c390       0xcc ./Middlewares/Third_Party/FreeRTOS/Source/timers.o
 .text.prvCheckForValidListAndQueue
                0x0800c45c       0x80 ./Middlewares/Third_Party/FreeRTOS/Source/timers.o
 .text.pxPortInitialiseStack
                0x0800c4dc       0x68 ./Middlewares/Third_Party/FreeRTOS/Source/portable/GCC/ARM_CM4F/port.o
                0x0800c4dc                pxPortInitialiseStack
 .text.prvTaskExitError
                0x0800c544       0x5c ./Middlewares/Third_Party/FreeRTOS/Source/portable/GCC/ARM_CM4F/port.o
 .text.SVC_Handler
                0x0800c5a0       0x28 ./Middlewares/Third_Party/FreeRTOS/Source/portable/GCC/ARM_CM4F/port.o
                0x0800c5a0                SVC_Handler
 .text.prvPortStartFirstTask
                0x0800c5c8       0x28 ./Middlewares/Third_Party/FreeRTOS/Source/portable/GCC/ARM_CM4F/port.o
 .text.xPortStartScheduler
                0x0800c5f0      0x148 ./Middlewares/Third_Party/FreeRTOS/Source/portable/GCC/ARM_CM4F/port.o
                0x0800c5f0                xPortStartScheduler
 .text.vPortEnterCritical
                0x0800c738       0x64 ./Middlewares/Third_Party/FreeRTOS/Source/portable/GCC/ARM_CM4F/port.o
                0x0800c738                vPortEnterCritical
 .text.vPortExitCritical
                0x0800c79c       0x54 ./Middlewares/Third_Party/FreeRTOS/Source/portable/GCC/ARM_CM4F/port.o
                0x0800c79c                vPortExitCritical
 .text.PendSV_Handler
                0x0800c7f0       0x68 ./Middlewares/Third_Party/FreeRTOS/Source/portable/GCC/ARM_CM4F/port.o
                0x0800c7f0                PendSV_Handler
 .text.xPortSysTickHandler
                0x0800c858       0x44 ./Middlewares/Third_Party/FreeRTOS/Source/portable/GCC/ARM_CM4F/port.o
                0x0800c858                xPortSysTickHandler
 .text.vPortSetupTimerInterrupt
                0x0800c89c       0x48 ./Middlewares/Third_Party/FreeRTOS/Source/portable/GCC/ARM_CM4F/port.o
                0x0800c89c                vPortSetupTimerInterrupt
 .text.vPortEnableVFP
                0x0800c8e4       0x14 ./Middlewares/Third_Party/FreeRTOS/Source/portable/GCC/ARM_CM4F/port.o
 .text.vPortValidateInterruptPriority
                0x0800c8f8       0x84 ./Middlewares/Third_Party/FreeRTOS/Source/portable/GCC/ARM_CM4F/port.o
                0x0800c8f8                vPortValidateInterruptPriority
 .text.pvPortMalloc
                0x0800c97c      0x19c ./Middlewares/Third_Party/FreeRTOS/Source/portable/MemMang/heap_4.o
                0x0800c97c                pvPortMalloc
 .text.vPortFree
                0x0800cb18       0xc8 ./Middlewares/Third_Party/FreeRTOS/Source/portable/MemMang/heap_4.o
                0x0800cb18                vPortFree
 .text.prvHeapInit
                0x0800cbe0       0xc4 ./Middlewares/Third_Party/FreeRTOS/Source/portable/MemMang/heap_4.o
 .text.prvInsertBlockIntoFreeList
                0x0800cca4       0xb4 ./Middlewares/Third_Party/FreeRTOS/Source/portable/MemMang/heap_4.o
 .text.__cvt    0x0800cd58       0xca /opt/st/stm32cubeide_1.16.1/plugins/com.st.stm32cube.ide.mcu.externaltools.gnu-tools-for-stm32.12.3.rel1.linux64_1.0.200.202406132123/tools/bin/../lib/gcc/arm-none-eabi/12.3.1/../../../../arm-none-eabi/lib/thumb/v7e-m+fp/hard/libc_nano.a(libc_a-nano-vfprintf_float.o)
                0x0800cd58                __cvt
 .text.__exponent
                0x0800ce22       0x74 /opt/st/stm32cubeide_1.16.1/plugins/com.st.stm32cube.ide.mcu.externaltools.gnu-tools-for-stm32.12.3.rel1.linux64_1.0.200.202406132123/tools/bin/../lib/gcc/arm-none-eabi/12.3.1/../../../../arm-none-eabi/lib/thumb/v7e-m+fp/hard/libc_nano.a(libc_a-nano-vfprintf_float.o)
                0x0800ce22                __exponent
 *fill*         0x0800ce96        0x2 
 .text._printf_float
                0x0800ce98      0x454 /opt/st/stm32cubeide_1.16.1/plugins/com.st.stm32cube.ide.mcu.externaltools.gnu-tools-for-stm32.12.3.rel1.linux64_1.0.200.202406132123/tools/bin/../lib/gcc/arm-none-eabi/12.3.1/../../../../arm-none-eabi/lib/thumb/v7e-m+fp/hard/libc_nano.a(libc_a-nano-vfprintf_float.o)
                0x0800ce98                _printf_float
 .text._printf_common
                0x0800d2ec       0xda /opt/st/stm32cubeide_1.16.1/plugins/com.st.stm32cube.ide.mcu.externaltools.gnu-tools-for-stm32.12.3.rel1.linux64_1.0.200.202406132123/tools/bin/../lib/gcc/arm-none-eabi/12.3.1/../../../../arm-none-eabi/lib/thumb/v7e-m+fp/hard/libc_nano.a(libc_a-nano-vfprintf_i.o)
                0x0800d2ec                _printf_common
 *fill*         0x0800d3c6        0x2 
 .text._printf_i
                0x0800d3c8      0x240 /opt/st/stm32cubeide_1.16.1/plugins/com.st.stm32cube.ide.mcu.externaltools.gnu-tools-for-stm32.12.3.rel1.linux64_1.0.200.202406132123/tools/bin/../lib/gcc/arm-none-eabi/12.3.1/../../../../arm-none-eabi/lib/thumb/v7e-m+fp/hard/libc_nano.a(libc_a-nano-vfprintf_i.o)
                0x0800d3c8                _printf_i
 .text.std      0x0800d608       0x6c /opt/st/stm32cubeide_1.16.1/plugins/com.st.stm32cube.ide.mcu.externaltools.gnu-tools-for-stm32.12.3.rel1.linux64_1.0.200.202406132123/tools/bin/../lib/gcc/arm-none-eabi/12.3.1/../../../../arm-none-eabi/lib/thumb/v7e-m+fp/hard/libc_nano.a(libc_a-findfp.o)
 .text.stdio_exit_handler
                0x0800d674       0x18 /opt/st/stm32cubeide_1.16.1/plugins/com.st.stm32cube.ide.mcu.externaltools.gnu-tools-for-stm32.12.3.rel1.linux64_1.0.200.202406132123/tools/bin/../lib/gcc/arm-none-eabi/12.3.1/../../../../arm-none-eabi/lib/thumb/v7e-m+fp/hard/libc_nano.a(libc_a-findfp.o)
 .text.cleanup_stdio
                0x0800d68c       0x40 /opt/st/stm32cubeide_1.16.1/plugins/com.st.stm32cube.ide.mcu.externaltools.gnu-tools-for-stm32.12.3.rel1.linux64_1.0.200.202406132123/tools/bin/../lib/gcc/arm-none-eabi/12.3.1/../../../../arm-none-eabi/lib/thumb/v7e-m+fp/hard/libc_nano.a(libc_a-findfp.o)
 .text.global_stdio_init.part.0
                0x0800d6cc       0x3c /opt/st/stm32cubeide_1.16.1/plugins/com.st.stm32cube.ide.mcu.externaltools.gnu-tools-for-stm32.12.3.rel1.linux64_1.0.200.202406132123/tools/bin/../lib/gcc/arm-none-eabi/12.3.1/../../../../arm-none-eabi/lib/thumb/v7e-m+fp/hard/libc_nano.a(libc_a-findfp.o)
 .text.__sfp_lock_acquire
                0x0800d708        0xc /opt/st/stm32cubeide_1.16.1/plugins/com.st.stm32cube.ide.mcu.externaltools.gnu-tools-for-stm32.12.3.rel1.linux64_1.0.200.202406132123/tools/bin/../lib/gcc/arm-none-eabi/12.3.1/../../../../arm-none-eabi/lib/thumb/v7e-m+fp/hard/libc_nano.a(libc_a-findfp.o)
                0x0800d708                __sfp_lock_acquire
 .text.__sfp_lock_release
                0x0800d714        0xc /opt/st/stm32cubeide_1.16.1/plugins/com.st.stm32cube.ide.mcu.externaltools.gnu-tools-for-stm32.12.3.rel1.linux64_1.0.200.202406132123/tools/bin/../lib/gcc/arm-none-eabi/12.3.1/../../../../arm-none-eabi/lib/thumb/v7e-m+fp/hard/libc_nano.a(libc_a-findfp.o)
                0x0800d714                __sfp_lock_release
 .text.__sinit  0x0800d720       0x30 /opt/st/stm32cubeide_1.16.1/plugins/com.st.stm32cube.ide.mcu.externaltools.gnu-tools-for-stm32.12.3.rel1.linux64_1.0.200.202406132123/tools/bin/../lib/gcc/arm-none-eabi/12.3.1/../../../../arm-none-eabi/lib/thumb/v7e-m+fp/hard/libc_nano.a(libc_a-findfp.o)
                0x0800d720                __sinit
 .text._fwalk_sglue
                0x0800d750       0x3c /opt/st/stm32cubeide_1.16.1/plugins/com.st.stm32cube.ide.mcu.externaltools.gnu-tools-for-stm32.12.3.rel1.linux64_1.0.200.202406132123/tools/bin/../lib/gcc/arm-none-eabi/12.3.1/../../../../arm-none-eabi/lib/thumb/v7e-m+fp/hard/libc_nano.a(libc_a-fwalk.o)
                0x0800d750                _fwalk_sglue
 .text.printf   0x0800d78c       0x24 /opt/st/stm32cubeide_1.16.1/plugins/com.st.stm32cube.ide.mcu.externaltools.gnu-tools-for-stm32.12.3.rel1.linux64_1.0.200.202406132123/tools/bin/../lib/gcc/arm-none-eabi/12.3.1/../../../../arm-none-eabi/lib/thumb/v7e-m+fp/hard/libc_nano.a(libc_a-printf.o)
                0x0800d78c                printf
                0x0800d78c                iprintf
 .text._puts_r  0x0800d7b0       0xaa /opt/st/stm32cubeide_1.16.1/plugins/com.st.stm32cube.ide.mcu.externaltools.gnu-tools-for-stm32.12.3.rel1.linux64_1.0.200.202406132123/tools/bin/../lib/gcc/arm-none-eabi/12.3.1/../../../../arm-none-eabi/lib/thumb/v7e-m+fp/hard/libc_nano.a(libc_a-puts.o)
                0x0800d7b0                _puts_r
 *fill*         0x0800d85a        0x2 
 .text.puts     0x0800d85c       0x10 /opt/st/stm32cubeide_1.16.1/plugins/com.st.stm32cube.ide.mcu.externaltools.gnu-tools-for-stm32.12.3.rel1.linux64_1.0.200.202406132123/tools/bin/../lib/gcc/arm-none-eabi/12.3.1/../../../../arm-none-eabi/lib/thumb/v7e-m+fp/hard/libc_nano.a(libc_a-puts.o)
                0x0800d85c                puts
 .text.snprintf
                0x0800d86c       0x68 /opt/st/stm32cubeide_1.16.1/plugins/com.st.stm32cube.ide.mcu.externaltools.gnu-tools-for-stm32.12.3.rel1.linux64_1.0.200.202406132123/tools/bin/../lib/gcc/arm-none-eabi/12.3.1/../../../../arm-none-eabi/lib/thumb/v7e-m+fp/hard/libc_nano.a(libc_a-snprintf.o)
                0x0800d86c                snprintf
                0x0800d86c                sniprintf
 .text.__sread  0x0800d8d4       0x22 /opt/st/stm32cubeide_1.16.1/plugins/com.st.stm32cube.ide.mcu.externaltools.gnu-tools-for-stm32.12.3.rel1.linux64_1.0.200.202406132123/tools/bin/../lib/gcc/arm-none-eabi/12.3.1/../../../../arm-none-eabi/lib/thumb/v7e-m+fp/hard/libc_nano.a(libc_a-stdio.o)
                0x0800d8d4                __sread
 .text.__swrite
                0x0800d8f6       0x38 /opt/st/stm32cubeide_1.16.1/plugins/com.st.stm32cube.ide.mcu.externaltools.gnu-tools-for-stm32.12.3.rel1.linux64_1.0.200.202406132123/tools/bin/../lib/gcc/arm-none-eabi/12.3.1/../../../../arm-none-eabi/lib/thumb/v7e-m+fp/hard/libc_nano.a(libc_a-stdio.o)
                0x0800d8f6                __swrite
 .text.__sseek  0x0800d92e       0x24 /opt/st/stm32cubeide_1.16.1/plugins/com.st.stm32cube.ide.mcu.externaltools.gnu-tools-for-stm32.12.3.rel1.linux64_1.0.200.202406132123/tools/bin/../lib/gcc/arm-none-eabi/12.3.1/../../../../arm-none-eabi/lib/thumb/v7e-m+fp/hard/libc_nano.a(libc_a-stdio.o)
                0x0800d92e                __sseek
 .text.__sclose
                0x0800d952        0x8 /opt/st/stm32cubeide_1.16.1/plugins/com.st.stm32cube.ide.mcu.externaltools.gnu-tools-for-stm32.12.3.rel1.linux64_1.0.200.202406132123/tools/bin/../lib/gcc/arm-none-eabi/12.3.1/../../../../arm-none-eabi/lib/thumb/v7e-m+fp/hard/libc_nano.a(libc_a-stdio.o)
                0x0800d952                __sclose
 .text.__swbuf_r
                0x0800d95a       0x7c /opt/st/stm32cubeide_1.16.1/plugins/com.st.stm32cube.ide.mcu.externaltools.gnu-tools-for-stm32.12.3.rel1.linux64_1.0.200.202406132123/tools/bin/../lib/gcc/arm-none-eabi/12.3.1/../../../../arm-none-eabi/lib/thumb/v7e-m+fp/hard/libc_nano.a(libc_a-wbuf.o)
                0x0800d95a                __swbuf_r
 *fill*         0x0800d9d6        0x2 
 .text.__swsetup_r
                0x0800d9d8       0xac /opt/st/stm32cubeide_1.16.1/plugins/com.st.stm32cube.ide.mcu.externaltools.gnu-tools-for-stm32.12.3.rel1.linux64_1.0.200.202406132123/tools/bin/../lib/gcc/arm-none-eabi/12.3.1/../../../../arm-none-eabi/lib/thumb/v7e-m+fp/hard/libc_nano.a(libc_a-wsetup.o)
                0x0800d9d8                __swsetup_r
 .text.memset   0x0800da84       0x10 /opt/st/stm32cubeide_1.16.1/plugins/com.st.stm32cube.ide.mcu.externaltools.gnu-tools-for-stm32.12.3.rel1.linux64_1.0.200.202406132123/tools/bin/../lib/gcc/arm-none-eabi/12.3.1/../../../../arm-none-eabi/lib/thumb/v7e-m+fp/hard/libc_nano.a(libc_a-memset.o)
                0x0800da84                memset
 .text._localeconv_r
                0x0800da94        0x8 /opt/st/stm32cubeide_1.16.1/plugins/com.st.stm32cube.ide.mcu.externaltools.gnu-tools-for-stm32.12.3.rel1.linux64_1.0.200.202406132123/tools/bin/../lib/gcc/arm-none-eabi/12.3.1/../../../../arm-none-eabi/lib/thumb/v7e-m+fp/hard/libc_nano.a(libc_a-localeconv.o)
                0x0800da94                _localeconv_r
 .text._close_r
                0x0800da9c       0x20 /opt/st/stm32cubeide_1.16.1/plugins/com.st.stm32cube.ide.mcu.externaltools.gnu-tools-for-stm32.12.3.rel1.linux64_1.0.200.202406132123/tools/bin/../lib/gcc/arm-none-eabi/12.3.1/../../../../arm-none-eabi/lib/thumb/v7e-m+fp/hard/libc_nano.a(libc_a-closer.o)
                0x0800da9c                _close_r
 .text._reclaim_reent
                0x0800dabc       0xac /opt/st/stm32cubeide_1.16.1/plugins/com.st.stm32cube.ide.mcu.externaltools.gnu-tools-for-stm32.12.3.rel1.linux64_1.0.200.202406132123/tools/bin/../lib/gcc/arm-none-eabi/12.3.1/../../../../arm-none-eabi/lib/thumb/v7e-m+fp/hard/libc_nano.a(libc_a-reent.o)
                0x0800dabc                _reclaim_reent
 .text._lseek_r
                0x0800db68       0x24 /opt/st/stm32cubeide_1.16.1/plugins/com.st.stm32cube.ide.mcu.externaltools.gnu-tools-for-stm32.12.3.rel1.linux64_1.0.200.202406132123/tools/bin/../lib/gcc/arm-none-eabi/12.3.1/../../../../arm-none-eabi/lib/thumb/v7e-m+fp/hard/libc_nano.a(libc_a-lseekr.o)
                0x0800db68                _lseek_r
 .text._read_r  0x0800db8c       0x24 /opt/st/stm32cubeide_1.16.1/plugins/com.st.stm32cube.ide.mcu.externaltools.gnu-tools-for-stm32.12.3.rel1.linux64_1.0.200.202406132123/tools/bin/../lib/gcc/arm-none-eabi/12.3.1/../../../../arm-none-eabi/lib/thumb/v7e-m+fp/hard/libc_nano.a(libc_a-readr.o)
                0x0800db8c                _read_r
 .text._write_r
                0x0800dbb0       0x24 /opt/st/stm32cubeide_1.16.1/plugins/com.st.stm32cube.ide.mcu.externaltools.gnu-tools-for-stm32.12.3.rel1.linux64_1.0.200.202406132123/tools/bin/../lib/gcc/arm-none-eabi/12.3.1/../../../../arm-none-eabi/lib/thumb/v7e-m+fp/hard/libc_nano.a(libc_a-writer.o)
                0x0800dbb0                _write_r
 .text.__errno  0x0800dbd4        0xc /opt/st/stm32cubeide_1.16.1/plugins/com.st.stm32cube.ide.mcu.externaltools.gnu-tools-for-stm32.12.3.rel1.linux64_1.0.200.202406132123/tools/bin/../lib/gcc/arm-none-eabi/12.3.1/../../../../arm-none-eabi/lib/thumb/v7e-m+fp/hard/libc_nano.a(libc_a-errno.o)
                0x0800dbd4                __errno
 .text.__libc_init_array
                0x0800dbe0       0x48 /opt/st/stm32cubeide_1.16.1/plugins/com.st.stm32cube.ide.mcu.externaltools.gnu-tools-for-stm32.12.3.rel1.linux64_1.0.200.202406132123/tools/bin/../lib/gcc/arm-none-eabi/12.3.1/../../../../arm-none-eabi/lib/thumb/v7e-m+fp/hard/libc_nano.a(libc_a-init.o)
                0x0800dbe0                __libc_init_array
 .text.__retarget_lock_init_recursive
                0x0800dc28        0x2 /opt/st/stm32cubeide_1.16.1/plugins/com.st.stm32cube.ide.mcu.externaltools.gnu-tools-for-stm32.12.3.rel1.linux64_1.0.200.202406132123/tools/bin/../lib/gcc/arm-none-eabi/12.3.1/../../../../arm-none-eabi/lib/thumb/v7e-m+fp/hard/libc_nano.a(libc_a-lock.o)
                0x0800dc28                __retarget_lock_init_recursive
 .text.__retarget_lock_acquire_recursive
                0x0800dc2a        0x2 /opt/st/stm32cubeide_1.16.1/plugins/com.st.stm32cube.ide.mcu.externaltools.gnu-tools-for-stm32.12.3.rel1.linux64_1.0.200.202406132123/tools/bin/../lib/gcc/arm-none-eabi/12.3.1/../../../../arm-none-eabi/lib/thumb/v7e-m+fp/hard/libc_nano.a(libc_a-lock.o)
                0x0800dc2a                __retarget_lock_acquire_recursive
 .text.__retarget_lock_release_recursive
                0x0800dc2c        0x2 /opt/st/stm32cubeide_1.16.1/plugins/com.st.stm32cube.ide.mcu.externaltools.gnu-tools-for-stm32.12.3.rel1.linux64_1.0.200.202406132123/tools/bin/../lib/gcc/arm-none-eabi/12.3.1/../../../../arm-none-eabi/lib/thumb/v7e-m+fp/hard/libc_nano.a(libc_a-lock.o)
                0x0800dc2c                __retarget_lock_release_recursive
 .text.memcpy   0x0800dc2e       0x1c /opt/st/stm32cubeide_1.16.1/plugins/com.st.stm32cube.ide.mcu.externaltools.gnu-tools-for-stm32.12.3.rel1.linux64_1.0.200.202406132123/tools/bin/../lib/gcc/arm-none-eabi/12.3.1/../../../../arm-none-eabi/lib/thumb/v7e-m+fp/hard/libc_nano.a(libc_a-memcpy-stub.o)
                0x0800dc2e                memcpy
 .text.quorem   0x0800dc4a      0x110 /opt/st/stm32cubeide_1.16.1/plugins/com.st.stm32cube.ide.mcu.externaltools.gnu-tools-for-stm32.12.3.rel1.linux64_1.0.200.202406132123/tools/bin/../lib/gcc/arm-none-eabi/12.3.1/../../../../arm-none-eabi/lib/thumb/v7e-m+fp/hard/libc_nano.a(libc_a-dtoa.o)
 *fill*         0x0800dd5a        0x6 
 .text._dtoa_r  0x0800dd60      0xb88 /opt/st/stm32cubeide_1.16.1/plugins/com.st.stm32cube.ide.mcu.externaltools.gnu-tools-for-stm32.12.3.rel1.linux64_1.0.200.202406132123/tools/bin/../lib/gcc/arm-none-eabi/12.3.1/../../../../arm-none-eabi/lib/thumb/v7e-m+fp/hard/libc_nano.a(libc_a-dtoa.o)
                0x0800dd60                _dtoa_r
 .text._free_r  0x0800e8e8       0x94 /opt/st/stm32cubeide_1.16.1/plugins/com.st.stm32cube.ide.mcu.externaltools.gnu-tools-for-stm32.12.3.rel1.linux64_1.0.200.202406132123/tools/bin/../lib/gcc/arm-none-eabi/12.3.1/../../../../arm-none-eabi/lib/thumb/v7e-m+fp/hard/libc_nano.a(libc_a-freer.o)
                0x0800e8e8                _free_r
 .text.malloc   0x0800e97c       0x10 /opt/st/stm32cubeide_1.16.1/plugins/com.st.stm32cube.ide.mcu.externaltools.gnu-tools-for-stm32.12.3.rel1.linux64_1.0.200.202406132123/tools/bin/../lib/gcc/arm-none-eabi/12.3.1/../../../../arm-none-eabi/lib/thumb/v7e-m+fp/hard/libc_nano.a(libc_a-malloc.o)
                0x0800e97c                malloc
 .text.sbrk_aligned
                0x0800e98c       0x44 /opt/st/stm32cubeide_1.16.1/plugins/com.st.stm32cube.ide.mcu.externaltools.gnu-tools-for-stm32.12.3.rel1.linux64_1.0.200.202406132123/tools/bin/../lib/gcc/arm-none-eabi/12.3.1/../../../../arm-none-eabi/lib/thumb/v7e-m+fp/hard/libc_nano.a(libc_a-mallocr.o)
 .text._malloc_r
                0x0800e9d0      0x100 /opt/st/stm32cubeide_1.16.1/plugins/com.st.stm32cube.ide.mcu.externaltools.gnu-tools-for-stm32.12.3.rel1.linux64_1.0.200.202406132123/tools/bin/../lib/gcc/arm-none-eabi/12.3.1/../../../../arm-none-eabi/lib/thumb/v7e-m+fp/hard/libc_nano.a(libc_a-mallocr.o)
                0x0800e9d0                _malloc_r
 .text.__malloc_lock
                0x0800ead0        0xc /opt/st/stm32cubeide_1.16.1/plugins/com.st.stm32cube.ide.mcu.externaltools.gnu-tools-for-stm32.12.3.rel1.linux64_1.0.200.202406132123/tools/bin/../lib/gcc/arm-none-eabi/12.3.1/../../../../arm-none-eabi/lib/thumb/v7e-m+fp/hard/libc_nano.a(libc_a-mlock.o)
                0x0800ead0                __malloc_lock
 .text.__malloc_unlock
                0x0800eadc        0xc /opt/st/stm32cubeide_1.16.1/plugins/com.st.stm32cube.ide.mcu.externaltools.gnu-tools-for-stm32.12.3.rel1.linux64_1.0.200.202406132123/tools/bin/../lib/gcc/arm-none-eabi/12.3.1/../../../../arm-none-eabi/lib/thumb/v7e-m+fp/hard/libc_nano.a(libc_a-mlock.o)
                0x0800eadc                __malloc_unlock
 .text._Balloc  0x0800eae8       0x80 /opt/st/stm32cubeide_1.16.1/plugins/com.st.stm32cube.ide.mcu.externaltools.gnu-tools-for-stm32.12.3.rel1.linux64_1.0.200.202406132123/tools/bin/../lib/gcc/arm-none-eabi/12.3.1/../../../../arm-none-eabi/lib/thumb/v7e-m+fp/hard/libc_nano.a(libc_a-mprec.o)
                0x0800eae8                _Balloc
 .text._Bfree   0x0800eb68       0x44 /opt/st/stm32cubeide_1.16.1/plugins/com.st.stm32cube.ide.mcu.externaltools.gnu-tools-for-stm32.12.3.rel1.linux64_1.0.200.202406132123/tools/bin/../lib/gcc/arm-none-eabi/12.3.1/../../../../arm-none-eabi/lib/thumb/v7e-m+fp/hard/libc_nano.a(libc_a-mprec.o)
                0x0800eb68                _Bfree
 .text.__multadd
                0x0800ebac       0x8c /opt/st/stm32cubeide_1.16.1/plugins/com.st.stm32cube.ide.mcu.externaltools.gnu-tools-for-stm32.12.3.rel1.linux64_1.0.200.202406132123/tools/bin/../lib/gcc/arm-none-eabi/12.3.1/../../../../arm-none-eabi/lib/thumb/v7e-m+fp/hard/libc_nano.a(libc_a-mprec.o)
                0x0800ebac                __multadd
 .text.__hi0bits
                0x0800ec38       0x3e /opt/st/stm32cubeide_1.16.1/plugins/com.st.stm32cube.ide.mcu.externaltools.gnu-tools-for-stm32.12.3.rel1.linux64_1.0.200.202406132123/tools/bin/../lib/gcc/arm-none-eabi/12.3.1/../../../../arm-none-eabi/lib/thumb/v7e-m+fp/hard/libc_nano.a(libc_a-mprec.o)
                0x0800ec38                __hi0bits
 .text.__lo0bits
                0x0800ec76       0x5a /opt/st/stm32cubeide_1.16.1/plugins/com.st.stm32cube.ide.mcu.externaltools.gnu-tools-for-stm32.12.3.rel1.linux64_1.0.200.202406132123/tools/bin/../lib/gcc/arm-none-eabi/12.3.1/../../../../arm-none-eabi/lib/thumb/v7e-m+fp/hard/libc_nano.a(libc_a-mprec.o)
                0x0800ec76                __lo0bits
 .text.__i2b    0x0800ecd0       0x2c /opt/st/stm32cubeide_1.16.1/plugins/com.st.stm32cube.ide.mcu.externaltools.gnu-tools-for-stm32.12.3.rel1.linux64_1.0.200.202406132123/tools/bin/../lib/gcc/arm-none-eabi/12.3.1/../../../../arm-none-eabi/lib/thumb/v7e-m+fp/hard/libc_nano.a(libc_a-mprec.o)
                0x0800ecd0                __i2b
 .text.__multiply
                0x0800ecfc      0x154 /opt/st/stm32cubeide_1.16.1/plugins/com.st.stm32cube.ide.mcu.externaltools.gnu-tools-for-stm32.12.3.rel1.linux64_1.0.200.202406132123/tools/bin/../lib/gcc/arm-none-eabi/12.3.1/../../../../arm-none-eabi/lib/thumb/v7e-m+fp/hard/libc_nano.a(libc_a-mprec.o)
                0x0800ecfc                __multiply
 .text.__pow5mult
                0x0800ee50       0xb4 /opt/st/stm32cubeide_1.16.1/plugins/com.st.stm32cube.ide.mcu.externaltools.gnu-tools-for-stm32.12.3.rel1.linux64_1.0.200.202406132123/tools/bin/../lib/gcc/arm-none-eabi/12.3.1/../../../../arm-none-eabi/lib/thumb/v7e-m+fp/hard/libc_nano.a(libc_a-mprec.o)
                0x0800ee50                __pow5mult
 .text.__lshift
                0x0800ef04       0xd8 /opt/st/stm32cubeide_1.16.1/plugins/com.st.stm32cube.ide.mcu.externaltools.gnu-tools-for-stm32.12.3.rel1.linux64_1.0.200.202406132123/tools/bin/../lib/gcc/arm-none-eabi/12.3.1/../../../../arm-none-eabi/lib/thumb/v7e-m+fp/hard/libc_nano.a(libc_a-mprec.o)
                0x0800ef04                __lshift
 .text.__mcmp   0x0800efdc       0x36 /opt/st/stm32cubeide_1.16.1/plugins/com.st.stm32cube.ide.mcu.externaltools.gnu-tools-for-stm32.12.3.rel1.linux64_1.0.200.202406132123/tools/bin/../lib/gcc/arm-none-eabi/12.3.1/../../../../arm-none-eabi/lib/thumb/v7e-m+fp/hard/libc_nano.a(libc_a-mprec.o)
                0x0800efdc                __mcmp
 *fill*         0x0800f012        0x2 
 .text.__mdiff  0x0800f014      0x128 /opt/st/stm32cubeide_1.16.1/plugins/com.st.stm32cube.ide.mcu.externaltools.gnu-tools-for-stm32.12.3.rel1.linux64_1.0.200.202406132123/tools/bin/../lib/gcc/arm-none-eabi/12.3.1/../../../../arm-none-eabi/lib/thumb/v7e-m+fp/hard/libc_nano.a(libc_a-mprec.o)
                0x0800f014                __mdiff
 .text.__d2b    0x0800f13c       0xb0 /opt/st/stm32cubeide_1.16.1/plugins/com.st.stm32cube.ide.mcu.externaltools.gnu-tools-for-stm32.12.3.rel1.linux64_1.0.200.202406132123/tools/bin/../lib/gcc/arm-none-eabi/12.3.1/../../../../arm-none-eabi/lib/thumb/v7e-m+fp/hard/libc_nano.a(libc_a-mprec.o)
                0x0800f13c                __d2b
 .text.__ssputs_r
                0x0800f1ec       0xb6 /opt/st/stm32cubeide_1.16.1/plugins/com.st.stm32cube.ide.mcu.externaltools.gnu-tools-for-stm32.12.3.rel1.linux64_1.0.200.202406132123/tools/bin/../lib/gcc/arm-none-eabi/12.3.1/../../../../arm-none-eabi/lib/thumb/v7e-m+fp/hard/libc_nano.a(libc_a-nano-svfprintf.o)
                0x0800f1ec                __ssputs_r
 *fill*         0x0800f2a2        0x2 
 .text._svfprintf_r
                0x0800f2a4      0x1f8 /opt/st/stm32cubeide_1.16.1/plugins/com.st.stm32cube.ide.mcu.externaltools.gnu-tools-for-stm32.12.3.rel1.linux64_1.0.200.202406132123/tools/bin/../lib/gcc/arm-none-eabi/12.3.1/../../../../arm-none-eabi/lib/thumb/v7e-m+fp/hard/libc_nano.a(libc_a-nano-svfprintf.o)
                0x0800f2a4                _svfprintf_r
                0x0800f2a4                _svfiprintf_r
 .text.__sfputc_r
                0x0800f49c       0x2e /opt/st/stm32cubeide_1.16.1/plugins/com.st.stm32cube.ide.mcu.externaltools.gnu-tools-for-stm32.12.3.rel1.linux64_1.0.200.202406132123/tools/bin/../lib/gcc/arm-none-eabi/12.3.1/../../../../arm-none-eabi/lib/thumb/v7e-m+fp/hard/libc_nano.a(libc_a-nano-vfprintf.o)
 .text.__sfputs_r
                0x0800f4ca       0x24 /opt/st/stm32cubeide_1.16.1/plugins/com.st.stm32cube.ide.mcu.externaltools.gnu-tools-for-stm32.12.3.rel1.linux64_1.0.200.202406132123/tools/bin/../lib/gcc/arm-none-eabi/12.3.1/../../../../arm-none-eabi/lib/thumb/v7e-m+fp/hard/libc_nano.a(libc_a-nano-vfprintf.o)
                0x0800f4ca                __sfputs_r
 *fill*         0x0800f4ee        0x2 
 .text._vfprintf_r
                0x0800f4f0      0x230 /opt/st/stm32cubeide_1.16.1/plugins/com.st.stm32cube.ide.mcu.externaltools.gnu-tools-for-stm32.12.3.rel1.linux64_1.0.200.202406132123/tools/bin/../lib/gcc/arm-none-eabi/12.3.1/../../../../arm-none-eabi/lib/thumb/v7e-m+fp/hard/libc_nano.a(libc_a-nano-vfprintf.o)
                0x0800f4f0                _vfiprintf_r
                0x0800f4f0                _vfprintf_r
 .text.__sflush_r
                0x0800f720      0x108 /opt/st/stm32cubeide_1.16.1/plugins/com.st.stm32cube.ide.mcu.externaltools.gnu-tools-for-stm32.12.3.rel1.linux64_1.0.200.202406132123/tools/bin/../lib/gcc/arm-none-eabi/12.3.1/../../../../arm-none-eabi/lib/thumb/v7e-m+fp/hard/libc_nano.a(libc_a-fflush.o)
                0x0800f720                __sflush_r
 .text._fflush_r
                0x0800f828       0x50 /opt/st/stm32cubeide_1.16.1/plugins/com.st.stm32cube.ide.mcu.externaltools.gnu-tools-for-stm32.12.3.rel1.linux64_1.0.200.202406132123/tools/bin/../lib/gcc/arm-none-eabi/12.3.1/../../../../arm-none-eabi/lib/thumb/v7e-m+fp/hard/libc_nano.a(libc_a-fflush.o)
                0x0800f828                _fflush_r
 .text.__swhatbuf_r
                0x0800f878       0x4c /opt/st/stm32cubeide_1.16.1/plugins/com.st.stm32cube.ide.mcu.externaltools.gnu-tools-for-stm32.12.3.rel1.linux64_1.0.200.202406132123/tools/bin/../lib/gcc/arm-none-eabi/12.3.1/../../../../arm-none-eabi/lib/thumb/v7e-m+fp/hard/libc_nano.a(libc_a-makebuf.o)
                0x0800f878                __swhatbuf_r
 .text.__smakebuf_r
                0x0800f8c4       0x78 /opt/st/stm32cubeide_1.16.1/plugins/com.st.stm32cube.ide.mcu.externaltools.gnu-tools-for-stm32.12.3.rel1.linux64_1.0.200.202406132123/tools/bin/../lib/gcc/arm-none-eabi/12.3.1/../../../../arm-none-eabi/lib/thumb/v7e-m+fp/hard/libc_nano.a(libc_a-makebuf.o)
                0x0800f8c4                __smakebuf_r
 .text.memmove  0x0800f93c       0x34 /opt/st/stm32cubeide_1.16.1/plugins/com.st.stm32cube.ide.mcu.externaltools.gnu-tools-for-stm32.12.3.rel1.linux64_1.0.200.202406132123/tools/bin/../lib/gcc/arm-none-eabi/12.3.1/../../../../arm-none-eabi/lib/thumb/v7e-m+fp/hard/libc_nano.a(libc_a-memmove.o)
                0x0800f93c                memmove
 .text._fstat_r
                0x0800f970       0x24 /opt/st/stm32cubeide_1.16.1/plugins/com.st.stm32cube.ide.mcu.externaltools.gnu-tools-for-stm32.12.3.rel1.linux64_1.0.200.202406132123/tools/bin/../lib/gcc/arm-none-eabi/12.3.1/../../../../arm-none-eabi/lib/thumb/v7e-m+fp/hard/libc_nano.a(libc_a-fstatr.o)
                0x0800f970                _fstat_r
 .text._isatty_r
                0x0800f994       0x20 /opt/st/stm32cubeide_1.16.1/plugins/com.st.stm32cube.ide.mcu.externaltools.gnu-tools-for-stm32.12.3.rel1.linux64_1.0.200.202406132123/tools/bin/../lib/gcc/arm-none-eabi/12.3.1/../../../../arm-none-eabi/lib/thumb/v7e-m+fp/hard/libc_nano.a(libc_a-isattyr.o)
                0x0800f994                _isatty_r
 .text._sbrk_r  0x0800f9b4       0x20 /opt/st/stm32cubeide_1.16.1/plugins/com.st.stm32cube.ide.mcu.externaltools.gnu-tools-for-stm32.12.3.rel1.linux64_1.0.200.202406132123/tools/bin/../lib/gcc/arm-none-eabi/12.3.1/../../../../arm-none-eabi/lib/thumb/v7e-m+fp/hard/libc_nano.a(libc_a-sbrkr.o)
                0x0800f9b4                _sbrk_r
 .text.__assert_func
                0x0800f9d4       0x3c /opt/st/stm32cubeide_1.16.1/plugins/com.st.stm32cube.ide.mcu.externaltools.gnu-tools-for-stm32.12.3.rel1.linux64_1.0.200.202406132123/tools/bin/../lib/gcc/arm-none-eabi/12.3.1/../../../../arm-none-eabi/lib/thumb/v7e-m+fp/hard/libc_nano.a(libc_a-assert.o)
                0x0800f9d4                __assert_func
 .text._calloc_r
                0x0800fa10       0x28 /opt/st/stm32cubeide_1.16.1/plugins/com.st.stm32cube.ide.mcu.externaltools.gnu-tools-for-stm32.12.3.rel1.linux64_1.0.200.202406132123/tools/bin/../lib/gcc/arm-none-eabi/12.3.1/../../../../arm-none-eabi/lib/thumb/v7e-m+fp/hard/libc_nano.a(libc_a-callocr.o)
                0x0800fa10                _calloc_r
 .text.__ascii_mbtowc
                0x0800fa38       0x24 /opt/st/stm32cubeide_1.16.1/plugins/com.st.stm32cube.ide.mcu.externaltools.gnu-tools-for-stm32.12.3.rel1.linux64_1.0.200.202406132123/tools/bin/../lib/gcc/arm-none-eabi/12.3.1/../../../../arm-none-eabi/lib/thumb/v7e-m+fp/hard/libc_nano.a(libc_a-mbtowc_r.o)
                0x0800fa38                __ascii_mbtowc
 .text._realloc_r
                0x0800fa5c       0x5c /opt/st/stm32cubeide_1.16.1/plugins/com.st.stm32cube.ide.mcu.externaltools.gnu-tools-for-stm32.12.3.rel1.linux64_1.0.200.202406132123/tools/bin/../lib/gcc/arm-none-eabi/12.3.1/../../../../arm-none-eabi/lib/thumb/v7e-m+fp/hard/libc_nano.a(libc_a-reallocr.o)
                0x0800fa5c                _realloc_r
 .text.__ascii_wctomb
                0x0800fab8       0x1a /opt/st/stm32cubeide_1.16.1/plugins/com.st.stm32cube.ide.mcu.externaltools.gnu-tools-for-stm32.12.3.rel1.linux64_1.0.200.202406132123/tools/bin/../lib/gcc/arm-none-eabi/12.3.1/../../../../arm-none-eabi/lib/thumb/v7e-m+fp/hard/libc_nano.a(libc_a-wctomb_r.o)
                0x0800fab8                __ascii_wctomb
 *fill*         0x0800fad2        0x2 
 .text.fprintf  0x0800fad4       0x24 /opt/st/stm32cubeide_1.16.1/plugins/com.st.stm32cube.ide.mcu.externaltools.gnu-tools-for-stm32.12.3.rel1.linux64_1.0.200.202406132123/tools/bin/../lib/gcc/arm-none-eabi/12.3.1/../../../../arm-none-eabi/lib/thumb/v7e-m+fp/hard/libc_nano.a(libc_a-fprintf.o)
                0x0800fad4                fprintf
                0x0800fad4                fiprintf
 .text.abort    0x0800faf8        0xe /opt/st/stm32cubeide_1.16.1/plugins/com.st.stm32cube.ide.mcu.externaltools.gnu-tools-for-stm32.12.3.rel1.linux64_1.0.200.202406132123/tools/bin/../lib/gcc/arm-none-eabi/12.3.1/../../../../arm-none-eabi/lib/thumb/v7e-m+fp/hard/libc_nano.a(libc_a-abort.o)
                0x0800faf8                abort
 .text._malloc_usable_size_r
                0x0800fb06       0x10 /opt/st/stm32cubeide_1.16.1/plugins/com.st.stm32cube.ide.mcu.externaltools.gnu-tools-for-stm32.12.3.rel1.linux64_1.0.200.202406132123/tools/bin/../lib/gcc/arm-none-eabi/12.3.1/../../../../arm-none-eabi/lib/thumb/v7e-m+fp/hard/libc_nano.a(libc_a-msizer.o)
                0x0800fb06                _malloc_usable_size_r
 .text._raise_r
                0x0800fb16       0x50 /opt/st/stm32cubeide_1.16.1/plugins/com.st.stm32cube.ide.mcu.externaltools.gnu-tools-for-stm32.12.3.rel1.linux64_1.0.200.202406132123/tools/bin/../lib/gcc/arm-none-eabi/12.3.1/../../../../arm-none-eabi/lib/thumb/v7e-m+fp/hard/libc_nano.a(libc_a-signal.o)
                0x0800fb16                _raise_r
 *fill*         0x0800fb66        0x2 
 .text.raise    0x0800fb68       0x10 /opt/st/stm32cubeide_1.16.1/plugins/com.st.stm32cube.ide.mcu.externaltools.gnu-tools-for-stm32.12.3.rel1.linux64_1.0.200.202406132123/tools/bin/../lib/gcc/arm-none-eabi/12.3.1/../../../../arm-none-eabi/lib/thumb/v7e-m+fp/hard/libc_nano.a(libc_a-signal.o)
                0x0800fb68                raise
 .text._kill_r  0x0800fb78       0x24 /opt/st/stm32cubeide_1.16.1/plugins/com.st.stm32cube.ide.mcu.externaltools.gnu-tools-for-stm32.12.3.rel1.linux64_1.0.200.202406132123/tools/bin/../lib/gcc/arm-none-eabi/12.3.1/../../../../arm-none-eabi/lib/thumb/v7e-m+fp/hard/libc_nano.a(libc_a-signalr.o)
                0x0800fb78                _kill_r
 .text._getpid_r
                0x0800fb9c        0x4 /opt/st/stm32cubeide_1.16.1/plugins/com.st.stm32cube.ide.mcu.externaltools.gnu-tools-for-stm32.12.3.rel1.linux64_1.0.200.202406132123/tools/bin/../lib/gcc/arm-none-eabi/12.3.1/../../../../arm-none-eabi/lib/thumb/v7e-m+fp/hard/libc_nano.a(libc_a-signalr.o)
                0x0800fb9c                _getpid_r
 .text.sqrt     0x0800fba0       0x58 /opt/st/stm32cubeide_1.16.1/plugins/com.st.stm32cube.ide.mcu.externaltools.gnu-tools-for-stm32.12.3.rel1.linux64_1.0.200.202406132123/tools/bin/../lib/gcc/arm-none-eabi/12.3.1/../../../../arm-none-eabi/lib/thumb/v7e-m+fp/hard/libm.a(libm_a-w_sqrt.o)
                0x0800fba0                sqrt
 .text.atan2f   0x0800fbf8        0x4 /opt/st/stm32cubeide_1.16.1/plugins/com.st.stm32cube.ide.mcu.externaltools.gnu-tools-for-stm32.12.3.rel1.linux64_1.0.200.202406132123/tools/bin/../lib/gcc/arm-none-eabi/12.3.1/../../../../arm-none-eabi/lib/thumb/v7e-m+fp/hard/libm.a(libm_a-wf_atan2.o)
                0x0800fbf8                atan2f
 .text.__ieee754_sqrt
                0x0800fbfc      0x1b4 /opt/st/stm32cubeide_1.16.1/plugins/com.st.stm32cube.ide.mcu.externaltools.gnu-tools-for-stm32.12.3.rel1.linux64_1.0.200.202406132123/tools/bin/../lib/gcc/arm-none-eabi/12.3.1/../../../../arm-none-eabi/lib/thumb/v7e-m+fp/hard/libm.a(libm_a-e_sqrt.o)
                0x0800fbfc                __ieee754_sqrt
 .text.__ieee754_atan2f
                0x0800fdb0      0x140 /opt/st/stm32cubeide_1.16.1/plugins/com.st.stm32cube.ide.mcu.externaltools.gnu-tools-for-stm32.12.3.rel1.linux64_1.0.200.202406132123/tools/bin/../lib/gcc/arm-none-eabi/12.3.1/../../../../arm-none-eabi/lib/thumb/v7e-m+fp/hard/libm.a(libm_a-ef_atan2.o)
                0x0800fdb0                __ieee754_atan2f
 .text.atanf    0x0800fef0      0x1a8 /opt/st/stm32cubeide_1.16.1/plugins/com.st.stm32cube.ide.mcu.externaltools.gnu-tools-for-stm32.12.3.rel1.linux64_1.0.200.202406132123/tools/bin/../lib/gcc/arm-none-eabi/12.3.1/../../../../arm-none-eabi/lib/thumb/v7e-m+fp/hard/libm.a(libm_a-sf_atan.o)
                0x0800fef0                atanf
 .text.fabsf    0x08010098        0xe /opt/st/stm32cubeide_1.16.1/plugins/com.st.stm32cube.ide.mcu.externaltools.gnu-tools-for-stm32.12.3.rel1.linux64_1.0.200.202406132123/tools/bin/../lib/gcc/arm-none-eabi/12.3.1/../../../../arm-none-eabi/lib/thumb/v7e-m+fp/hard/libm.a(libm_a-sf_fabs.o)
                0x08010098                fabsf
 *(.glue_7)
 .glue_7        0x080100a6        0x0 linker stubs
 *(.glue_7t)
 .glue_7t       0x080100a6        0x0 linker stubs
 *(.eh_frame)
 *fill*         0x080100a6        0x2 
 .eh_frame      0x080100a8        0x0 /opt/st/stm32cubeide_1.16.1/plugins/com.st.stm32cube.ide.mcu.externaltools.gnu-tools-for-stm32.12.3.rel1.linux64_1.0.200.202406132123/tools/bin/../lib/gcc/arm-none-eabi/12.3.1/thumb/v7e-m+fp/hard/crtbegin.o
 *(.init)
 .init          0x080100a8        0x4 /opt/st/stm32cubeide_1.16.1/plugins/com.st.stm32cube.ide.mcu.externaltools.gnu-tools-for-stm32.12.3.rel1.linux64_1.0.200.202406132123/tools/bin/../lib/gcc/arm-none-eabi/12.3.1/thumb/v7e-m+fp/hard/crti.o
                0x080100a8                _init
 .init          0x080100ac        0x8 /opt/st/stm32cubeide_1.16.1/plugins/com.st.stm32cube.ide.mcu.externaltools.gnu-tools-for-stm32.12.3.rel1.linux64_1.0.200.202406132123/tools/bin/../lib/gcc/arm-none-eabi/12.3.1/thumb/v7e-m+fp/hard/crtn.o
 *(.fini)
 .fini          0x080100b4        0x4 /opt/st/stm32cubeide_1.16.1/plugins/com.st.stm32cube.ide.mcu.externaltools.gnu-tools-for-stm32.12.3.rel1.linux64_1.0.200.202406132123/tools/bin/../lib/gcc/arm-none-eabi/12.3.1/thumb/v7e-m+fp/hard/crti.o
                0x080100b4                _fini
 .fini          0x080100b8        0x8 /opt/st/stm32cubeide_1.16.1/plugins/com.st.stm32cube.ide.mcu.externaltools.gnu-tools-for-stm32.12.3.rel1.linux64_1.0.200.202406132123/tools/bin/../lib/gcc/arm-none-eabi/12.3.1/thumb/v7e-m+fp/hard/crtn.o
                0x080100c0                        . = ALIGN (0x4)
                0x080100c0                        _etext = .

.vfp11_veneer   0x080100c0        0x0
 .vfp11_veneer  0x080100c0        0x0 linker stubs

.v4_bx          0x080100c0        0x0
 .v4_bx         0x080100c0        0x0 linker stubs

.iplt           0x080100c0        0x0