Archive member included to satisfy reference by file (symbol)

/opt/st/stm32cubeide_1.16.1/plugins/com.st.stm32cube.ide.mcu.externaltools.gnu-tools-for-stm32.12.3.rel1.linux64_1.0.200.202406132123/tools/bin/../lib/gcc/arm-none-eabi/12.3.1/../../../../arm-none-eabi/lib/thumb/v7e-m+fp/hard/libc_nano.a(libc_a-exit.o)
                              /opt/st/stm32cubeide_1.16.1/plugins/com.st.stm32cube.ide.mcu.externaltools.gnu-tools-for-stm32.12.3.rel1.linux64_1.0.200.202406132123/tools/bin/../lib/gcc/arm-none-eabi/12.3.1/../../../../arm-none-eabi/lib/thumb/v7e-m+fp/hard/crt0.o (exit)
/opt/st/stm32cubeide_1.16.1/plugins/com.st.stm32cube.ide.mcu.externaltools.gnu-tools-for-stm32.12.3.rel1.linux64_1.0.200.202406132123/tools/bin/../lib/gcc/arm-none-eabi/12.3.1/../../../../arm-none-eabi/lib/thumb/v7e-m+fp/hard/libc_nano.a(libc_a-findfp.o)
                              /opt/st/stm32cubeide_1.16.1/plugins/com.st.stm32cube.ide.mcu.externaltools.gnu-tools-for-stm32.12.3.rel1.linux64_1.0.200.202406132123/tools/bin/../lib/gcc/arm-none-eabi/12.3.1/../../../../arm-none-eabi/lib/thumb/v7e-m+fp/hard/libc_nano.a(libc_a-exit.o) (__stdio_exit_handler)
/opt/st/stm32cubeide_1.16.1/plugins/com.st.stm32cube.ide.mcu.externaltools.gnu-tools-for-stm32.12.3.rel1.linux64_1.0.200.202406132123/tools/bin/../lib/gcc/arm-none-eabi/12.3.1/../../../../arm-none-eabi/lib/thumb/v7e-m+fp/hard/libc_nano.a(libc_a-fwalk.o)
                              /opt/st/stm32cubeide_1.16.1/plugins/com.st.stm32cube.ide.mcu.externaltools.gnu-tools-for-stm32.12.3.rel1.linux64_1.0.200.202406132123/tools/bin/../lib/gcc/arm-none-eabi/12.3.1/../../../../arm-none-eabi/lib/thumb/v7e-m+fp/hard/libc_nano.a(libc_a-findfp.o) (_fwalk_sglue)
/opt/st/stm32cubeide_1.16.1/plugins/com.st.stm32cube.ide.mcu.externaltools.gnu-tools-for-stm32.12.3.rel1.linux64_1.0.200.202406132123/tools/bin/../lib/gcc/arm-none-eabi/12.3.1/../../../../arm-none-eabi/lib/thumb/v7e-m+fp/hard/libc_nano.a(libc_a-stdio.o)
                              /opt/st/stm32cubeide_1.16.1/plugins/com.st.stm32cube.ide.mcu.externaltools.gnu-tools-for-stm32.12.3.rel1.linux64_1.0.200.202406132123/tools/bin/../lib/gcc/arm-none-eabi/12.3.1/../../../../arm-none-eabi/lib/thumb/v7e-m+fp/hard/libc_nano.a(libc_a-findfp.o) (__sread)
/opt/st/stm32cubeide_1.16.1/plugins/com.st.stm32cube.ide.mcu.externaltools.gnu-tools-for-stm32.12.3.rel1.linux64_1.0.200.202406132123/tools/bin/../lib/gcc/arm-none-eabi/12.3.1/../../../../arm-none-eabi/lib/thumb/v7e-m+fp/hard/libc_nano.a(libc_a-memset.o)
                              /opt/st/stm32cubeide_1.16.1/plugins/com.st.stm32cube.ide.mcu.externaltools.gnu-tools-for-stm32.12.3.rel1.linux64_1.0.200.202406132123/tools/bin/../lib/gcc/arm-none-eabi/12.3.1/../../../../arm-none-eabi/lib/thumb/v7e-m+fp/hard/crt0.o (memset)
/opt/st/stm32cubeide_1.16.1/plugins/com.st.stm32cube.ide.mcu.externaltools.gnu-tools-for-stm32.12.3.rel1.linux64_1.0.200.202406132123/tools/bin/../lib/gcc/arm-none-eabi/12.3.1/../../../../arm-none-eabi/lib/thumb/v7e-m+fp/hard/libc_nano.a(libc_a-closer.o)
                              /opt/st/stm32cubeide_1.16.1/plugins/com.st.stm32cube.ide.mcu.externaltools.gnu-tools-for-stm32.12.3.rel1.linux64_1.0.200.202406132123/tools/bin/../lib/gcc/arm-none-eabi/12.3.1/../../../../arm-none-eabi/lib/thumb/v7e-m+fp/hard/libc_nano.a(libc_a-stdio.o) (_close_r)
/opt/st/stm32cubeide_1.16.1/plugins/com.st.stm32cube.ide.mcu.externaltools.gnu-tools-for-stm32.12.3.rel1.linux64_1.0.200.202406132123/tools/bin/../lib/gcc/arm-none-eabi/12.3.1/../../../../arm-none-eabi/lib/thumb/v7e-m+fp/hard/libc_nano.a(libc_a-reent.o)
                              /opt/st/stm32cubeide_1.16.1/plugins/com.st.stm32cube.ide.mcu.externaltools.gnu-tools-for-stm32.12.3.rel1.linux64_1.0.200.202406132123/tools/bin/../lib/gcc/arm-none-eabi/12.3.1/../../../../arm-none-eabi/lib/thumb/v7e-m+fp/hard/libc_nano.a(libc_a-closer.o) (errno)
/opt/st/stm32cubeide_1.16.1/plugins/com.st.stm32cube.ide.mcu.externaltools.gnu-tools-for-stm32.12.3.rel1.linux64_1.0.200.202406132123/tools/bin/../lib/gcc/arm-none-eabi/12.3.1/../../../../arm-none-eabi/lib/thumb/v7e-m+fp/hard/libc_nano.a(libc_a-impure.o)
                              /opt/st/stm32cubeide_1.16.1/plugins/com.st.stm32cube.ide.mcu.externaltools.gnu-tools-for-stm32.12.3.rel1.linux64_1.0.200.202406132123/tools/bin/../lib/gcc/arm-none-eabi/12.3.1/../../../../arm-none-eabi/lib/thumb/v7e-m+fp/hard/libc_nano.a(libc_a-reent.o) (_impure_ptr)
/opt/st/stm32cubeide_1.16.1/plugins/com.st.stm32cube.ide.mcu.externaltools.gnu-tools-for-stm32.12.3.rel1.linux64_1.0.200.202406132123/tools/bin/../lib/gcc/arm-none-eabi/12.3.1/../../../../arm-none-eabi/lib/thumb/v7e-m+fp/hard/libc_nano.a(libc_a-lseekr.o)
                              /opt/st/stm32cubeide_1.16.1/plugins/com.st.stm32cube.ide.mcu.externaltools.gnu-tools-for-stm32.12.3.rel1.linux64_1.0.200.202406132123/tools/bin/../lib/gcc/arm-none-eabi/12.3.1/../../../../arm-none-eabi/lib/thumb/v7e-m+fp/hard/libc_nano.a(libc_a-stdio.o) (_lseek_r)
[...]
Memory Configuration

Name             Origin             Length             Attributes
CCMRAM           0x10000000         0x00010000         xrw
RAM              0x20000000         0x00020000         xrw
FLASH            0x08000000         0x00100000         xr
*default*        0x00000000         0xffffffff

Linker script and memory map

LOAD /opt/st/stm32cubeide_1.16.1/plugins/com.st.stm32cube.ide.mcu.externaltools.gnu-tools-for-stm32.12.3.rel1.linux64_1.0.200.202406132123/tools/bin/../lib/gcc/arm-none-eabi/12.3.1/thumb/v7e-m+fp/hard/crti.o
LOAD /opt/st/stm32cubeide_1.16.1/plugins/com.st.stm32cube.ide.mcu.externaltools.gnu-tools-for-stm32.12.3.rel1.linux64_1.0.200.202406132123/tools/bin/../lib/gcc/arm-none-eabi/12.3.1/thumb/v7e-m+fp/hard/crtbegin.o
LOAD /opt/st/stm32cubeide_1.16.1/plugins/com.st.stm32cube.ide.mcu.externaltools.gnu-tools-for-stm32.12.3.rel1.linux64_1.0.200.202406132123/tools/bin/../lib/gcc/arm-none-eabi/12.3.1/../../../../arm-none-eabi/lib/thumb/v7e-m+fp/hard/crt0.o
LOAD ./Bsp/board.o
LOAD ./Core/Src/gpio.o
LOAD ./Core/Src/main.o
LOAD ./Core/Src/rtc.o
LOAD ./Core/Src/stm32f4xx_hal_msp.o
LOAD ./Core/Src/stm32f4xx_it.o
LOAD ./Core/Src/syscalls.o
LOAD ./Core/Src/sysmem.o
LOAD ./Core/Src/system_stm32f4xx.o
LOAD ./Core/Src/usart.o
LOAD ./Core/Startup/startup_stm32f405rgtx.o
LOAD ./Drivers/STM32F4xx_HAL_Driver/Src/stm32f4xx_hal.o
LOAD ./Drivers/STM32F4xx_HAL_Driver/Src/stm32f4xx_hal_cortex.o
LOAD ./Drivers/STM32F4xx_HAL_Driver/Src/stm32f4xx_hal_dma.o
LOAD ./Drivers/STM32F4xx_HAL_Driver/Src/stm32f4xx_hal_dma_ex.o
LOAD ./Drivers/STM32F4xx_HAL_Driver/Src/stm32f4xx_hal_exti.o
LOAD ./Drivers/STM32F4xx_HAL_Driver/Src/stm32f4xx_hal_flash.o
LOAD ./Drivers/STM32F4xx_HAL_Driver/Src/stm32f4xx_hal_flash_ex.o
LOAD ./Drivers/STM32F4xx_HAL_Driver/Src/stm32f4xx_hal_flash_ramfunc.o
LOAD ./Drivers/STM32F4xx_HAL_Driver/Src/stm32f4xx_hal_gpio.o
LOAD ./Drivers/STM32F4xx_HAL_Driver/Src/stm32f4xx_hal_pwr.o
LOAD ./Drivers/STM32F4xx_HAL_Driver/Src/stm32f4xx_hal_pwr_ex.o
LOAD ./Drivers/STM32F4xx_HAL_Driver/Src/stm32f4xx_hal_rcc.o
LOAD ./Drivers/STM32F4xx_HAL_Driver/Src/stm32f4xx_hal_rcc_ex.o
LOAD ./Drivers/STM32F4xx_HAL_Driver/Src/stm32f4xx_hal_rtc.o
LOAD ./Drivers/STM32F4xx_HAL_Driver/Src/stm32f4xx_hal_rtc_ex.o
LOAD ./Drivers/STM32F4xx_HAL_Driver/Src/stm32f4xx_hal_tim.o
LOAD ./Drivers/STM32F4xx_HAL_Driver/Src/stm32f4xx_hal_tim_ex.o
LOAD ./Drivers/STM32F4xx_HAL_Driver/Src/stm32f4xx_hal_uart.o
START GROUP
LOAD /opt/st/stm32cubeide_1.16.1/plugins/com.st.stm32cube.ide.mcu.externaltools.gnu-tools-for-stm32.12.3.rel1.linux64_1.0.200.202406132123/tools/bin/../lib/gcc/arm-none-eabi/12.3.1/../../../../arm-none-eabi/lib/thumb/v7e-m+fp/hard/libc_nano.a
LOAD /opt/st/stm32cubeide_1.16.1/plugins/com.st.stm32cube.ide.mcu.externaltools.gnu-tools-for-stm32.12.3.rel1.linux64_1.0.200.202406132123/tools/bin/../lib/gcc/arm-none-eabi/12.3.1/../../../../arm-none-eabi/lib/thumb/v7e-m+fp/hard/libm.a
END GROUP
START GROUP
LOAD /opt/st/stm32cubeide_1.16.1/plugins/com.st.stm32cube.ide.mcu.externaltools.gnu-tools-for-stm32.12.3.rel1.linux64_1.0.200.202406132123/tools/bin/../lib/gcc/arm-none-eabi/12.3.1/thumb/v7e-m+fp/hard/libgcc.a
LOAD /opt/st/stm32cubeide_1.16.1/plugins/com.st.stm32cube.ide.mcu.externaltools.gnu-tools-for-stm32.12.3.rel1.linux64_1.0.200.202406132123/tools/bin/../lib/gcc/arm-none-eabi/12.3.1/../../../../arm-none-eabi/lib/thumb/v7e-m+fp/hard/libc_nano.a
END GROUP
START GROUP
LOAD /opt/st/stm32cubeide_1.16.1/plugins/com.st.stm32cube.ide.mcu.externaltools.gnu-tools-for-stm32.12.3.rel1.linux64_1.0.200.202406132123/tools/bin/../lib/gcc/arm-none-eabi/12.3.1/thumb/v7e-m+fp/hard/libgcc.a
LOAD /opt/st/stm32cubeide_1.16.1/plugins/com.st.stm32cube.ide.mcu.externaltools.gnu-tools-for-stm32.12.3.rel1.linux64_1.0.200.202406132123/tools/bin/../lib/gcc/arm-none-eabi/12.3.1/../../../../arm-none-eabi/lib/thumb/v7e-m+fp/hard/libc_nano.a
LOAD /opt/st/stm32cubeide_1.16.1/plugins/com.st.stm32cube.ide.mcu.externaltools.gnu-tools-for-stm32.12.3.rel1.linux64_1.0.200.202406132123/tools/bin/../lib/gcc/arm-none-eabi/12.3.1/../../../../arm-none-eabi/lib/thumb/v7e-m+fp/hard/libnosys.a
END GROUP
START GROUP
LOAD /opt/st/stm32cubeide_1.16.1/plugins/com.st.stm32cube.ide.mcu.externaltools.gnu-tools-for-stm32.12.3.rel1.linux64_1.0.200.202406132123/tools/bin/../lib/gcc/arm-none-eabi/12.3.1/thumb/v7e-m+fp/hard/libgcc.a
LOAD /opt/st/stm32cubeide_1.16.1/plugins/com.st.stm32cube.ide.mcu.externaltools.gnu-tools-for-stm32.12.3.rel1.linux64_1.0.200.202406132123/tools/bin/../lib/gcc/arm-none-eabi/12.3.1/../../../../arm-none-eabi/lib/thumb/v7e-m+fp/hard/libc_nano.a
LOAD /opt/st/stm32cubeide_1.16.1/plugins/com.st.stm32cube.ide.mcu.externaltools.gnu-tools-for-stm32.12.3.rel1.linux64_1.0.200.202406132123/tools/bin/../lib/gcc/arm-none-eabi/12.3.1/../../../../arm-none-eabi/lib/thumb/v7e-m+fp/hard/libnosys.a
END GROUP
LOAD /opt/st/stm32cubeide_1.16.1/plugins/com.st.stm32cube.ide.mcu.externaltools.gnu-tools-for-stm32.12.3.rel1.linux64_1.0.200.202406132123/tools/bin/../lib/gcc/arm-none-eabi/12.3.1/thumb/v7e-m+fp/hard/crtend.o
LOAD /opt/st/stm32cubeide_1.16.1/plugins/com.st.stm32cube.ide.mcu.externaltools.gnu-tools-for-stm32.12.3.rel1.linux64_1.0.200.202406132123/tools/bin/../lib/gcc/arm-none-eabi/12.3.1/thumb/v7e-m+fp/hard/crtn.o
                0x20020000                        _estack = (ORIGIN (RAM) + LENGTH (RAM))
                0x00000200                        _Min_Heap_Size = 0x200
                0x00000400                        _Min_Stack_Size = 0x400

.isr_vector     0x08000000      0x188
                0x08000000                        . = ALIGN (0x4)
 *(.isr_vector)
 .isr_vector    0x08000000      0x188 ./Core/Startup/startup_stm32f405rgtx.o
                0x08000000                g_pfnVectors
                0x08000188                        . = ALIGN (0x4)

.text           0x08000188     0x292c
                0x08000188                        . = ALIGN (0x4)
 *(.text)
 .text          0x08000188       0x40 /opt/st/stm32cubeide_1.16.1/plugins/com.st.stm32cube.ide.mcu.externaltools.gnu-tools-for-stm32.12.3.rel1.linux64_1.0.200.202406132123/tools/bin/../lib/gcc/arm-none-eabi/12.3.1/thumb/v7e-m+fp/hard/crtbegin.o
 .text          0x080001c8       0x30 /opt/st/stm32cubeide_1.16.1/plugins/com.st.stm32cube.ide.mcu.externaltools.gnu-tools-for-stm32.12.3.rel1.linux64_1.0.200.202406132123/tools/bin/../lib/gcc/arm-none-eabi/12.3.1/thumb/v7e-m+fp/hard/libgcc.a(_aeabi_uldivmod.o)
                0x080001c8                __aeabi_uldivmod
 .text          0x080001f8      0x2bc /opt/st/stm32cubeide_1.16.1/plugins/com.st.stm32cube.ide.mcu.externaltools.gnu-tools-for-stm32.12.3.rel1.linux64_1.0.200.202406132123/tools/bin/../lib/gcc/arm-none-eabi/12.3.1/thumb/v7e-m+fp/hard/libgcc.a(_udivmoddi4.o)
                0x080001f8                __udivmoddi4
 .text          0x080004b4        0x4 /opt/st/stm32cubeide_1.16.1/plugins/com.st.stm32cube.ide.mcu.externaltools.gnu-tools-for-stm32.12.3.rel1.linux64_1.0.200.202406132123/tools/bin/../lib/gcc/arm-none-eabi/12.3.1/thumb/v7e-m+fp/hard/libgcc.a(_dvmd_tls.o)
                0x080004b4                __aeabi_ldiv0
                0x080004b4                __aeabi_idiv0
 *(.text*)
 .text.board_button_init
                0x080004b8       0x58 ./Bsp/board.o
                0x080004b8                board_button_init
 .text.board_button_getstate
                0x08000510       0x24 ./Bsp/board.o
                0x08000510                board_button_getstate
 .text.board_led_init
                0x08000534       0x64 ./Bsp/board.o
                0x08000534                board_led_init
 .text.board_led_toggle
                0x08000598       0x14 ./Bsp/board.o
                0x08000598                board_led_toggle
 .text.board_led_set
                0x080005ac       0x34 ./Bsp/board.o
                0x080005ac                board_led_set
 .text.MX_GPIO_Init
                0x080005e0       0x6c ./Core/Src/gpio.o
                0x080005e0                MX_GPIO_Init
 .text.main     0x0800064c       0xdc ./Core/Src/main.o
                0x0800064c                main
 .text.SystemClock_Config
                0x08000728       0xd8 ./Core/Src/main.o
                0x08000728                SystemClock_Config
 .text.Error_Handler
                0x08000800        0xc ./Core/Src/main.o
                0x08000800                Error_Handler
 .text.MX_RTC_Init
                0x0800080c       0xb4 ./Core/Src/rtc.o
                0x0800080c                MX_RTC_Init
 .text.HAL_RTC_MspInit
                0x080008c0       0x54 ./Core/Src/rtc.o
                0x080008c0                HAL_RTC_MspInit
 .text.HAL_MspInit
                0x08000914       0x50 ./Core/Src/stm32f4xx_hal_msp.o
                0x08000914                HAL_MspInit
 .text.NMI_Handler
                0x08000964        0x8 ./Core/Src/stm32f4xx_it.o
                0x08000964                NMI_Handler
 .text.HardFault_Handler
                0x0800096c        0x8 ./Core/Src/stm32f4xx_it.o
                0x0800096c                HardFault_Handler
 .text.MemManage_Handler
                0x08000974        0x8 ./Core/Src/stm32f4xx_it.o
                0x08000974                MemManage_Handler
 .text.BusFault_Handler
                0x0800097c        0x8 ./Core/Src/stm32f4xx_it.o
                0x0800097c                BusFault_Handler
 .text.UsageFault_Handler
                0x08000984        0x8 ./Core/Src/stm32f4xx_it.o
                0x08000984                UsageFault_Handler
 .text.SVC_Handler
                0x0800098c        0xe ./Core/Src/stm32f4xx_it.o
                0x0800098c                SVC_Handler
 .text.DebugMon_Handler
                0x0800099a        0xe ./Core/Src/stm32f4xx_it.o
                0x0800099a                DebugMon_Handler
 .text.PendSV_Handler
                0x080009a8        0xe ./Core/Src/stm32f4xx_it.o
                0x080009a8                PendSV_Handler
 .text.SysTick_Handler
                0x080009b6        0xc ./Core/Src/stm32f4xx_it.o
                0x080009b6                SysTick_Handler
 *fill*         0x080009c2        0x2 
 .text.SystemInit
                0x080009c4       0x24 ./Core/Src/system_stm32f4xx.o
                0x080009c4                SystemInit
 .text.MX_USART1_UART_Init
                0x080009e8       0x54 ./Core/Src/usart.o
                0x080009e8                MX_USART1_UART_Init
 .text.HAL_UART_MspInit
                0x08000a3c       0x90 ./Core/Src/usart.o
                0x08000a3c                HAL_UART_MspInit
 .text.Reset_Handler
                0x08000acc       0x50 ./Core/Startup/startup_stm32f405rgtx.o
                0x08000acc                Reset_Handler
 .text.Default_Handler
                0x08000b1c        0x2 ./Core/Startup/startup_stm32f405rgtx.o
                0x08000b1c                RTC_Alarm_IRQHandler
                0x08000b1c                HASH_RNG_IRQHandler
                0x08000b1c                EXTI2_IRQHandler
                0x08000b1c                TIM8_CC_IRQHandler
                0x08000b1c                TIM1_CC_IRQHandler
                0x08000b1c                DMA2_Stream5_IRQHandler
                0x08000b1c                DMA1_Stream5_IRQHandler
                0x08000b1c                PVD_IRQHandler
                0x08000b1c                SDIO_IRQHandler
                0x08000b1c                TAMP_STAMP_IRQHandler
                0x08000b1c                CAN2_RX1_IRQHandler
                0x08000b1c                EXTI3_IRQHandler
                0x08000b1c                TIM8_TRG_COM_TIM14_IRQHandler
                0x08000b1c                TIM1_UP_TIM10_IRQHandler
                0x08000b1c                TIM8_UP_TIM13_IRQHandler
                0x08000b1c                I2C3_ER_IRQHandler
                0x08000b1c                EXTI0_IRQHandler
                0x08000b1c                I2C2_EV_IRQHandler
                0x08000b1c                DMA1_Stream2_IRQHandler
                0x08000b1c                CAN1_RX0_IRQHandler
                0x08000b1c                FPU_IRQHandler
                0x08000b1c                OTG_HS_WKUP_IRQHandler
                0x08000b1c                CAN2_SCE_IRQHandler
                0x08000b1c                DMA2_Stream2_IRQHandler
                0x08000b1c                SPI1_IRQHandler
                0x08000b1c                TIM6_DAC_IRQHandler
                0x08000b1c                TIM1_BRK_TIM9_IRQHandler
                0x08000b1c                CAN2_RX0_IRQHandler
                0x08000b1c                DMA2_Stream3_IRQHandler
                0x08000b1c                USART6_IRQHandler
                0x08000b1c                USART3_IRQHandler
                0x08000b1c                CAN1_RX1_IRQHandler
                0x08000b1c                UART5_IRQHandler
                0x08000b1c                DMA2_Stream0_IRQHandler
                0x08000b1c                TIM4_IRQHandler
                0x08000b1c                I2C1_EV_IRQHandler
                0x08000b1c                DMA1_Stream6_IRQHandler
                0x08000b1c                DMA1_Stream1_IRQHandler
                0x08000b1c                UART4_IRQHandler
                0x08000b1c                TIM3_IRQHandler
                0x08000b1c                RCC_IRQHandler
                0x08000b1c                TIM8_BRK_TIM12_IRQHandler
                0x08000b1c                Default_Handler
                0x08000b1c                EXTI15_10_IRQHandler
                0x08000b1c                ADC_IRQHandler
                0x08000b1c                DMA1_Stream7_IRQHandler
                0x08000b1c                TIM7_IRQHandler
                0x08000b1c                CAN2_TX_IRQHandler
                0x08000b1c                TIM5_IRQHandler
                0x08000b1c                DMA2_Stream7_IRQHandler
                0x08000b1c                I2C3_EV_IRQHandler
                0x08000b1c                EXTI9_5_IRQHandler
                0x08000b1c                RTC_WKUP_IRQHandler
                0x08000b1c                SPI2_IRQHandler
                0x08000b1c                OTG_HS_EP1_IN_IRQHandler
                0x08000b1c                DMA1_Stream0_IRQHandler
                0x08000b1c                CAN1_TX_IRQHandler
                0x08000b1c                EXTI4_IRQHandler
                0x08000b1c                FSMC_IRQHandler
                0x08000b1c                OTG_HS_EP1_OUT_IRQHandler
                0x08000b1c                WWDG_IRQHandler
                0x08000b1c                TIM2_IRQHandler
                0x08000b1c                OTG_FS_WKUP_IRQHandler
                0x08000b1c                TIM1_TRG_COM_TIM11_IRQHandler
                0x08000b1c                OTG_HS_IRQHandler
                0x08000b1c                EXTI1_IRQHandler
                0x08000b1c                USART2_IRQHandler
                0x08000b1c                I2C2_ER_IRQHandler
                0x08000b1c                DMA2_Stream1_IRQHandler
                0x08000b1c                CAN1_SCE_IRQHandler
                0x08000b1c                FLASH_IRQHandler
                0x08000b1c                DMA2_Stream4_IRQHandler
                0x08000b1c                USART1_IRQHandler
                0x08000b1c                OTG_FS_IRQHandler
                0x08000b1c                SPI3_IRQHandler
                0x08000b1c                DMA1_Stream4_IRQHandler
                0x08000b1c                I2C1_ER_IRQHandler
                0x08000b1c                DMA2_Stream6_IRQHandler
                0x08000b1c                DMA1_Stream3_IRQHandler
 *fill*         0x08000b1e        0x2 
 .text.HAL_Init
                0x08000b20       0x44 ./Drivers/STM32F4xx_HAL_Driver/Src/stm32f4xx_hal.o
                0x08000b20                HAL_Init
 .text.HAL_InitTick
                0x08000b64       0x60 ./Drivers/STM32F4xx_HAL_Driver/Src/stm32f4xx_hal.o
                0x08000b64                HAL_InitTick
 .text.HAL_IncTick
                0x08000bc4       0x28 ./Drivers/STM32F4xx_HAL_Driver/Src/stm32f4xx_hal.o
                0x08000bc4                HAL_IncTick
 .text.HAL_GetTick
                0x08000bec       0x18 ./Drivers/STM32F4xx_HAL_Driver/Src/stm32f4xx_hal.o
                0x08000bec                HAL_GetTick
 .text.__NVIC_SetPriorityGrouping
                0x08000c04       0x48 ./Drivers/STM32F4xx_HAL_Driver/Src/stm32f4xx_hal_cortex.o
 .text.__NVIC_GetPriorityGrouping
                0x08000c4c       0x1c ./Drivers/STM32F4xx_HAL_Driver/Src/stm32f4xx_hal_cortex.o
 .text.__NVIC_SetPriority
                0x08000c68       0x54 ./Drivers/STM32F4xx_HAL_Driver/Src/stm32f4xx_hal_cortex.o
 .text.NVIC_EncodePriority
                0x08000cbc       0x66 ./Drivers/STM32F4xx_HAL_Driver/Src/stm32f4xx_hal_cortex.o
 *fill*         0x08000d22        0x2 
 .text.SysTick_Config
                0x08000d24       0x44 ./Drivers/STM32F4xx_HAL_Driver/Src/stm32f4xx_hal_cortex.o
 .text.HAL_NVIC_SetPriorityGrouping
                0x08000d68       0x16 ./Drivers/STM32F4xx_HAL_Driver/Src/stm32f4xx_hal_cortex.o
                0x08000d68                HAL_NVIC_SetPriorityGrouping
 .text.HAL_NVIC_SetPriority
                0x08000d7e       0x38 ./Drivers/STM32F4xx_HAL_Driver/Src/stm32f4xx_hal_cortex.o
                0x08000d7e                HAL_NVIC_SetPriority
 .text.HAL_SYSTICK_Config
                0x08000db6       0x18 ./Drivers/STM32F4xx_HAL_Driver/Src/stm32f4xx_hal_cortex.o
                0x08000db6                HAL_SYSTICK_Config
 *fill*         0x08000dce        0x2 
 .text.HAL_GPIO_Init
                0x08000dd0      0x338 ./Drivers/STM32F4xx_HAL_Driver/Src/stm32f4xx_hal_gpio.o
                0x08000dd0                HAL_GPIO_Init
 .text.HAL_GPIO_ReadPin
                0x08001108       0x30 ./Drivers/STM32F4xx_HAL_Driver/Src/stm32f4xx_hal_gpio.o
                0x08001108                HAL_GPIO_ReadPin
 .text.HAL_GPIO_WritePin
                0x08001138       0x32 ./Drivers/STM32F4xx_HAL_Driver/Src/stm32f4xx_hal_gpio.o
                0x08001138                HAL_GPIO_WritePin
 .text.HAL_GPIO_TogglePin
                0x0800116a       0x34 ./Drivers/STM32F4xx_HAL_Driver/Src/stm32f4xx_hal_gpio.o
                0x0800116a                HAL_GPIO_TogglePin
 *fill*         0x0800119e        0x2 
 .text.HAL_RCC_OscConfig
                0x080011a0      0x4f0 ./Drivers/STM32F4xx_HAL_Driver/Src/stm32f4xx_hal_rcc.o
                0x080011a0                HAL_RCC_OscConfig
 .text.HAL_RCC_ClockConfig
                0x08001690      0x1cc ./Drivers/STM32F4xx_HAL_Driver/Src/stm32f4xx_hal_rcc.o
                0x08001690                HAL_RCC_ClockConfig
 .text.HAL_RCC_GetSysClockFreq
                0x0800185c      0x18c ./Drivers/STM32F4xx_HAL_Driver/Src/stm32f4xx_hal_rcc.o
                0x0800185c                HAL_RCC_GetSysClockFreq
 .text.HAL_RCC_GetHCLKFreq
                0x080019e8       0x18 ./Drivers/STM32F4xx_HAL_Driver/Src/stm32f4xx_hal_rcc.o
                0x080019e8                HAL_RCC_GetHCLKFreq
 .text.HAL_RCC_GetPCLK1Freq
                0x08001a00       0x28 ./Drivers/STM32F4xx_HAL_Driver/Src/stm32f4xx_hal_rcc.o
                0x08001a00                HAL_RCC_GetPCLK1Freq
 .text.HAL_RCC_GetPCLK2Freq
                0x08001a28       0x28 ./Drivers/STM32F4xx_HAL_Driver/Src/stm32f4xx_hal_rcc.o
                0x08001a28                HAL_RCC_GetPCLK2Freq
 .text.HAL_RCCEx_PeriphCLKConfig
                0x08001a50      0x1c4 ./Drivers/STM32F4xx_HAL_Driver/Src/stm32f4xx_hal_rcc_ex.o
                0x08001a50                HAL_RCCEx_PeriphCLKConfig
 .text.HAL_RTC_Init
                0x08001c14      0x106 ./Drivers/STM32F4xx_HAL_Driver/Src/stm32f4xx_hal_rtc.o
                0x08001c14                HAL_RTC_Init
 .text.HAL_RTC_SetTime
                0x08001d1a      0x134 ./Drivers/STM32F4xx_HAL_Driver/Src/stm32f4xx_hal_rtc.o
                0x08001d1a                HAL_RTC_SetTime
 .text.HAL_RTC_GetTime
                0x08001e4e       0xbc ./Drivers/STM32F4xx_HAL_Driver/Src/stm32f4xx_hal_rtc.o
                0x08001e4e                HAL_RTC_GetTime
 .text.HAL_RTC_SetDate
                0x08001f0a      0x108 ./Drivers/STM32F4xx_HAL_Driver/Src/stm32f4xx_hal_rtc.o
                0x08001f0a                HAL_RTC_SetDate
 .text.HAL_RTC_GetDate
                0x08002012       0x9e ./Drivers/STM32F4xx_HAL_Driver/Src/stm32f4xx_hal_rtc.o
                0x08002012                HAL_RTC_GetDate
 .text.HAL_RTC_WaitForSynchro
                0x080020b0       0x4c ./Drivers/STM32F4xx_HAL_Driver/Src/stm32f4xx_hal_rtc.o
                0x080020b0                HAL_RTC_WaitForSynchro
 .text.RTC_EnterInitMode
                0x080020fc       0x6e ./Drivers/STM32F4xx_HAL_Driver/Src/stm32f4xx_hal_rtc.o
                0x080020fc                RTC_EnterInitMode
 .text.RTC_ExitInitMode
                0x0800216a       0x4a ./Drivers/STM32F4xx_HAL_Driver/Src/stm32f4xx_hal_rtc.o
                0x0800216a                RTC_ExitInitMode
 .text.RTC_ByteToBcd2
                0x080021b4       0x3c ./Drivers/STM32F4xx_HAL_Driver/Src/stm32f4xx_hal_rtc.o
                0x080021b4                RTC_ByteToBcd2
 .text.RTC_Bcd2ToByte
                0x080021f0       0x3c ./Drivers/STM32F4xx_HAL_Driver/Src/stm32f4xx_hal_rtc.o
                0x080021f0                RTC_Bcd2ToByte
 .text.HAL_UART_Init
                0x0800222c       0xa0 ./Drivers/STM32F4xx_HAL_Driver/Src/stm32f4xx_hal_uart.o
                0x0800222c                HAL_UART_Init
 .text.HAL_UART_Transmit
                0x080022cc      0x116 ./Drivers/STM32F4xx_HAL_Driver/Src/stm32f4xx_hal_uart.o
                0x080022cc                HAL_UART_Transmit
 .text.UART_WaitOnFlagUntilTimeout
                0x080023e2       0xb2 ./Drivers/STM32F4xx_HAL_Driver/Src/stm32f4xx_hal_uart.o
 .text.UART_EndRxTransfer
                0x08002494       0xc6 ./Drivers/STM32F4xx_HAL_Driver/Src/stm32f4xx_hal_uart.o
 *fill*         0x0800255a        0x2 
 .text.UART_SetConfig
                0x0800255c      0x4e8 ./Drivers/STM32F4xx_HAL_Driver/Src/stm32f4xx_hal_uart.o
 .text.memset   0x08002a44       0x10 /opt/st/stm32cubeide_1.16.1/plugins/com.st.stm32cube.ide.mcu.externaltools.gnu-tools-for-stm32.12.3.rel1.linux64_1.0.200.202406132123/tools/bin/../lib/gcc/arm-none-eabi/12.3.1/../../../../arm-none-eabi/lib/thumb/v7e-m+fp/hard/libc_nano.a(libc_a-memset.o)
                0x08002a44                memset
 .text.__libc_init_array
                0x08002a54       0x48 /opt/st/stm32cubeide_1.16.1/plugins/com.st.stm32cube.ide.mcu.externaltools.gnu-tools-for-stm32.12.3.rel1.linux64_1.0.200.202406132123/tools/bin/../lib/gcc/arm-none-eabi/12.3.1/../../../../arm-none-eabi/lib/thumb/v7e-m+fp/hard/libc_nano.a(libc_a-init.o)
                0x08002a54                __libc_init_array
 *(.glue_7)
 .glue_7        0x08002a9c        0x0 linker stubs
 *(.glue_7t)
 .glue_7t       0x08002a9c        0x0 linker stubs
 *(.eh_frame)
 .eh_frame      0x08002a9c        0x0 /opt/st/stm32cubeide_1.16.1/plugins/com.st.stm32cube.ide.mcu.externaltools.gnu-tools-for-stm32.12.3.rel1.linux64_1.0.200.202406132123/tools/bin/../lib/gcc/arm-none-eabi/12.3.1/thumb/v7e-m+fp/hard/crtbegin.o
 *(.init)
 .init          0x08002a9c        0x4 /opt/st/stm32cubeide_1.16.1/plugins/com.st.stm32cube.ide.mcu.externaltools.gnu-tools-for-stm32.12.3.rel1.linux64_1.0.200.202406132123/tools/bin/../lib/gcc/arm-none-eabi/12.3.1/thumb/v7e-m+fp/hard/crti.o
                0x08002a9c                _init
 .init          0x08002aa0        0x8 /opt/st/stm32cubeide_1.16.1/plugins/com.st.stm32cube.ide.mcu.externaltools.gnu-tools-for-stm32.12.3.rel1.linux64_1.0.200.202406132123/tools/bin/../lib/gcc/arm-none-eabi/12.3.1/thumb/v7e-m+fp/hard/crtn.o
 *(.fini)
 .fini          0x08002aa8        0x4 /opt/st/stm32cubeide_1.16.1/plugins/com.st.stm32cube.ide.mcu.externaltools.gnu-tools-for-stm32.12.3.rel1.linux64_1.0.200.202406132123/tools/bin/../lib/gcc/arm-none-eabi/12.3.1/thumb/v7e-m+fp/hard/crti.o
                0x08002aa8                _fini
 .fini          0x08002aac        0x8 /opt/st/stm32cubeide_1.16.1/plugins/com.st.stm32cube.ide.mcu.externaltools.gnu-tools-for-stm32.12.3.rel1.linux64_1.0.200.202406132123/tools/bin/../lib/gcc/arm-none-eabi/12.3.1/thumb/v7e-m+fp/hard/crtn.o
                0x08002ab4                        . = ALIGN (0x4)
                0x08002ab4                        _etext = .

.vfp11_veneer   0x08002ab4        0x0
 .vfp11_veneer  0x08002ab4        0x0 linker stubs

.v4_bx          0x08002ab4        0x0
 .v4_bx         0x08002ab4        0x0 linker stubs

.iplt           0x08002ab4        0x0
 .iplt          0x08002ab4        0x0 /opt/st/stm32cubeide_1.16.1/plugins/com.st.stm32cube.ide.mcu.externaltools.gnu-tools-for-stm32.12.3.rel1.linux64_1.0.200.202406132123/tools/bin/../lib/gcc/arm-none-eabi/12.3.1/thumb/v7e-m+fp/hard/crtbegin.o

.rodata         0x08002ab4       0x38
                0x08002ab4                        . = ALIGN (0x4)
 *(.rodata)
 .rodata        0x08002ab4       0x1f ./Core/Src/main.o
 *(.rodata*)
 *fill*         0x08002ad3        0x1 
 .rodata.AHBPrescTable
                0x08002ad4       0x10 ./Core/Src/system_stm32f4xx.o
                0x08002ad4                AHBPrescTable
 .rodata.APBPrescTable
                0x08002ae4        0x8 ./Core/Src/system_stm32f4xx.o
                0x08002ae4                APBPrescTable
                0x08002aec                        . = ALIGN (0x4)

.ARM.extab      0x08002aec        0x0
                0x08002aec                        . = ALIGN (0x4)
 *(.ARM.extab* .gnu.linkonce.armextab.*)
                0x08002aec                        . = ALIGN (0x4)

.ARM            0x08002aec        0x8
                0x08002aec                        . = ALIGN (0x4)
                0x08002aec                        __exidx_start = .
 *(.ARM.exidx*)
 .ARM.exidx     0x08002aec        0x8 /opt/st/stm32cubeide_1.16.1/plugins/com.st.stm32cube.ide.mcu.externaltools.gnu-tools-for-stm32.12.3.rel1.linux64_1.0.200.202406132123/tools/bin/../lib/gcc/arm-none-eabi/12.3.1/thumb/v7e-m+fp/hard/libgcc.a(_udivmoddi4.o)
                0x08002af4                        __exidx_end = .
                0x08002af4                        . = ALIGN (0x4)

.preinit_array  0x08002af4        0x0
                0x08002af4                        . = ALIGN (0x4)
                0x08002af4                        PROVIDE (__preinit_array_start = .)
 *(.preinit_array*)
                0x08002af4                        PROVIDE (__preinit_array_end = .)
                0x08002af4                        . = ALIGN (0x4)

.init_array     0x08002af4        0x4
                0x08002af4                        . = ALIGN (0x4)
                0x08002af4                        PROVIDE (__init_array_start = .)
 *(SORT_BY_NAME(.init_array.*))
 *(.init_array*)
 .init_array    0x08002af4        0x4 /opt/st/stm32cubeide_1.16.1/plugins/com.st.stm32cube.ide.mcu.externaltools.gnu-tools-for-stm32.12.3.rel1.linux64_1.0.200.202406132123/tools/bin/../lib/gcc/arm-none-eabi/12.3.1/thumb/v7e-m+fp/hard/crtbegin.o
                0x08002af8                        PROVIDE (__init_array_end = .)
                0x08002af8                        . = ALIGN (0x4)

.fini_array     0x08002af8        0x4
                0x08002af8                        . = ALIGN (0x4)
                [!provide]                        PROVIDE (__fini_array_start = .)
 *(SORT_BY_NAME(.fini_array.*))
 *(.fini_array*)
 .fini_array    0x08002af8        0x4 /opt/st/stm32cubeide_1.16.1/plugins/com.st.stm32cube.ide.mcu.externaltools.gnu-tools-for-stm32.12.3.rel1.linux64_1.0.200.202406132123/tools/bin/../lib/gcc/arm-none-eabi/12.3.1/thumb/v7e-m+fp/hard/crtbegin.o
                [!provide]                        PROVIDE (__fini_array_end = .)
                0x08002afc                        . = ALIGN (0x4)
                0x08002afc                        _sidata = LOADADDR (.data)

.rel.dyn        0x08002afc        0x0
 .rel.iplt      0x08002afc        0x0 /opt/st/stm32cubeide_1.16.1/plugins/com.st.stm32cube.ide.mcu.externaltools.gnu-tools-for-stm32.12.3.rel1.linux64_1.0.200.202406132123/tools/bin/../lib/gcc/arm-none-eabi/12.3.1/thumb/v7e-m+fp/hard/crtbegin.o

.data           0x20000000        0xc load address 0x08002afc
                0x20000000                        . = ALIGN (0x4)
                0x20000000                        _sdata = .
 *(.data)
 *(.data*)
 .data.SystemCoreClock
                0x20000000        0x4 ./Core/Src/system_stm32f4xx.o
                0x20000000                SystemCoreClock
 .data.uwTickPrio
                0x20000004        0x4 ./Drivers/STM32F4xx_HAL_Driver/Src/stm32f4xx_hal.o
                0x20000004                uwTickPrio
 .data.uwTickFreq
                0x20000008        0x1 ./Drivers/STM32F4xx_HAL_Driver/Src/stm32f4xx_hal.o
                0x20000008                uwTickFreq
 *(.RamFunc)
 *(.RamFunc*)
                0x2000000c                        . = ALIGN (0x4)
 *fill*         0x20000009        0x3 
                0x2000000c                        _edata = .
                0x08002b08                        _siccmram = LOADADDR (.ccmram)

.igot.plt       0x2000000c        0x0 load address 0x08002b08
 .igot.plt      0x2000000c        0x0 /opt/st/stm32cubeide_1.16.1/plugins/com.st.stm32cube.ide.mcu.externaltools.gnu-tools-for-stm32.12.3.rel1.linux64_1.0.200.202406132123/tools/bin/../lib/gcc/arm-none-eabi/12.3.1/thumb/v7e-m+fp/hard/crtbegin.o

.ccmram         0x10000000        0x0 load address 0x08002b08
                0x10000000                        . = ALIGN (0x4)
                0x10000000                        _sccmram = .
 *(.ccmram)
 *(.ccmram*)
                0x10000000                        . = ALIGN (0x4)
                0x10000000                        _eccmram = .
                0x10000000                        . = ALIGN (0x4)

.bss            0x2000000c       0x8c
                0x2000000c                        _sbss = .
                0x2000000c                        __bss_start__ = _sbss
 *(.bss)
 .bss           0x2000000c       0x1c /opt/st/stm32cubeide_1.16.1/plugins/com.st.stm32cube.ide.mcu.externaltools.gnu-tools-for-stm32.12.3.rel1.linux64_1.0.200.202406132123/tools/bin/../lib/gcc/arm-none-eabi/12.3.1/thumb/v7e-m+fp/hard/crtbegin.o
 *(.bss*)
 .bss.Seconds_o.0
                0x20000028        0x1 ./Core/Src/main.o
 *fill*         0x20000029        0x3 
 .bss.hrtc      0x2000002c       0x20 ./Core/Src/rtc.o
                0x2000002c                hrtc
 .bss.huart1    0x2000004c       0x48 ./Core/Src/usart.o
                0x2000004c                huart1
 .bss.uwTick    0x20000094        0x4 ./Drivers/STM32F4xx_HAL_Driver/Src/stm32f4xx_hal.o
                0x20000094                uwTick
 *(COMMON)
                0x20000098                        . = ALIGN (0x4)
                0x20000098                        _ebss = .
                0x20000098                        __bss_end__ = _ebss

._user_heap_stack
                0x20000098      0x600
                0x20000098                        . = ALIGN (0x8)
                [!provide]                        PROVIDE (end = .)
                0x20000098                        PROVIDE (_end = .)
                0x20000298                        . = (. + _Min_Heap_Size)
 *fill*         0x20000098      0x200 
                0x20000698                        . = (. + _Min_Stack_Size)
 *fill*         0x20000298      0x400 
                0x20000698                        . = ALIGN (0x8)

/DISCARD/
 libc.a(*)
 libm.a(*)
 libgcc.a(*)

.ARM.attributes
                0x00000000       0x30
 *(.ARM.attributes)
 .ARM.attributes
                0x00000000       0x22 /opt/st/stm32cubeide_1.16.1/plugins/com.st.stm32cube.ide.mcu.externaltools.gnu-tools-for-stm32.12.3.rel1.linux64_1.0.200.202406132123/tools/bin/../lib/gcc/arm-none-eabi/12.3.1/thumb/v7e-m+fp/hard/crti.o
 .ARM.attributes
                0x00000022       0x34 /opt/st/stm32cubeide_1.16.1/plugins/com.st.stm32cube.ide.mcu.externaltools.gnu-tools-for-stm32.12.3.rel1.linux64_1.0.200.202406132123/tools/bin/../lib/gcc/arm-none-eabi/12.3.1/thumb/v7e-m+fp/hard/crtbegin.o
 .ARM.attributes
                0x00000056       0x34 ./Bsp/board.o
 .ARM.attributes
                0x0000008a       0x34 ./Core/Src/gpio.o
 .ARM.attributes
                0x000000be       0x34 ./Core/Src/main.o
 .ARM.attributes
                0x000000f2       0x34 ./Core/Src/rtc.o
 .ARM.attributes
                0x00000126       0x34 ./Core/Src/stm32f4xx_hal_msp.o
 .ARM.attributes
                0x0000015a       0x34 ./Core/Src/stm32f4xx_it.o
 .ARM.attributes
                0x0000018e       0x34 ./Core/Src/system_stm32f4xx.o
 .ARM.attributes
                0x000001c2       0x34 ./Core/Src/usart.o
 .ARM.attributes
                0x000001f6       0x21 ./Core/Startup/startup_stm32f405rgtx.o
 .ARM.attributes
                0x00000217       0x34 ./Drivers/STM32F4xx_HAL_Driver/Src/stm32f4xx_hal.o
 .ARM.attributes
                0x0000024b       0x34 ./Drivers/STM32F4xx_HAL_Driver/Src/stm32f4xx_hal_cortex.o
 .ARM.attributes
                0x0000027f       0x34 ./Drivers/STM32F4xx_HAL_Driver/Src/stm32f4xx_hal_gpio.o
 .ARM.attributes
                0x000002b3       0x34 ./Drivers/STM32F4xx_HAL_Driver/Src/stm32f4xx_hal_rcc.o
 .ARM.attributes
                0x000002e7       0x34 ./Drivers/STM32F4xx_HAL_Driver/Src/stm32f4xx_hal_rcc_ex.o
 .ARM.attributes
                0x0000031b       0x34 ./Drivers/STM32F4xx_HAL_Driver/Src/stm32f4xx_hal_rtc.o
 .ARM.attributes
                0x0000034f       0x34 ./Drivers/STM32F4xx_HAL_Driver/Src/stm32f4xx_hal_uart.o
 .ARM.attributes
                0x00000383       0x34 /opt/st/stm32cubeide_1.16.1/plugins/com.st.stm32cube.ide.mcu.externaltools.gnu-tools-for-stm32.12.3.rel1.linux64_1.0.200.202406132123/tools/bin/../lib/gcc/arm-none-eabi/12.3.1/../../../../arm-none-eabi/lib/thumb/v7e-m+fp/hard/libc_nano.a(libc_a-memset.o)
 .ARM.attributes
                0x000003b7       0x34 /opt/st/stm32cubeide_1.16.1/plugins/com.st.stm32cube.ide.mcu.externaltools.gnu-tools-for-stm32.12.3.rel1.linux64_1.0.200.202406132123/tools/bin/../lib/gcc/arm-none-eabi/12.3.1/../../../../arm-none-eabi/lib/thumb/v7e-m+fp/hard/libc_nano.a(libc_a-init.o)
 .ARM.attributes
                0x000003eb       0x22 /opt/st/stm32cubeide_1.16.1/plugins/com.st.stm32cube.ide.mcu.externaltools.gnu-tools-for-stm32.12.3.rel1.linux64_1.0.200.202406132123/tools/bin/../lib/gcc/arm-none-eabi/12.3.1/thumb/v7e-m+fp/hard/libgcc.a(_aeabi_uldivmod.o)
 .ARM.attributes
                0x0000040d       0x34 /opt/st/stm32cubeide_1.16.1/plugins/com.st.stm32cube.ide.mcu.externaltools.gnu-tools-for-stm32.12.3.rel1.linux64_1.0.200.202406132123/tools/bin/../lib/gcc/arm-none-eabi/12.3.1/thumb/v7e-m+fp/hard/libgcc.a(_udivmoddi4.o)
 .ARM.attributes
                0x00000441       0x22 /opt/st/stm32cubeide_1.16.1/plugins/com.st.stm32cube.ide.mcu.externaltools.gnu-tools-for-stm32.12.3.rel1.linux64_1.0.200.202406132123/tools/bin/../lib/gcc/arm-none-eabi/12.3.1/thumb/v7e-m+fp/hard/libgcc.a(_dvmd_tls.o)
 .ARM.attributes
                0x00000463       0x22 /opt/st/stm32cubeide_1.16.1/plugins/com.st.stm32cube.ide.mcu.externaltools.gnu-tools-for-stm32.12.3.rel1.linux64_1.0.200.202406132123/tools/bin/../lib/gcc/arm-none-eabi/12.3.1/thumb/v7e-m+fp/hard/crtn.o
OUTPUT(F405_LCD.elf elf32-littlearm)
LOAD linker stubs
LOAD /opt/st/stm32cubeide_1.16.1/plugins/com.st.stm32cube.ide.mcu.externaltools.gnu-tools-for-stm32.12.3.rel1.linux64_1.0.200.202406132123/tools/bin/../lib/gcc/arm-none-eabi/12.3.1/../../../../arm-none-eabi/lib/thumb/v7e-m+fp/hard/libc.a
LOAD /opt/st/stm32cubeide_1.16.1/plugins/com.st.stm32cube.ide.mcu.externaltools.gnu-tools-for-stm32.12.3.rel1.linux64_1.0.200.202406132123/tools/bin/../lib/gcc/arm-none-eabi/12.3.1/../../../../arm-none-eabi/lib/thumb/v7e-m+fp/hard/libm.a
LOAD /opt/st/stm32cubeide_1.16.1/plugins/com.st.stm32cube.ide.mcu.externaltools.gnu-tools-for-stm32.12.3.rel1.linux64_1.0.200.202406132123/tools/bin/../lib/gcc/arm-none-eabi/12.3.1/thumb/v7e-m+fp/hard/libgcc.a

.debug_info     0x00000000     0x9584
 .debug_info    0x00000000      0x4d2 ./Bsp/board.o
 .debug_info    0x000004d2      0x284 ./Core/Src/gpio.o
 .debug_info    0x00000756      0xf0e ./Core/Src/main.o
 .debug_info    0x00001664      0x683 ./Core/Src/rtc.o
 .debug_info    0x00001ce7      0x269 ./Core/Src/stm32f4xx_hal_msp.o
 .debug_info    0x00001f50      0x112 ./Core/Src/stm32f4xx_it.o
 .debug_info    0x00002062      0x512 ./Core/Src/system_stm32f4xx.o
 .debug_info    0x00002574      0x91d ./Core/Src/usart.o
 .debug_info    0x00002e91       0x30 ./Core/Startup/startup_stm32f405rgtx.o
 .debug_info    0x00002ec1      0x932 ./Drivers/STM32F4xx_HAL_Driver/Src/stm32f4xx_hal.o
 .debug_info    0x000037f3      0xd7a ./Drivers/STM32F4xx_HAL_Driver/Src/stm32f4xx_hal_cortex.o
 .debug_info    0x0000456d      0x6c3 ./Drivers/STM32F4xx_HAL_Driver/Src/stm32f4xx_hal_gpio.o
 .debug_info    0x00004c30      0x8af ./Drivers/STM32F4xx_HAL_Driver/Src/stm32f4xx_hal_rcc.o
 .debug_info    0x000054df      0x536 ./Drivers/STM32F4xx_HAL_Driver/Src/stm32f4xx_hal_rcc_ex.o
 .debug_info    0x00005a15      0xc20 ./Drivers/STM32F4xx_HAL_Driver/Src/stm32f4xx_hal_rtc.o
 .debug_info    0x00006635     0x2f4f ./Drivers/STM32F4xx_HAL_Driver/Src/stm32f4xx_hal_uart.o

.debug_abbrev   0x00000000     0x1b6b
 .debug_abbrev  0x00000000      0x1c2 ./Bsp/board.o
 .debug_abbrev  0x000001c2       0xd8 ./Core/Src/gpio.o
 .debug_abbrev  0x0000029a      0x24e ./Core/Src/main.o
 .debug_abbrev  0x000004e8      0x199 ./Core/Src/rtc.o
 .debug_abbrev  0x00000681       0xd8 ./Core/Src/stm32f4xx_hal_msp.o
 .debug_abbrev  0x00000759       0x73 ./Core/Src/stm32f4xx_it.o
 .debug_abbrev  0x000007cc      0x11a ./Core/Src/system_stm32f4xx.o
 .debug_abbrev  0x000008e6      0x1f9 ./Core/Src/usart.o
 .debug_abbrev  0x00000adf       0x24 ./Core/Startup/startup_stm32f405rgtx.o
 .debug_abbrev  0x00000b03      0x214 ./Drivers/STM32F4xx_HAL_Driver/Src/stm32f4xx_hal.o
 .debug_abbrev  0x00000d17      0x31d ./Drivers/STM32F4xx_HAL_Driver/Src/stm32f4xx_hal_cortex.o
 .debug_abbrev  0x00001034      0x1d4 ./Drivers/STM32F4xx_HAL_Driver/Src/stm32f4xx_hal_gpio.o
 .debug_abbrev  0x00001208      0x2b7 ./Drivers/STM32F4xx_HAL_Driver/Src/stm32f4xx_hal_rcc.o
 .debug_abbrev  0x000014bf      0x1b0 ./Drivers/STM32F4xx_HAL_Driver/Src/stm32f4xx_hal_rcc_ex.o
 .debug_abbrev  0x0000166f      0x1ee ./Drivers/STM32F4xx_HAL_Driver/Src/stm32f4xx_hal_rtc.o
 .debug_abbrev  0x0000185d      0x30e ./Drivers/STM32F4xx_HAL_Driver/Src/stm32f4xx_hal_uart.o

.debug_aranges  0x00000000      0x810
 .debug_aranges
                0x00000000       0x50 ./Bsp/board.o
 .debug_aranges
                0x00000050       0x20 ./Core/Src/gpio.o
 .debug_aranges
                0x00000070       0x38 ./Core/Src/main.o
 .debug_aranges
                0x000000a8       0x30 ./Core/Src/rtc.o
 .debug_aranges
                0x000000d8       0x20 ./Core/Src/stm32f4xx_hal_msp.o
 .debug_aranges
                0x000000f8       0x60 ./Core/Src/stm32f4xx_it.o
 .debug_aranges
                0x00000158       0x28 ./Core/Src/system_stm32f4xx.o
 .debug_aranges
                0x00000180       0x30 ./Core/Src/usart.o
 .debug_aranges
                0x000001b0       0x28 ./Core/Startup/startup_stm32f405rgtx.o
 .debug_aranges
                0x000001d8       0xf0 ./Drivers/STM32F4xx_HAL_Driver/Src/stm32f4xx_hal.o
 .debug_aranges
                0x000002c8      0x130 ./Drivers/STM32F4xx_HAL_Driver/Src/stm32f4xx_hal_cortex.o
 .debug_aranges
                0x000003f8       0x58 ./Drivers/STM32F4xx_HAL_Driver/Src/stm32f4xx_hal_gpio.o
 .debug_aranges
                0x00000450       0x88 ./Drivers/STM32F4xx_HAL_Driver/Src/stm32f4xx_hal_rcc.o
 .debug_aranges
                0x000004d8       0x48 ./Drivers/STM32F4xx_HAL_Driver/Src/stm32f4xx_hal_rcc_ex.o
 .debug_aranges
                0x00000520       0xe8 ./Drivers/STM32F4xx_HAL_Driver/Src/stm32f4xx_hal_rtc.o
 .debug_aranges
                0x00000608      0x208 ./Drivers/STM32F4xx_HAL_Driver/Src/stm32f4xx_hal_uart.o

.debug_rnglists
                0x00000000      0x613
 .debug_rnglists
                0x00000000       0x37 ./Bsp/board.o
 .debug_rnglists
                0x00000037       0x13 ./Core/Src/gpio.o
 .debug_rnglists
                0x0000004a       0x27 ./Core/Src/main.o
 .debug_rnglists
                0x00000071       0x20 ./Core/Src/rtc.o
 .debug_rnglists
                0x00000091       0x13 ./Core/Src/stm32f4xx_hal_msp.o
 .debug_rnglists
                0x000000a4       0x43 ./Core/Src/stm32f4xx_it.o
 .debug_rnglists
                0x000000e7       0x1a ./Core/Src/system_stm32f4xx.o
 .debug_rnglists
                0x00000101       0x20 ./Core/Src/usart.o
 .debug_rnglists
                0x00000121       0x19 ./Core/Startup/startup_stm32f405rgtx.o
 .debug_rnglists
                0x0000013a       0xaf ./Drivers/STM32F4xx_HAL_Driver/Src/stm32f4xx_hal.o
 .debug_rnglists
                0x000001e9       0xe0 ./Drivers/STM32F4xx_HAL_Driver/Src/stm32f4xx_hal_cortex.o
 .debug_rnglists
                0x000002c9       0x3f ./Drivers/STM32F4xx_HAL_Driver/Src/stm32f4xx_hal_gpio.o
 .debug_rnglists
                0x00000308       0x66 ./Drivers/STM32F4xx_HAL_Driver/Src/stm32f4xx_hal_rcc.o
 .debug_rnglists
                0x0000036e       0x35 ./Drivers/STM32F4xx_HAL_Driver/Src/stm32f4xx_hal_rcc_ex.o
 .debug_rnglists
                0x000003a3       0xb4 ./Drivers/STM32F4xx_HAL_Driver/Src/stm32f4xx_hal_rtc.o
 .debug_rnglists
                0x00000457      0x1bc ./Drivers/STM32F4xx_HAL_Driver/Src/stm32f4xx_hal_uart.o

.debug_macro    0x00000000    0x1f4ca
 .debug_macro   0x00000000      0x1ec ./Bsp/board.o
 .debug_macro   0x000001ec      0xab4 ./Bsp/board.o
 .debug_macro   0x00000ca0      0x29b ./Bsp/board.o
 .debug_macro   0x00000f3b       0x2e ./Bsp/board.o
 .debug_macro   0x00000f69       0x2f ./Bsp/board.o
 .debug_macro   0x00000f98       0x22 ./Bsp/board.o
 .debug_macro   0x00000fba       0x8e ./Bsp/board.o
 .debug_macro   0x00001048       0x51 ./Bsp/board.o
 .debug_macro   0x00001099      0x103 ./Bsp/board.o
 .debug_macro   0x0000119c       0x6a ./Bsp/board.o
 .debug_macro   0x00001206      0x1df ./Bsp/board.o
 .debug_macro   0x000013e5       0x1c ./Bsp/board.o
 .debug_macro   0x00001401       0x22 ./Bsp/board.o
 .debug_macro   0x00001423       0xfb ./Bsp/board.o
 .debug_macro   0x0000151e     0x1011 ./Bsp/board.o
 .debug_macro   0x0000252f      0x11f ./Bsp/board.o
 .debug_macro   0x0000264e    0x1426d ./Bsp/board.o
 .debug_macro   0x000168bb       0x6d ./Bsp/board.o
 .debug_macro   0x00016928     0x369a ./Bsp/board.o
 .debug_macro   0x00019fc2      0x189 ./Bsp/board.o
 .debug_macro   0x0001a14b       0x5c ./Bsp/board.o
 .debug_macro   0x0001a1a7      0x8bc ./Bsp/board.o
 .debug_macro   0x0001aa63      0x9e9 ./Bsp/board.o
 .debug_macro   0x0001b44c      0x115 ./Bsp/board.o
 .debug_macro   0x0001b561      0x130 ./Bsp/board.o
 .debug_macro   0x0001b691       0xa5 ./Bsp/board.o
 .debug_macro   0x0001b736      0x174 ./Bsp/board.o
 .debug_macro   0x0001b8aa      0x287 ./Bsp/board.o
 .debug_macro   0x0001bb31       0x5f ./Bsp/board.o
 .debug_macro   0x0001bb90      0x236 ./Bsp/board.o
 .debug_macro   0x0001bdc6      0x12c ./Bsp/board.o
 .debug_macro   0x0001bef2      0x21e ./Bsp/board.o
 .debug_macro   0x0001c110       0x2e ./Bsp/board.o
 .debug_macro   0x0001c13e      0x127 ./Bsp/board.o
 .debug_macro   0x0001c265       0x7e ./Bsp/board.o
 .debug_macro   0x0001c2e3       0x89 ./Bsp/board.o
 .debug_macro   0x0001c36c      0x30c ./Bsp/board.o
 .debug_macro   0x0001c678      0x44b ./Bsp/board.o
 .debug_macro   0x0001cac3       0xeb ./Bsp/board.o
 .debug_macro   0x0001cbae      0x2aa ./Bsp/board.o
 .debug_macro   0x0001ce58      0x12d ./Bsp/board.o
 .debug_macro   0x0001cf85       0x3a ./Bsp/board.o
 .debug_macro   0x0001cfbf      0x1e7 ./Core/Src/gpio.o
 .debug_macro   0x0001d1a6      0x2e0 ./Core/Src/main.o
 .debug_macro   0x0001d486       0x40 ./Core/Src/main.o
 .debug_macro   0x0001d4c6       0x61 ./Core/Src/main.o
 .debug_macro   0x0001d527       0x2a ./Core/Src/main.o
 .debug_macro   0x0001d551       0x43 ./Core/Src/main.o
 .debug_macro   0x0001d594       0x34 ./Core/Src/main.o
 .debug_macro   0x0001d5c8       0x16 ./Core/Src/main.o
 .debug_macro   0x0001d5de       0x35 ./Core/Src/main.o
 .debug_macro   0x0001d613      0x369 ./Core/Src/main.o
 .debug_macro   0x0001d97c       0x10 ./Core/Src/main.o
 .debug_macro   0x0001d98c       0x16 ./Core/Src/main.o
 .debug_macro   0x0001d9a2       0x43 ./Core/Src/main.o
 .debug_macro   0x0001d9e5       0x34 ./Core/Src/main.o
 .debug_macro   0x0001da19       0x10 ./Core/Src/main.o
 .debug_macro   0x0001da29       0x58 ./Core/Src/main.o
 .debug_macro   0x0001da81       0x8e ./Core/Src/main.o
 .debug_macro   0x0001db0f       0x1c ./Core/Src/main.o
 .debug_macro   0x0001db2b      0x177 ./Core/Src/main.o
 .debug_macro   0x0001dca2       0x16 ./Core/Src/main.o
 .debug_macro   0x0001dcb8       0x16 ./Core/Src/main.o
 .debug_macro   0x0001dcce      0x146 ./Core/Src/main.o
 .debug_macro   0x0001de14      0x1e7 ./Core/Src/rtc.o
 .debug_macro   0x0001dffb      0x1dd ./Core/Src/stm32f4xx_hal_msp.o
 .debug_macro   0x0001e1d8      0x1e7 ./Core/Src/stm32f4xx_it.o
 .debug_macro   0x0001e3bf      0x1d3 ./Core/Src/system_stm32f4xx.o
 .debug_macro   0x0001e592      0x1e7 ./Core/Src/usart.o
 .debug_macro   0x0001e779      0x233 ./Drivers/STM32F4xx_HAL_Driver/Src/stm32f4xx_hal.o
 .debug_macro   0x0001e9ac      0x1d3 ./Drivers/STM32F4xx_HAL_Driver/Src/stm32f4xx_hal_cortex.o
 .debug_macro   0x0001eb7f      0x1d9 ./Drivers/STM32F4xx_HAL_Driver/Src/stm32f4xx_hal_gpio.o
 .debug_macro   0x0001ed58      0x1f7 ./Drivers/STM32F4xx_HAL_Driver/Src/stm32f4xx_hal_rcc.o
 .debug_macro   0x0001ef4f      0x1d3 ./Drivers/STM32F4xx_HAL_Driver/Src/stm32f4xx_hal_rcc_ex.o
 .debug_macro   0x0001f122      0x1d4 ./Drivers/STM32F4xx_HAL_Driver/Src/stm32f4xx_hal_rtc.o
 .debug_macro   0x0001f2f6      0x1d4 ./Drivers/STM32F4xx_HAL_Driver/Src/stm32f4xx_hal_uart.o

.debug_line     0x00000000     0xaace
 .debug_line    0x00000000      0x751 ./Bsp/board.o
 .debug_line    0x00000751      0x691 ./Core/Src/gpio.o
 .debug_line    0x00000de2      0x8fa ./Core/Src/main.o
 .debug_line    0x000016dc      0x721 ./Core/Src/rtc.o
 .debug_line    0x00001dfd      0x694 ./Core/Src/stm32f4xx_hal_msp.o
 .debug_line    0x00002491      0x756 ./Core/Src/stm32f4xx_it.o
 .debug_line    0x00002be7      0x718 ./Core/Src/system_stm32f4xx.o
 .debug_line    0x000032ff      0x6fd ./Core/Src/usart.o
 .debug_line    0x000039fc       0x7a ./Core/Startup/startup_stm32f405rgtx.o
 .debug_line    0x00003a76      0x981 ./Drivers/STM32F4xx_HAL_Driver/Src/stm32f4xx_hal.o
 .debug_line    0x000043f7      0xc73 ./Drivers/STM32F4xx_HAL_Driver/Src/stm32f4xx_hal_cortex.o
 .debug_line    0x0000506a      0xb0d ./Drivers/STM32F4xx_HAL_Driver/Src/stm32f4xx_hal_gpio.o
 .debug_line    0x00005b77      0xd0a ./Drivers/STM32F4xx_HAL_Driver/Src/stm32f4xx_hal_rcc.o
 .debug_line    0x00006881      0x995 ./Drivers/STM32F4xx_HAL_Driver/Src/stm32f4xx_hal_rcc_ex.o
 .debug_line    0x00007216     0x1065 ./Drivers/STM32F4xx_HAL_Driver/Src/stm32f4xx_hal_rtc.o
 .debug_line    0x0000827b     0x2853 ./Drivers/STM32F4xx_HAL_Driver/Src/stm32f4xx_hal_uart.o

.debug_str      0x00000000    0xbd8f1
 .debug_str     0x00000000    0xb7a13 ./Bsp/board.o
                              0xb7ca6 (size before relaxing)
 .debug_str     0x000b7a13       0x2c ./Core/Src/gpio.o
                              0xb7a1e (size before relaxing)
 .debug_str     0x000b7a3f     0x3fba ./Core/Src/main.o
                              0xbbbe0 (size before relaxing)
 .debug_str     0x000bb9f9      0x10b ./Core/Src/rtc.o
                              0xb7d21 (size before relaxing)
 .debug_str     0x000bbb04       0x2c ./Core/Src/stm32f4xx_hal_msp.o
                              0xb7a1e (size before relaxing)
 .debug_str     0x000bbb30       0xc9 ./Core/Src/stm32f4xx_it.o
                              0xb79a4 (size before relaxing)
 .debug_str     0x000bbbf9       0xdb ./Core/Src/system_stm32f4xx.o
                              0xb7ace (size before relaxing)
 .debug_str     0x000bbcd4       0x61 ./Core/Src/usart.o
                              0xb7fa6 (size before relaxing)
 .debug_str     0x000bbd35       0x44 ./Core/Startup/startup_stm32f405rgtx.o
                                 0x78 (size before relaxing)
 .debug_str     0x000bbd79      0xada ./Drivers/STM32F4xx_HAL_Driver/Src/stm32f4xx_hal.o
                              0xb8631 (size before relaxing)
 .debug_str     0x000bc853      0x38d ./Drivers/STM32F4xx_HAL_Driver/Src/stm32f4xx_hal_cortex.o
                              0xb83ad (size before relaxing)
 .debug_str     0x000bcbe0       0xfd ./Drivers/STM32F4xx_HAL_Driver/Src/stm32f4xx_hal_gpio.o
                              0xb7c49 (size before relaxing)
 .debug_str     0x000bccdd      0x233 ./Drivers/STM32F4xx_HAL_Driver/Src/stm32f4xx_hal_rcc.o
                              0xb7f02 (size before relaxing)
 .debug_str     0x000bcf10       0xf9 ./Drivers/STM32F4xx_HAL_Driver/Src/stm32f4xx_hal_rcc_ex.o
                              0xb7c20 (size before relaxing)
 .debug_str     0x000bd009      0x28b ./Drivers/STM32F4xx_HAL_Driver/Src/stm32f4xx_hal_rtc.o
                              0xb7f3d (size before relaxing)
 .debug_str     0x000bd294      0x65d ./Drivers/STM32F4xx_HAL_Driver/Src/stm32f4xx_hal_uart.o
                              0xb84e3 (size before relaxing)

.comment        0x00000000       0x43
 .comment       0x00000000       0x43 ./Bsp/board.o
                                 0x44 (size before relaxing)
 .comment       0x00000043       0x44 ./Core/Src/gpio.o
 .comment       0x00000043       0x44 ./Core/Src/main.o
 .comment       0x00000043       0x44 ./Core/Src/rtc.o
 .comment       0x00000043       0x44 ./Core/Src/stm32f4xx_hal_msp.o
 .comment       0x00000043       0x44 ./Core/Src/stm32f4xx_it.o
 .comment       0x00000043       0x44 ./Core/Src/system_stm32f4xx.o
 .comment       0x00000043       0x44 ./Core/Src/usart.o
 .comment       0x00000043       0x44 ./Drivers/STM32F4xx_HAL_Driver/Src/stm32f4xx_hal.o
 .comment       0x00000043       0x44 ./Drivers/STM32F4xx_HAL_Driver/Src/stm32f4xx_hal_cortex.o
 .comment       0x00000043       0x44 ./Drivers/STM32F4xx_HAL_Driver/Src/stm32f4xx_hal_gpio.o
 .comment       0x00000043       0x44 ./Drivers/STM32F4xx_HAL_Driver/Src/stm32f4xx_hal_rcc.o
 .comment       0x00000043       0x44 ./Drivers/STM32F4xx_HAL_Driver/Src/stm32f4xx_hal_rcc_ex.o
 .comment       0x00000043       0x44 ./Drivers/STM32F4xx_HAL_Driver/Src/stm32f4xx_hal_rtc.o
 .comment       0x00000043       0x44 ./Drivers/STM32F4xx_HAL_Driver/Src/stm32f4xx_hal_uart.o

.debug_frame    0x00000000     0x1ee8
 .debug_frame   0x00000000       0xf4 ./Bsp/board.o
 .debug_frame   0x000000f4       0x38 ./Core/Src/gpio.o
 .debug_frame   0x0000012c       0x94 ./Core/Src/main.o
 .debug_frame   0x000001c0       0x80 ./Core/Src/rtc.o
 .debug_frame   0x00000240       0x38 ./Core/Src/stm32f4xx_hal_msp.o
 .debug_frame   0x00000278      0x104 ./Core/Src/stm32f4xx_it.o
 .debug_frame   0x0000037c       0x58 ./Core/Src/system_stm32f4xx.o
 .debug_frame   0x000003d4       0x74 ./Core/Src/usart.o
 .debug_frame   0x00000448      0x374 ./Drivers/STM32F4xx_HAL_Driver/Src/stm32f4xx_hal.o
 .debug_frame   0x000007bc      0x508 ./Drivers/STM32F4xx_HAL_Driver/Src/stm32f4xx_hal_cortex.o
 .debug_frame   0x00000cc4      0x14c ./Drivers/STM32F4xx_HAL_Driver/Src/stm32f4xx_hal_gpio.o
 .debug_frame   0x00000e10      0x1f4 ./Drivers/STM32F4xx_HAL_Driver/Src/stm32f4xx_hal_rcc.o
 .debug_frame   0x00001004       0xf0 ./Drivers/STM32F4xx_HAL_Driver/Src/stm32f4xx_hal_rcc_ex.o
 .debug_frame   0x000010f4      0x3f4 ./Drivers/STM32F4xx_HAL_Driver/Src/stm32f4xx_hal_rtc.o
 .debug_frame   0x000014e8      0x954 ./Drivers/STM32F4xx_HAL_Driver/Src/stm32f4xx_hal_uart.o
 .debug_frame   0x00001e3c       0x20 /opt/st/stm32cubeide_1.16.1/plugins/com.st.stm32cube.ide.mcu.externaltools.gnu-tools-for-stm32.12.3.rel1.linux64_1.0.200.202406132123/tools/bin/../lib/gcc/arm-none-eabi/12.3.1/../../../../arm-none-eabi/lib/thumb/v7e-m+fp/hard/libc_nano.a(libc_a-memset.o)
 .debug_frame   0x00001e5c       0x2c /opt/st/stm32cubeide_1.16.1/plugins/com.st.stm32cube.ide.mcu.externaltools.gnu-tools-for-stm32.12.3.rel1.linux64_1.0.200.202406132123/tools/bin/../lib/gcc/arm-none-eabi/12.3.1/../../../../arm-none-eabi/lib/thumb/v7e-m+fp/hard/libc_nano.a(libc_a-init.o)
 .debug_frame   0x00001e88       0x2c /opt/st/stm32cubeide_1.16.1/plugins/com.st.stm32cube.ide.mcu.externaltools.gnu-tools-for-stm32.12.3.rel1.linux64_1.0.200.202406132123/tools/bin/../lib/gcc/arm-none-eabi/12.3.1/thumb/v7e-m+fp/hard/libgcc.a(_aeabi_uldivmod.o)
 .debug_frame   0x00001eb4       0x34 /opt/st/stm32cubeide_1.16.1/plugins/com.st.stm32cube.ide.mcu.externaltools.gnu-tools-for-stm32.12.3.rel1.linux64_1.0.200.202406132123/tools/bin/../lib/gcc/arm-none-eabi/12.3.1/thumb/v7e-m+fp/hard/libgcc.a(_udivmoddi4.o)

.debug_line_str
                0x00000000       0x5c
 .debug_line_str
                0x00000000       0x5c ./Core/Startup/startup_stm32f405rgtx.o
