14:47:39 **** Incremental Build of configuration Debug for project Bootloader ****
make -j16 all 
arm-none-eabi-gcc "../Core/Src/main.c" -mcpu=cortex-m3 -std=gnu11 -g3 -DDEBUG -DUSE_HAL_DRIVER -DSTM32F103xB -c -I../Core/Inc -I../Drivers/STM32F1xx_HAL_Driver/Inc/Legacy -I../Drivers/STM32F1xx_HAL_Driver/Inc -I../Drivers/CMSIS/Device/ST/STM32F1xx/Include -I../Drivers/CMSIS/Include -O0 -ffunction-sections -fdata-sections -Wall -fstack-usage -MMD -MP -MF"Core/Src/main.d" -MT"Core/Src/main.o" --specs=nano.specs -mfloat-abi=soft -mthumb -o "Core/Src/main.o"
Core/Src/subdir.mk:34: warning: pattern recipe did not update peer target 'Core/Src/main.cyclo'.
arm-none-eabi-gcc -o "Bootloader.elf" @"objects.list"   -mcpu=cortex-m3 -T"/home/taowang/workspace/STM32CubeIDE/Bootloader/STM32F103C8TX_FLASH.ld" --specs=nosys.specs -Wl,-Map="Bootloader.map" -Wl,--gc-sections -static --specs=nano.specs -mfloat-abi=soft -mthumb -Wl,--start-group -lc -lm -Wl,--end-group
Finished building target: Bootloader.elf
 
arm-none-eabi-size  Bootloader.elf 
arm-none-eabi-objdump -h -S Bootloader.elf  > "Bootloader.list"
arm-none-eabi-objcopy  -O binary Bootloader.elf  "Bootloader.bin"
   text	   data	    bss	    dec	    hex	filename
  10496	    108	   1980	  12584	   3128	Bootloader.elf
Finished building: default.size.stdout
 
Finished building: Bootloader.bin
 
Finished building: Bootloader.list
 

14:47:40 Build Finished. 0 errors, 1 warnings. (took 437ms)

